Archive member included because of file (symbol)

d:/atmel7/7.0/toolchain/avr32/avr32-gnu-toolchain/bin/../lib/gcc/avr32/4.4.7/ucr2\libgcc.a(_avr32_f64_mul.o)
                              demo/common/minimal/flop.o (__avr32_f64_mul)
d:/atmel7/7.0/toolchain/avr32/avr32-gnu-toolchain/bin/../lib/gcc/avr32/4.4.7/ucr2\libgcc.a(_avr32_f64_addsub.o)
                              demo/common/minimal/flop.o (__avr32_f64_sub)
d:/atmel7/7.0/toolchain/avr32/avr32-gnu-toolchain/bin/../lib/gcc/avr32/4.4.7/ucr2\libgcc.a(_avr32_s32_to_f64.o)
                              demo/common/minimal/flop.o (__avr32_u32_to_f64)
d:/atmel7/7.0/toolchain/avr32/avr32-gnu-toolchain/bin/../lib/gcc/avr32/4.4.7/ucr2\libgcc.a(_avr32_f64_cmp_lt.o)
                              demo/common/minimal/flop.o (__avr32_f64_cmp_lt)
d:/atmel7/7.0/toolchain/avr32/avr32-gnu-toolchain/bin/../lib/gcc/avr32/4.4.7/ucr2\libgcc.a(_avr32_f32_cmp_ge.o)
                              src/et024006dhu_example.o (__avr32_f32_cmp_ge)
d:/atmel7/7.0/toolchain/avr32/avr32-gnu-toolchain/bin/../lib/gcc/avr32/4.4.7/ucr2\libgcc.a(_avr32_f64_div.o)
                              demo/common/minimal/flop.o (__avr32_f64_div)
d:/atmel7/7.0/toolchain/avr32/avr32-gnu-toolchain/bin/../lib/gcc/avr32/4.4.7/ucr2\libgcc.a(_avr32_f32_div.o)
                              src/et024006dhu_example.o (__avr32_f32_div)
d:/atmel7/7.0/toolchain/avr32/avr32-gnu-toolchain/bin/../lib/gcc/avr32/4.4.7/ucr2\libgcc.a(_avr32_f32_mul.o)
                              src/et024006dhu_example.o (__avr32_f32_mul)
d:/atmel7/7.0/toolchain/avr32/avr32-gnu-toolchain/bin/../lib/gcc/avr32/4.4.7/ucr2\libgcc.a(_avr32_s32_to_f32.o)
                              src/et024006dhu_example.o (__avr32_s32_to_f32)
d:/atmel7/7.0/toolchain/avr32/avr32-gnu-toolchain/bin/../lib/gcc/avr32/4.4.7/ucr2\libgcc.a(_avr32_f32_to_u32.o)
                              src/et024006dhu_example.o (__avr32_f32_to_u32)
d:/atmel7/7.0/toolchain/avr32/avr32-gnu-toolchain/bin/../lib/gcc/avr32/4.4.7/ucr2\libgcc.a(_udivdi3.o)
                              src/ASF/avr32/components/display/et024006dhu/et024006dhu.o (__avr32_udiv64)
d:/atmel7/7.0/toolchain/avr32/avr32-gnu-toolchain/bin/../lib/gcc/avr32/4.4.7/../../../../avr32/lib/ucr2\libc.a(lib_a-malloc.o)
                              FreeRTOS/source/portable/memmang/heap_3.o (free)
d:/atmel7/7.0/toolchain/avr32/avr32-gnu-toolchain/bin/../lib/gcc/avr32/4.4.7/../../../../avr32/lib/ucr2\libc.a(lib_a-mallocr.o)
                              d:/atmel7/7.0/toolchain/avr32/avr32-gnu-toolchain/bin/../lib/gcc/avr32/4.4.7/../../../../avr32/lib/ucr2\libc.a(lib_a-malloc.o) (_malloc_r)
d:/atmel7/7.0/toolchain/avr32/avr32-gnu-toolchain/bin/../lib/gcc/avr32/4.4.7/../../../../avr32/lib/ucr2\libc.a(lib_a-memcpy.o)
                              src/ASF/avr32/drivers/flashc/flashc.o (memcpy)
d:/atmel7/7.0/toolchain/avr32/avr32-gnu-toolchain/bin/../lib/gcc/avr32/4.4.7/../../../../avr32/lib/ucr2\libc.a(lib_a-memset.o)
                              FreeRTOS/source/tasks.o (memset)
d:/atmel7/7.0/toolchain/avr32/avr32-gnu-toolchain/bin/../lib/gcc/avr32/4.4.7/../../../../avr32/lib/ucr2\libc.a(lib_a-realloc.o)
                              FreeRTOS/source/portable/gcc/avr32_uc3/port.o (realloc)
d:/atmel7/7.0/toolchain/avr32/avr32-gnu-toolchain/bin/../lib/gcc/avr32/4.4.7/../../../../avr32/lib/ucr2\libc.a(lib_a-reallocr.o)
                              d:/atmel7/7.0/toolchain/avr32/avr32-gnu-toolchain/bin/../lib/gcc/avr32/4.4.7/../../../../avr32/lib/ucr2\libc.a(lib_a-realloc.o) (_realloc_r)
d:/atmel7/7.0/toolchain/avr32/avr32-gnu-toolchain/bin/../lib/gcc/avr32/4.4.7/../../../../avr32/lib/ucr2\libc.a(lib_a-sbrkr.o)
                              d:/atmel7/7.0/toolchain/avr32/avr32-gnu-toolchain/bin/../lib/gcc/avr32/4.4.7/../../../../avr32/lib/ucr2\libc.a(lib_a-mallocr.o) (_sbrk_r)
d:/atmel7/7.0/toolchain/avr32/avr32-gnu-toolchain/bin/../lib/gcc/avr32/4.4.7/../../../../avr32/lib/ucr2\libc.a(lib_a-sprintf.o)
                              src/et024006dhu_example.o (sprintf)
d:/atmel7/7.0/toolchain/avr32/avr32-gnu-toolchain/bin/../lib/gcc/avr32/4.4.7/../../../../avr32/lib/ucr2\libc.a(lib_a-strncpy.o)
                              FreeRTOS/source/tasks.o (strncpy)
d:/atmel7/7.0/toolchain/avr32/avr32-gnu-toolchain/bin/../lib/gcc/avr32/4.4.7/../../../../avr32/lib/ucr2\libc.a(lib_a-syscalls.o)
                              d:/atmel7/7.0/toolchain/avr32/avr32-gnu-toolchain/bin/../lib/gcc/avr32/4.4.7/../../../../avr32/lib/ucr2\libc.a(lib_a-sbrkr.o) (_sbrk)
d:/atmel7/7.0/toolchain/avr32/avr32-gnu-toolchain/bin/../lib/gcc/avr32/4.4.7/../../../../avr32/lib/ucr2\libc.a(lib_a-vfprintf.o)
                              d:/atmel7/7.0/toolchain/avr32/avr32-gnu-toolchain/bin/../lib/gcc/avr32/4.4.7/../../../../avr32/lib/ucr2\libc.a(lib_a-sprintf.o) (_vfprintf_r)
d:/atmel7/7.0/toolchain/avr32/avr32-gnu-toolchain/bin/../lib/gcc/avr32/4.4.7/../../../../avr32/lib/ucr2\libc.a(lib_a-wsetup.o)
[...]
Memory Configuration

Name             Origin             Length             Attributes
FLASH            0x80000000         0x00080000         axrl !w
INTRAM           0x00000004         0x0000fffc         axw !rl
USERPAGE         0x80800000         0x00000200
*default*        0x00000000         0xffffffff

Linker script and memory map

                0x00001000                _stack_size = 0x1000
LOAD demo/common/minimal/AltBlckQ.o
LOAD demo/common/minimal/AltBlock.o
LOAD demo/common/minimal/AltPollQ.o
LOAD demo/common/minimal/AltQTest.o
LOAD demo/common/minimal/BlockQ.o
LOAD demo/common/minimal/blocktim.o
LOAD demo/common/minimal/comtest.o
LOAD demo/common/minimal/countsem.o
LOAD demo/common/minimal/crflash.o
LOAD demo/common/minimal/crhook.o
LOAD demo/common/minimal/death.o
LOAD demo/common/minimal/dynamic.o
LOAD demo/common/minimal/flash.o
LOAD demo/common/minimal/flop.o
LOAD demo/common/minimal/GenQTest.o
LOAD demo/common/minimal/integer.o
LOAD demo/common/minimal/PollQ.o
LOAD demo/common/minimal/QPeek.o
LOAD demo/common/minimal/recmutex.o
LOAD demo/common/minimal/semtest.o
LOAD src/ASF/avr32/components/memory/sd_mmc/sd_mmc_spi/sd_mmc_spi.o
LOAD src/ASF/avr32/components/memory/sd_mmc/sd_mmc_spi/sd_mmc_spi_mem.o
LOAD src/ASF/avr32/drivers/eic/eic.o
LOAD src/ASF/avr32/drivers/spi/spi.o
LOAD src/ASF/common/services/storage/ctrl_access/ctrl_access.o
LOAD src/ASF/avr32/boards/evk1105/led.o
LOAD src/ASF/avr32/components/audio/amp/tpa6130a2/tpa6130.o
LOAD src/ASF/avr32/components/display/et024006dhu/et024006dhu.o
LOAD src/ASF/avr32/drivers/abdac/abdac.o
LOAD src/ASF/avr32/drivers/adc/adc.o
LOAD src/ASF/avr32/drivers/ebi/smc/smc.o
LOAD src/ASF/avr32/drivers/flashc/flashc.o
LOAD src/ASF/avr32/drivers/gpio/gpio.o
LOAD src/ASF/avr32/drivers/intc/intc.o
LOAD src/ASF/avr32/drivers/pdca/pdca.o
LOAD src/ASF/avr32/drivers/pm/pm.o
LOAD src/ASF/avr32/drivers/pm/pm_conf_clocks.o
LOAD src/ASF/avr32/drivers/pm/power_clocks_lib.o
LOAD src/ASF/avr32/drivers/pwm/pwm.o
LOAD src/ASF/avr32/drivers/ssc/i2s/ssc_i2s.o
LOAD src/ASF/avr32/drivers/tc/tc.o
LOAD src/ASF/avr32/drivers/twi/twi.o
LOAD src/ASF/avr32/drivers/usart/usart.o
LOAD src/ASF/avr32/utils/debug/print_funcs.o
LOAD src/ASF/avr32/utils/startup/startup_uc3.o
LOAD src/ASF/avr32/utils/startup/trampoline_uc3.o
LOAD src/ASF/common/services/clock/uc3a0_a1/sysclk.o
LOAD src/avr32_logo.o
LOAD src/et024006dhu_example.o
LOAD src/partest/ParTest.o
LOAD src/serial/serial.o
LOAD FreeRTOS/source/croutine.o
LOAD FreeRTOS/source/list.o
LOAD FreeRTOS/source/portable/gcc/avr32_uc3/exception.o
LOAD FreeRTOS/source/portable/gcc/avr32_uc3/port.o
LOAD FreeRTOS/source/portable/gcc/avr32_uc3/read.o
LOAD FreeRTOS/source/portable/gcc/avr32_uc3/write.o
LOAD FreeRTOS/source/portable/memmang/heap_3.o
LOAD FreeRTOS/source/queue.o
LOAD FreeRTOS/source/tasks.o
LOAD FreeRTOS/source/timers.o
START GROUP
LOAD d:/atmel7/7.0/toolchain/avr32/avr32-gnu-toolchain/bin/../lib/gcc/avr32/4.4.7/../../../../avr32/lib/ucr2\libm.a
END GROUP
LOAD d:/atmel7/7.0/toolchain/avr32/avr32-gnu-toolchain/bin/../lib/gcc/avr32/4.4.7/ucr2\libgcc.a
LOAD d:/atmel7/7.0/toolchain/avr32/avr32-gnu-toolchain/bin/../lib/gcc/avr32/4.4.7/../../../../avr32/lib/ucr2\libc.a
LOAD d:/atmel7/7.0/toolchain/avr32/avr32-gnu-toolchain/bin/../lib/gcc/avr32/4.4.7/ucr2\libgcc.a
                0xffffffff                __max_heap_size__ = 0xffffffff
                [0xffffffff]                __heap_size__ = DEFINED (__heap_size__)?__heap_size__:__max_heap_size__
                [0x00001000]                __stack_size__ = DEFINED (__stack_size__)?__stack_size__:0x1000
                0x80000000                PROVIDE (__executable_start, 0x80000000)
                0x80000000                . = 0x80000000

.interp
 *(.interp)

.reset          0x80000000     0x2008
 *(.reset)
 .reset         0x80000000        0x4 src/ASF/avr32/utils/startup/startup_uc3.o
                                  0x8 (size before relaxing)
                0x80000000                _start
 .reset         0x80000004     0x2004 src/ASF/avr32/utils/startup/trampoline_uc3.o
                               0x2008 (size before relaxing)
                0x80000004                _trampoline

.hash
 *(.hash)

.dynsym
 *(.dynsym)

.dynstr
 *(.dynstr)

.gnu.version
 *(.gnu.version)

.gnu.version_d
 *(.gnu.version_d)

.gnu.version_r
 *(.gnu.version_r)

.rel.init
 *(.rel.init)

.rela.init
 *(.rela.init)

.rel.text
 *(.rel.text .rel.text.* .rel.gnu.linkonce.t.*)

.rela.text
 *(.rela.text .rela.text.* .rela.gnu.linkonce.t.*)

.rel.fini
 *(.rel.fini)

.rela.fini
 *(.rela.fini)

.rel.rodata
 *(.rel.rodata .rel.rodata.* .rel.gnu.linkonce.r.*)

.rela.rodata
 *(.rela.rodata .rela.rodata.* .rela.gnu.linkonce.r.*)

.rel.data.rel.ro
 *(.rel.data.rel.ro*)

.rela.data.rel.ro
 *(.rel.data.rel.ro*)

.rel.data
 *(.rel.data .rel.data.* .rel.gnu.linkonce.d.*)

.rela.data
 *(.rela.data .rela.data.* .rela.gnu.linkonce.d.*)

.rel.tdata
 *(.rel.tdata .rel.tdata.* .rel.gnu.linkonce.td.*)

.rela.tdata
 *(.rela.tdata .rela.tdata.* .rela.gnu.linkonce.td.*)

.rel.tbss
 *(.rel.tbss .rel.tbss.* .rel.gnu.linkonce.tb.*)

.rela.tbss
 *(.rela.tbss .rela.tbss.* .rela.gnu.linkonce.tb.*)

.rel.ctors
 *(.rel.ctors)

.rela.ctors
 *(.rela.ctors)

.rel.dtors
 *(.rel.dtors)

.rela.dtors
 *(.rela.dtors)

.rel.got
 *(.rel.got)

.rela.got       0x80002008        0x0
 *(.rela.got)
 .rela.got      0x80002008        0x0 src/ASF/common/services/storage/ctrl_access/ctrl_access.o

.rel.bss
 *(.rel.bss .rel.bss.* .rel.gnu.linkonce.b.*)

.rela.bss
 *(.rela.bss .rela.bss.* .rela.gnu.linkonce.b.*)

.rel.plt
 *(.rel.plt)

.rela.plt
 *(.rela.plt)

.init
 *(.init)

.plt
 *(.plt)

.text           0x80002008     0xa9a0
 *(.text .stub .text.* .gnu.linkonce.t.*)
 .text.sd_mmc_spi_get_capacity
                0x80002008      0x11c src/ASF/avr32/components/memory/sd_mmc/sd_mmc_spi/sd_mmc_spi.o
                0x80002008                sd_mmc_spi_get_capacity
 .text.sd_mmc_spi_write_close
                0x80002124        0x2 src/ASF/avr32/components/memory/sd_mmc/sd_mmc_spi/sd_mmc_spi.o
                0x80002124                sd_mmc_spi_write_close
 *fill*         0x80002126        0x2 d703d703
 .text.sd_mmc_spi_send_and_read
                0x80002128       0x34 src/ASF/avr32/components/memory/sd_mmc/sd_mmc_spi/sd_mmc_spi.o
                0x80002128                sd_mmc_spi_send_and_read
 .text.sd_mmc_spi_wait_not_busy
                0x8000215c       0x58 src/ASF/avr32/components/memory/sd_mmc/sd_mmc_spi/sd_mmc_spi.o
                0x8000215c                sd_mmc_spi_wait_not_busy
 .text.sd_mmc_spi_write_open
                0x800021b4       0x1c src/ASF/avr32/components/memory/sd_mmc/sd_mmc_spi/sd_mmc_spi.o
                0x800021b4                sd_mmc_spi_write_open
 .text.sd_mmc_spi_read_close
                0x800021d0        0xc src/ASF/avr32/components/memory/sd_mmc/sd_mmc_spi/sd_mmc_spi.o
                0x800021d0                sd_mmc_spi_read_close
 .text.sd_mmc_spi_read_open
                0x800021dc       0x1c src/ASF/avr32/components/memory/sd_mmc/sd_mmc_spi/sd_mmc_spi.o
                0x800021dc                sd_mmc_spi_read_open
 .text.sd_mmc_spi_command
                0x800021f8       0xc8 src/ASF/avr32/components/memory/sd_mmc/sd_mmc_spi/sd_mmc_spi.o
                0x800021f8                sd_mmc_spi_command
 .text.sd_mmc_spi_send_command
                0x800022c0       0x40 src/ASF/avr32/components/memory/sd_mmc/sd_mmc_spi/sd_mmc_spi.o
                0x800022c0                sd_mmc_spi_send_command
 .text.sd_mmc_spi_check_presence
                0x80002300       0x7c src/ASF/avr32/components/memory/sd_mmc/sd_mmc_spi/sd_mmc_spi.o
                0x80002300                sd_mmc_spi_check_presence
 .text.sd_mmc_spi_write_sector_from_ram
                0x8000237c      0x160 src/ASF/avr32/components/memory/sd_mmc/sd_mmc_spi/sd_mmc_spi.o
                0x8000237c                sd_mmc_spi_write_sector_from_ram
 .text.sd_mmc_spi_check_hc
                0x800024dc       0x8c src/ASF/avr32/components/memory/sd_mmc/sd_mmc_spi/sd_mmc_spi.o
                0x800024dc                sd_mmc_spi_check_hc
 .text.sd_mmc_spi_get_if
                0x80002568       0xb8 src/ASF/avr32/components/memory/sd_mmc/sd_mmc_spi/sd_mmc_spi.o
                0x80002568                sd_mmc_spi_get_if
 .text.sd_mmc_spi_read_sector_to_ram
                0x80002620      0x164 src/ASF/avr32/components/memory/sd_mmc/sd_mmc_spi/sd_mmc_spi.o
                0x80002620                sd_mmc_spi_read_sector_to_ram
 .text.sd_mmc_spi_get_csd
                0x80002784       0xf4 src/ASF/avr32/components/memory/sd_mmc/sd_mmc_spi/sd_mmc_spi.o
                0x80002784                sd_mmc_spi_get_csd
 .text.sd_mmc_spi_internal_init
                0x80002878      0x2a4 src/ASF/avr32/components/memory/sd_mmc/sd_mmc_spi/sd_mmc_spi.o
                0x80002878                sd_mmc_spi_internal_init
 .text.sd_mmc_spi_mem_check
                0x80002b1c       0x28 src/ASF/avr32/components/memory/sd_mmc/sd_mmc_spi/sd_mmc_spi.o
                0x80002b1c                sd_mmc_spi_mem_check
 .text.sd_mmc_spi_init
                0x80002b44       0x34 src/ASF/avr32/components/memory/sd_mmc/sd_mmc_spi/sd_mmc_spi.o
                0x80002b44                sd_mmc_spi_init
 .text.getBaudDiv
                0x80002b78       0x20 src/ASF/avr32/drivers/spi/spi.o
                0x80002b78                getBaudDiv
 .text.spi_initMaster
                0x80002b98       0x38 src/ASF/avr32/drivers/spi/spi.o
                0x80002b98                spi_initMaster
 .text.spi_selectionMode
                0x80002bd0       0x2c src/ASF/avr32/drivers/spi/spi.o
                0x80002bd0                spi_selectionMode
 .text.spi_selectChip
                0x80002bfc       0x4c src/ASF/avr32/drivers/spi/spi.o
                0x80002bfc                spi_selectChip
 .text.spi_unselectChip
                0x80002c48       0x26 src/ASF/avr32/drivers/spi/spi.o
                0x80002c48                spi_unselectChip
 *fill*         0x80002c6e        0x2 d703d703
 .text.spi_setupChipReg
                0x80002c70       0xb8 src/ASF/avr32/drivers/spi/spi.o
                0x80002c70                spi_setupChipReg
 .text.spi_enable
                0x80002d28        0x6 src/ASF/avr32/drivers/spi/spi.o
                0x80002d28                spi_enable
 .text.spi_write
                0x80002d2e       0x1c src/ASF/avr32/drivers/spi/spi.o
                0x80002d2e                spi_write
 .text.spi_read
                0x80002d4a       0x20 src/ASF/avr32/drivers/spi/spi.o
                0x80002d4a                spi_read
 *fill*         0x80002d6a        0x2 d703d703
 .text.tpa6130_abdac_tx_pdca_int_handler
                0x80002d6c       0x60 src/ASF/avr32/components/audio/amp/tpa6130a2/tpa6130.o
 .text.tpa6130_write_data
                0x80002dcc       0x50 src/ASF/avr32/components/audio/amp/tpa6130a2/tpa6130.o
 .text.tpa6130_set_volume
                0x80002e1c       0x30 src/ASF/avr32/components/audio/amp/tpa6130a2/tpa6130.o
                0x80002e1c                tpa6130_set_volume
 .text.tpa6130_dac_output
                0x80002e4c       0x60 src/ASF/avr32/components/audio/amp/tpa6130a2/tpa6130.o
                0x80002e4c                tpa6130_dac_output
 .text.tpa6130_read_data
                0x80002eac       0x44 src/ASF/avr32/components/audio/amp/tpa6130a2/tpa6130.o
 .text.tpa6130_powerup
                0x80002ef0       0x20 src/ASF/avr32/components/audio/amp/tpa6130a2/tpa6130.o
                0x80002ef0                tpa6130_powerup
 .text.tpa6130_shutdown
                0x80002f10       0x20 src/ASF/avr32/components/audio/amp/tpa6130a2/tpa6130.o
                0x80002f10                tpa6130_shutdown
 .text.tpa6130_dac_stop
                0x80002f30       0x44 src/ASF/avr32/components/audio/amp/tpa6130a2/tpa6130.o
                0x80002f30                tpa6130_dac_stop
 .text.tpa6130_init
                0x80002f74       0x50 src/ASF/avr32/components/audio/amp/tpa6130a2/tpa6130.o
                0x80002f74                tpa6130_init
 .text.tpa6130_dac_setup
                0x80002fc4       0x98 src/ASF/avr32/components/audio/amp/tpa6130a2/tpa6130.o
                0x80002fc4                tpa6130_dac_setup
 .text.tpa6130_dac_start
                0x8000305c       0x64 src/ASF/avr32/components/audio/amp/tpa6130a2/tpa6130.o
                0x8000305c                tpa6130_dac_start
 .text.et024006_SetLimits
                0x800030c0       0x50 src/ASF/avr32/components/display/et024006dhu/et024006dhu.o
                0x800030c0                et024006_SetLimits
 .text.et024006_DrawPixel
                0x80003110       0x28 src/ASF/avr32/components/display/et024006dhu/et024006dhu.o
                0x80003110                et024006_DrawPixel
 .text.et024006_SetQuickLimits
                0x80003138       0x2a src/ASF/avr32/components/display/et024006dhu/et024006dhu.o
                0x80003138                et024006_SetQuickLimits
 *fill*         0x80003162        0x2 d703d703
 .text.et024006_DrawQuickPixel
                0x80003164       0x24 src/ASF/avr32/components/display/et024006dhu/et024006dhu.o
                0x80003164                et024006_DrawQuickPixel
 .text.et024006_PrintString
                0x80003188      0x23c src/ASF/avr32/components/display/et024006dhu/et024006dhu.o
                0x80003188                et024006_PrintString
 .text.et024006_DrawLine
                0x800033c4      0x118 src/ASF/avr32/components/display/et024006dhu/et024006dhu.o
                0x800033c4                et024006_DrawLine
 .text.et024006_DuplicatePixel
                0x800034dc       0x40 src/ASF/avr32/components/display/et024006dhu/et024006dhu.o
                0x800034dc                et024006_DuplicatePixel
 .text.et024006_DrawFilledRect
                0x8000351c       0x40 src/ASF/avr32/components/display/et024006dhu/et024006dhu.o
                0x8000351c                et024006_DrawFilledRect
 .text.et024006_DrawVertLine
                0x8000355c       0x1c src/ASF/avr32/components/display/et024006dhu/et024006dhu.o
                0x8000355c                et024006_DrawVertLine
 .text.et024006_DrawFilledCircle
                0x80003578      0x158 src/ASF/avr32/components/display/et024006dhu/et024006dhu.o
                0x80003578                et024006_DrawFilledCircle
 .text.et024006_DrawHorizLine
                0x800036d0       0x18 src/ASF/avr32/components/display/et024006dhu/et024006dhu.o
                0x800036d0                et024006_DrawHorizLine
 .text.et024006_AdjustGamma
                0x800036e8       0x6e src/ASF/avr32/components/display/et024006dhu/et024006dhu.o
 *fill*         0x80003756        0x2 d703d703
 .text.et024006_Init
                0x80003758      0x4a4 src/ASF/avr32/components/display/et024006dhu/et024006dhu.o
                0x80003758                et024006_Init
 .text.abdac_enable
                0x80003bfc       0x14 src/ASF/avr32/drivers/abdac/abdac.o
                0x80003bfc                abdac_enable
 .text.abdac_disable
                0x80003c10       0x16 src/ASF/avr32/drivers/abdac/abdac.o
                0x80003c10                abdac_disable
 .text.abdac_swap_channels
                0x80003c26       0x18 src/ASF/avr32/drivers/abdac/abdac.o
                0x80003c26                abdac_swap_channels
 .text.abdac_set_dac_hz
                0x80003c3e       0x7e src/ASF/avr32/drivers/abdac/abdac.o
                0x80003c3e                abdac_set_dac_hz
 .text.abdac_set_dac_sample_rate
                0x80003cbc      0x218 src/ASF/avr32/drivers/abdac/abdac.o
                0x80003cbc                abdac_set_dac_sample_rate
 .text.adc_configure
                0x80003ed4       0x12 src/ASF/avr32/drivers/adc/adc.o
                0x80003ed4                adc_configure
 .text.adc_start
                0x80003ee6        0x6 src/ASF/avr32/drivers/adc/adc.o
                0x80003ee6                adc_start
 .text.adc_enable
                0x80003eec        0xa src/ASF/avr32/drivers/adc/adc.o
                0x80003eec                adc_enable
 .text.adc_check_eoc
                0x80003ef6       0x10 src/ASF/avr32/drivers/adc/adc.o
                0x80003ef6                adc_check_eoc
 *fill*         0x80003f06        0x2 d703d703
 .text.adc_get_value
                0x80003f08       0x28 src/ASF/avr32/drivers/adc/adc.o
                0x80003f08                adc_get_value
 .text.smc_init
                0x80003f30      0x11c src/ASF/avr32/drivers/ebi/smc/smc.o
                0x80003f30                smc_init
 .text.flashc_set_wait_state
                0x8000404c        0xe src/ASF/avr32/drivers/flashc/flashc.o
                0x8000404c                flashc_set_wait_state
 .text.gpio_enable_module_pin
                0x8000405a       0x52 src/ASF/avr32/drivers/gpio/gpio.o
                0x8000405a                gpio_enable_module_pin
 .text.gpio_enable_module
                0x800040ac       0x30 src/ASF/avr32/drivers/gpio/gpio.o
                0x800040ac                gpio_enable_module
 .text.gpio_enable_gpio_pin
                0x800040dc       0x18 src/ASF/avr32/drivers/gpio/gpio.o
                0x800040dc                gpio_enable_gpio_pin
 .text.gpio_enable_gpio
                0x800040f4       0x28 src/ASF/avr32/drivers/gpio/gpio.o
                0x800040f4                gpio_enable_gpio
 .text.gpio_get_pin_value
                0x8000411c       0x16 src/ASF/avr32/drivers/gpio/gpio.o
                0x8000411c                gpio_get_pin_value
 .text.gpio_set_gpio_pin
                0x80004132       0x1c src/ASF/avr32/drivers/gpio/gpio.o
                0x80004132                gpio_set_gpio_pin
 .text.gpio_clr_gpio_pin
                0x8000414e       0x1c src/ASF/avr32/drivers/gpio/gpio.o
                0x8000414e                gpio_clr_gpio_pin
 *fill*         0x8000416a        0x2 d703d703
 .text.INTC_register_interrupt
                0x8000416c       0x80 src/ASF/avr32/drivers/intc/intc.o
                0x8000416c                INTC_register_interrupt
 .text._get_interrupt_handler
                0x800041ec       0x38 src/ASF/avr32/drivers/intc/intc.o
                0x800041ec                _get_interrupt_handler
 .text.pdca_get_handler
                0x80004224       0x14 src/ASF/avr32/drivers/pdca/pdca.o
                0x80004224                pdca_get_handler
 .text.pdca_disable
                0x80004238       0x10 src/ASF/avr32/drivers/pdca/pdca.o
                0x80004238                pdca_disable
 .text.pdca_enable
                0x80004248       0x10 src/ASF/avr32/drivers/pdca/pdca.o
                0x80004248                pdca_enable
 .text.pdca_enable_interrupt_transfer_complete
                0x80004258       0x10 src/ASF/avr32/drivers/pdca/pdca.o
                0x80004258                pdca_enable_interrupt_transfer_complete
 .text.pdca_enable_interrupt_reload_counter_zero
                0x80004268       0x10 src/ASF/avr32/drivers/pdca/pdca.o
                0x80004268                pdca_enable_interrupt_reload_counter_zero
 .text.pdca_get_transfer_status
                0x80004278       0x10 src/ASF/avr32/drivers/pdca/pdca.o
                0x80004278                pdca_get_transfer_status
 .text.pdca_disable_interrupt_reload_counter_zero
                0x80004288       0x28 src/ASF/avr32/drivers/pdca/pdca.o
                0x80004288                pdca_disable_interrupt_reload_counter_zero
 .text.pdca_disable_interrupt_transfer_complete
                0x800042b0       0x28 src/ASF/avr32/drivers/pdca/pdca.o
                0x800042b0                pdca_disable_interrupt_transfer_complete
 .text.pdca_reload_channel
                0x800042d8       0x38 src/ASF/avr32/drivers/pdca/pdca.o
                0x800042d8                pdca_reload_channel
 .text.pdca_init_channel
                0x80004310       0x60 src/ASF/avr32/drivers/pdca/pdca.o
                0x80004310                pdca_init_channel
 .text.pm_set_osc0_mode
                0x80004370        0xa src/ASF/avr32/drivers/pm/pm.o
 *fill*         0x8000437a        0x2 d703d703
 .text.pm_enable_osc0_crystal
                0x8000437c       0x3c src/ASF/avr32/drivers/pm/pm.o
                0x8000437c                pm_enable_osc0_crystal
 .text.pm_enable_clk0_no_wait
                0x800043b8       0x10 src/ASF/avr32/drivers/pm/pm.o
                0x800043b8                pm_enable_clk0_no_wait
 .text.pm_wait_for_clk0_ready
                0x800043c8        0xa src/ASF/avr32/drivers/pm/pm.o
                0x800043c8                pm_wait_for_clk0_ready
 *fill*         0x800043d2        0x2 d703d703
 .text.pm_enable_clk0
                0x800043d4       0x1c src/ASF/avr32/drivers/pm/pm.o
                0x800043d4                pm_enable_clk0
 .text.pm_set_osc1_mode
                0x800043f0        0xa src/ASF/avr32/drivers/pm/pm.o
 *fill*         0x800043fa        0x2 d703d703
 .text.pm_enable_osc1_crystal
                0x800043fc       0x3c src/ASF/avr32/drivers/pm/pm.o
                0x800043fc                pm_enable_osc1_crystal
 .text.pm_enable_clk1_no_wait
                0x80004438       0x10 src/ASF/avr32/drivers/pm/pm.o
                0x80004438                pm_enable_clk1_no_wait
 .text.pm_wait_for_clk1_ready
                0x80004448        0xa src/ASF/avr32/drivers/pm/pm.o
                0x80004448                pm_wait_for_clk1_ready
 *fill*         0x80004452        0x2 d703d703
 .text.pm_enable_clk1
                0x80004454       0x1c src/ASF/avr32/drivers/pm/pm.o
                0x80004454                pm_enable_clk1
 .text.pm_cksel
                0x80004470       0x46 src/ASF/avr32/drivers/pm/pm.o
                0x80004470                pm_cksel
 .text.pm_pll_setup
                0x800044b6       0x22 src/ASF/avr32/drivers/pm/pm.o
                0x800044b6                pm_pll_setup
 .text.pm_pll_set_option
                0x800044d8       0x1a src/ASF/avr32/drivers/pm/pm.o
                0x800044d8                pm_pll_set_option
 .text.pm_pll_enable
                0x800044f2        0xe src/ASF/avr32/drivers/pm/pm.o
                0x800044f2                pm_pll_enable
 .text.pm_wait_for_pll0_locked
                0x80004500        0xa src/ASF/avr32/drivers/pm/pm.o
                0x80004500                pm_wait_for_pll0_locked
 .text.pm_wait_for_pll1_locked
                0x8000450a        0xa src/ASF/avr32/drivers/pm/pm.o
                0x8000450a                pm_wait_for_pll1_locked
 .text.pm_switch_to_clock
                0x80004514        0xa src/ASF/avr32/drivers/pm/pm.o
                0x80004514                pm_switch_to_clock
 *fill*         0x8000451e        0x2 d703d703
 .text.pm_switch_to_osc0
                0x80004520       0x2c src/ASF/avr32/drivers/pm/pm.o
                0x80004520                pm_switch_to_osc0
 .text.pwm_channel_init
                0x8000454c       0x36 src/ASF/avr32/drivers/pwm/pwm.o
                0x8000454c                pwm_channel_init
 .text.pwm_start_channels
                0x80004582       0x12 src/ASF/avr32/drivers/pwm/pwm.o
                0x80004582                pwm_start_channels
 .text.pwm_async_update_channel
                0x80004594       0x28 src/ASF/avr32/drivers/pwm/pwm.o
                0x80004594                pwm_async_update_channel
 .text.pwm_init
                0x800045bc       0x46 src/ASF/avr32/drivers/pwm/pwm.o
                0x800045bc                pwm_init
 *fill*         0x80004602        0x2 d703d703
 .text.twi_master_interrupt_handler
                0x80004604       0xbc src/ASF/avr32/drivers/twi/twi.o
 .text.twi_is_busy
                0x800046c0        0xc src/ASF/avr32/drivers/twi/twi.o
                0x800046c0                twi_is_busy
 .text.twi_master_write
                0x800046cc       0xa4 src/ASF/avr32/drivers/twi/twi.o
                0x800046cc                twi_master_write
 .text.twi_probe
                0x80004770       0x28 src/ASF/avr32/drivers/twi/twi.o
                0x80004770                twi_probe
 .text.twi_master_read
                0x80004798       0xac src/ASF/avr32/drivers/twi/twi.o
                0x80004798                twi_master_read
 .text.twi_master_init
                0x80004844       0x98 src/ASF/avr32/drivers/twi/twi.o
                0x80004844                twi_master_init
 .text.usart_set_async_baudrate
                0x800048dc       0x5a src/ASF/avr32/drivers/usart/usart.o
 .text.usart_write_char
                0x80004936       0x14 src/ASF/avr32/drivers/usart/usart.o
                0x80004936                usart_write_char
 *fill*         0x8000494a        0x2 d703d703
 .text.usart_putchar
                0x8000494c       0x2c src/ASF/avr32/drivers/usart/usart.o
                0x8000494c                usart_putchar
 .text.usart_read_char
                0x80004978       0x22 src/ASF/avr32/drivers/usart/usart.o
                0x80004978                usart_read_char
 *fill*         0x8000499a        0x2 d703d703
 .text.usart_getchar
                0x8000499c       0x2c src/ASF/avr32/drivers/usart/usart.o
                0x8000499c                usart_getchar
 .text.usart_write_line
                0x800049c8       0x24 src/ASF/avr32/drivers/usart/usart.o
                0x800049c8                usart_write_line
 .text.usart_reset
                0x800049ec       0x2c src/ASF/avr32/drivers/usart/usart.o
                0x800049ec                usart_reset
 .text.usart_init_rs232
                0x80004a18       0xcc src/ASF/avr32/drivers/usart/usart.o
                0x80004a18                usart_init_rs232
 .text.print    0x80004ae4        0xc src/ASF/avr32/utils/debug/print_funcs.o
                0x80004ae4                print
 .text.print_ulong
                0x80004af0       0x48 src/ASF/avr32/utils/debug/print_funcs.o
                0x80004af0                print_ulong
 .text.print_dbg_ulong
                0x80004b38       0x14 src/ASF/avr32/utils/debug/print_funcs.o
                0x80004b38                print_dbg_ulong
 .text._stext   0x80004b4c       0x40 src/ASF/avr32/utils/startup/startup_uc3.o
                                 0x50 (size before relaxing)
                0x80004b4c                _stext
 .text.master_callback
                0x80004b8c        0x2 src/et024006dhu_example.o
                0x80004b8c                master_callback
 *fill*         0x80004b8e        0x2 d703d703
 .text.init_sys_clocks
                0x80004b90       0xf4 src/et024006dhu_example.o
                0x80004b90                init_sys_clocks
 .text.main     0x80004c84      0x4f8 src/et024006dhu_example.o
                0x80004c84                main
 .text.vTareaSD_RX
                0x8000517c       0xd4 src/et024006dhu_example.o
                0x8000517c                vTareaSD_RX
 .text.vTareaSD
                0x80005250      0x13c src/et024006dhu_example.o
                0x80005250                vTareaSD
 .text.vTareaLCD
                0x8000538c      0x500 src/et024006dhu_example.o
                0x8000538c                vTareaLCD
 .text.vTareaAudioLuces
                0x8000588c       0x7c src/et024006dhu_example.o
                0x8000588c                vTareaAudioLuces
 .text.vTareaAudioGas
                0x80005908       0x7c src/et024006dhu_example.o
                0x80005908                vTareaAudioGas
 .text.vTareaAudioTemperatura
                0x80005984       0x7c src/et024006dhu_example.o
                0x80005984                vTareaAudioTemperatura
 .text.vTareaADC
                0x80005a00      0x220 src/et024006dhu_example.o
                0x80005a00                vTareaADC
 .text.vListInitialise
                0x80005c20       0x14 FreeRTOS/source/list.o
                0x80005c20                vListInitialise
 .text.vListInitialiseItem
                0x80005c34        0x6 FreeRTOS/source/list.o
                0x80005c34                vListInitialiseItem
 .text.vListInsertEnd
                0x80005c3a       0x1c FreeRTOS/source/list.o
                0x80005c3a                vListInsertEnd
 .text.vListInsert
                0x80005c56       0x34 FreeRTOS/source/list.o
                0x80005c56                vListInsert
 .text.vListRemove
                0x80005c8a       0x26 FreeRTOS/source/list.o
                0x80005c8a                vListRemove
 .text.pxPortInitialiseStack
                0x80005cb0       0x92 FreeRTOS/source/portable/gcc/avr32_uc3/port.o
                0x80005cb0                pxPortInitialiseStack
 *fill*         0x80005d42        0x2 d703d703
 .text.vPortEnterCritical
                0x80005d44       0x10 FreeRTOS/source/portable/gcc/avr32_uc3/port.o
                0x80005d44                vPortEnterCritical
 .text.xPortStartScheduler
                0x80005d54       0x58 FreeRTOS/source/portable/gcc/avr32_uc3/port.o
                0x80005d54                xPortStartScheduler
 .text.SCALLYield
                0x80005dac       0x98 FreeRTOS/source/portable/gcc/avr32_uc3/port.o
                0x80005dac                SCALLYield
 .text.prvClearCcInt
                0x80005e44        0xa FreeRTOS/source/portable/gcc/avr32_uc3/port.o
 *fill*         0x80005e4e        0x2 d703d703
 .text.vPortExitCritical
                0x80005e50       0x20 FreeRTOS/source/portable/gcc/avr32_uc3/port.o
                0x80005e50                vPortExitCritical
 .text.vTick    0x80005e70       0x84 FreeRTOS/source/portable/gcc/avr32_uc3/port.o
 .text.__malloc_lock
                0x80005ef4        0xc FreeRTOS/source/portable/gcc/avr32_uc3/port.o
                0x80005ef4                __malloc_lock
 .text.__malloc_unlock
                0x80005f00        0xc FreeRTOS/source/portable/gcc/avr32_uc3/port.o
                0x80005f00                __malloc_unlock
 .text._read    0x80005f0c       0x40 FreeRTOS/source/portable/gcc/avr32_uc3/read.o
                0x80005f0c                _read
 .text._write   0x80005f4c       0x3c FreeRTOS/source/portable/gcc/avr32_uc3/write.o
                0x80005f4c                _write
 .text.vPortFree
                0x80005f88       0x28 FreeRTOS/source/portable/memmang/heap_3.o
                0x80005f88                vPortFree
 .text.pvPortMalloc
                0x80005fb0       0x28 FreeRTOS/source/portable/memmang/heap_3.o
                0x80005fb0                pvPortMalloc
 .text.prvCopyDataFromQueue
                0x80005fd8       0x30 FreeRTOS/source/queue.o
 .text.prvUnlockQueue
                0x80006008       0xa0 FreeRTOS/source/queue.o
 .text.xQueueGenericReceive
                0x800060a8      0x144 FreeRTOS/source/queue.o
                0x800060a8                xQueueGenericReceive
 .text.prvCopyDataToQueue
                0x800061ec       0x78 FreeRTOS/source/queue.o
 .text.xQueueGenericSend
                0x80006264      0x100 FreeRTOS/source/queue.o
                0x80006264                xQueueGenericSend
 .text.xQueueCreateMutex
                0x80006364       0x58 FreeRTOS/source/queue.o
                0x80006364                xQueueCreateMutex
 .text.xQueueCreate
                0x800063bc       0x74 FreeRTOS/source/queue.o
                0x800063bc                xQueueCreate
 .text.xTaskIsTaskSuspended
                0x80006430       0x20 FreeRTOS/source/tasks.o
                0x80006430                xTaskIsTaskSuspended
 .text.vTaskSuspendAll
                0x80006450       0x10 FreeRTOS/source/tasks.o
                0x80006450                vTaskSuspendAll
 .text.vTaskSwitchContext
                0x80006460       0x7c FreeRTOS/source/tasks.o
                0x80006460                vTaskSwitchContext
 .text.vTaskSetTimeOutState
                0x800064dc       0x18 FreeRTOS/source/tasks.o
                0x800064dc                vTaskSetTimeOutState
 .text.vTaskMissedYield
                0x800064f4        0xc FreeRTOS/source/tasks.o
                0x800064f4                vTaskMissedYield
 .text.xTaskGetCurrentTaskHandle
                0x80006500        0xc FreeRTOS/source/tasks.o
                0x80006500                xTaskGetCurrentTaskHandle
 .text.vTaskPriorityDisinherit
                0x8000650c       0x58 FreeRTOS/source/tasks.o
                0x8000650c                vTaskPriorityDisinherit
 .text.vTaskPriorityInherit
                0x80006564       0x84 FreeRTOS/source/tasks.o
                0x80006564                vTaskPriorityInherit
 .text.xTaskRemoveFromEventList
                0x800065e8       0x7c FreeRTOS/source/tasks.o
                0x800065e8                xTaskRemoveFromEventList
 .text.vTaskIncrementTick
                0x80006664      0x114 FreeRTOS/source/tasks.o
                0x80006664                vTaskIncrementTick
 .text.xTaskCheckForTimeOut
                0x80006778       0x70 FreeRTOS/source/tasks.o
                0x80006778                xTaskCheckForTimeOut
 .text.xTaskResumeAll
                0x800067e8       0xe8 FreeRTOS/source/tasks.o
                0x800067e8                xTaskResumeAll
 .text.vTaskResume
                0x800068d0       0x80 FreeRTOS/source/tasks.o
                0x800068d0                vTaskResume
 .text.vTaskSuspend
                0x80006950       0x98 FreeRTOS/source/tasks.o
                0x80006950                vTaskSuspend
 .text.prvAddCurrentTaskToDelayedList
                0x800069e8       0x5c FreeRTOS/source/tasks.o
 .text.vTaskDelay
                0x80006a44       0x48 FreeRTOS/source/tasks.o
                0x80006a44                vTaskDelay
 .text.vTaskPlaceOnEventList
                0x80006a8c       0x58 FreeRTOS/source/tasks.o
                0x80006a8c                vTaskPlaceOnEventList
 .text.prvIdleTask
                0x80006ae4       0x80 FreeRTOS/source/tasks.o
 .text.xTaskGenericCreate
                0x80006b64      0x1e8 FreeRTOS/source/tasks.o
                0x80006b64                xTaskGenericCreate
 .text.vTaskStartScheduler
                0x80006d4c       0x4c FreeRTOS/source/tasks.o
                0x80006d4c                vTaskStartScheduler
 .text          0x80006d98      0x1d4 d:/atmel7/7.0/toolchain/avr32/avr32-gnu-toolchain/bin/../lib/gcc/avr32/4.4.7/ucr2\libgcc.a(_avr32_f64_mul.o)
                0x80006d98                __avr32_f64_mul
 .text          0x80006f6c      0x2b0 d:/atmel7/7.0/toolchain/avr32/avr32-gnu-toolchain/bin/../lib/gcc/avr32/4.4.7/ucr2\libgcc.a(_avr32_f64_addsub.o)
                0x80006f70                __avr32_f64_sub
                0x8000710c                __avr32_f64_add
 .text          0x8000721c       0xe8 d:/atmel7/7.0/toolchain/avr32/avr32-gnu-toolchain/bin/../lib/gcc/avr32/4.4.7/ucr2\libgcc.a(_avr32_s32_to_f64.o)
                0x8000721c                __avr32_u32_to_f64
                0x80007224                __avr32_s32_to_f64
 .text          0x80007304       0x68 d:/atmel7/7.0/toolchain/avr32/avr32-gnu-toolchain/bin/../lib/gcc/avr32/4.4.7/ucr2\libgcc.a(_avr32_f64_cmp_lt.o)
                0x80007304                __avr32_f64_cmp_lt
 .text          0x8000736c       0x34 d:/atmel7/7.0/toolchain/avr32/avr32-gnu-toolchain/bin/../lib/gcc/avr32/4.4.7/ucr2\libgcc.a(_avr32_f32_cmp_ge.o)
                0x8000736c                __avr32_f32_cmp_ge
 .text          0x800073a0      0x318 d:/atmel7/7.0/toolchain/avr32/avr32-gnu-toolchain/bin/../lib/gcc/avr32/4.4.7/ucr2\libgcc.a(_avr32_f64_div.o)
                0x800073a0                __avr32_f64_div
 .text          0x800076b8      0x160 d:/atmel7/7.0/toolchain/avr32/avr32-gnu-toolchain/bin/../lib/gcc/avr32/4.4.7/ucr2\libgcc.a(_avr32_f32_div.o)
                0x800076b8                __avr32_f32_div
 .text          0x80007818       0xe2 d:/atmel7/7.0/toolchain/avr32/avr32-gnu-toolchain/bin/../lib/gcc/avr32/4.4.7/ucr2\libgcc.a(_avr32_f32_mul.o)
                0x80007818                __avr32_f32_mul
 .text          0x800078fa       0x74 d:/atmel7/7.0/toolchain/avr32/avr32-gnu-toolchain/bin/../lib/gcc/avr32/4.4.7/ucr2\libgcc.a(_avr32_s32_to_f32.o)
                0x800078fa                __avr32_s32_to_f32
 .text          0x8000796e       0x1a d:/atmel7/7.0/toolchain/avr32/avr32-gnu-toolchain/bin/../lib/gcc/avr32/4.4.7/ucr2\libgcc.a(_avr32_f32_to_u32.o)
                0x8000796e                __avr32_f32_to_u32
 .text          0x80007988      0x264 d:/atmel7/7.0/toolchain/avr32/avr32-gnu-toolchain/bin/../lib/gcc/avr32/4.4.7/ucr2\libgcc.a(_udivdi3.o)
                0x80007988                __avr32_udiv64
                0x80007988                __udivdi3
 .text.free     0x80007bec       0x10 d:/atmel7/7.0/toolchain/avr32/avr32-gnu-toolchain/bin/../lib/gcc/avr32/4.4.7/../../../../avr32/lib/ucr2\libc.a(lib_a-malloc.o)
                                 0x18 (size before relaxing)
                0x80007bec                free
 .text.malloc   0x80007bfc       0x10 d:/atmel7/7.0/toolchain/avr32/avr32-gnu-toolchain/bin/../lib/gcc/avr32/4.4.7/../../../../avr32/lib/ucr2\libc.a(lib_a-malloc.o)
                                 0x18 (size before relaxing)
                0x80007bfc                malloc
 .text._malloc_r
                0x80007c0c      0x42c d:/atmel7/7.0/toolchain/avr32/avr32-gnu-toolchain/bin/../lib/gcc/avr32/4.4.7/../../../../avr32/lib/ucr2\libc.a(lib_a-mallocr.o)
                                0x450 (size before relaxing)
                0x80007c0c                _malloc_r
 .text          0x80008038      0x148 d:/atmel7/7.0/toolchain/avr32/avr32-gnu-toolchain/bin/../lib/gcc/avr32/4.4.7/../../../../avr32/lib/ucr2\libc.a(lib_a-memcpy.o)
                0x80008038                memcpy
 .text.memset   0x80008180        0xe d:/atmel7/7.0/toolchain/avr32/avr32-gnu-toolchain/bin/../lib/gcc/avr32/4.4.7/../../../../avr32/lib/ucr2\libc.a(lib_a-memset.o)
                0x80008180                memset
 *fill*         0x8000818e        0x2 d703d703
 .text._realloc_r
                0x80008190      0x2c0 d:/atmel7/7.0/toolchain/avr32/avr32-gnu-toolchain/bin/../lib/gcc/avr32/4.4.7/../../../../avr32/lib/ucr2\libc.a(lib_a-reallocr.o)
                                0x2e0 (size before relaxing)
                0x80008190                _realloc_r
 .text._sbrk_r  0x80008450       0x20 d:/atmel7/7.0/toolchain/avr32/avr32-gnu-toolchain/bin/../lib/gcc/avr32/4.4.7/../../../../avr32/lib/ucr2\libc.a(lib_a-sbrkr.o)
                                 0x28 (size before relaxing)
                0x80008450                _sbrk_r
 .text.sprintf  0x80008470       0x3c d:/atmel7/7.0/toolchain/avr32/avr32-gnu-toolchain/bin/../lib/gcc/avr32/4.4.7/../../../../avr32/lib/ucr2\libc.a(lib_a-sprintf.o)
                                 0x40 (size before relaxing)
                0x80008470                sprintf
 .text          0x800084ac       0x20 d:/atmel7/7.0/toolchain/avr32/avr32-gnu-toolchain/bin/../lib/gcc/avr32/4.4.7/../../../../avr32/lib/ucr2\libc.a(lib_a-strncpy.o)
                0x800084ac                strncpy
 .text._close   0x800084cc       0x14 d:/atmel7/7.0/toolchain/avr32/avr32-gnu-toolchain/bin/../lib/gcc/avr32/4.4.7/../../../../avr32/lib/ucr2\libc.a(lib_a-syscalls.o)
                                 0x18 (size before relaxing)
                0x800084cc                _close
 .text._lseek   0x800084e0       0x14 d:/atmel7/7.0/toolchain/avr32/avr32-gnu-toolchain/bin/../lib/gcc/avr32/4.4.7/../../../../avr32/lib/ucr2\libc.a(lib_a-syscalls.o)
                                 0x18 (size before relaxing)
                0x800084e0                _lseek
 .text.isatty   0x800084f4       0x14 d:/atmel7/7.0/toolchain/avr32/avr32-gnu-toolchain/bin/../lib/gcc/avr32/4.4.7/../../../../avr32/lib/ucr2\libc.a(lib_a-syscalls.o)
                                 0x18 (size before relaxing)
                0x800084f4                isatty
 .text._fstat_host
                0x80008508       0x14 d:/atmel7/7.0/toolchain/avr32/avr32-gnu-toolchain/bin/../lib/gcc/avr32/4.4.7/../../../../avr32/lib/ucr2\libc.a(lib_a-syscalls.o)
                                 0x18 (size before relaxing)
                0x80008508                _fstat_host
 .text._fstat   0x8000851c       0x4c d:/atmel7/7.0/toolchain/avr32/avr32-gnu-toolchain/bin/../lib/gcc/avr32/4.4.7/../../../../avr32/lib/ucr2\libc.a(lib_a-syscalls.o)
                                 0x50 (size before relaxing)
                0x8000851c                _fstat
 .text._sbrk    0x80008568       0x38 d:/atmel7/7.0/toolchain/avr32/avr32-gnu-toolchain/bin/../lib/gcc/avr32/4.4.7/../../../../avr32/lib/ucr2\libc.a(lib_a-syscalls.o)
                                 0x40 (size before relaxing)
                0x80008568                _sbrk
 .text.get_arg  0x800085a0      0x320 d:/atmel7/7.0/toolchain/avr32/avr32-gnu-toolchain/bin/../lib/gcc/avr32/4.4.7/../../../../avr32/lib/ucr2\libc.a(lib_a-vfprintf.o)
                                0x324 (size before relaxing)
 .text.__sprint_r
                0x800088c0       0x1c d:/atmel7/7.0/toolchain/avr32/avr32-gnu-toolchain/bin/../lib/gcc/avr32/4.4.7/../../../../avr32/lib/ucr2\libc.a(lib_a-vfprintf.o)
                                 0x20 (size before relaxing)
 .text._vfprintf_r
                0x800088dc     0x1f2c d:/atmel7/7.0/toolchain/avr32/avr32-gnu-toolchain/bin/../lib/gcc/avr32/4.4.7/../../../../avr32/lib/ucr2\libc.a(lib_a-vfprintf.o)
                               0x1f9c (size before relaxing)
                0x800088dc                _vfprintf_r
 .text.__swsetup_r
                0x8000a808       0xe0 d:/atmel7/7.0/toolchain/avr32/avr32-gnu-toolchain/bin/../lib/gcc/avr32/4.4.7/../../../../avr32/lib/ucr2\libc.a(lib_a-wsetup.o)
                                 0xe8 (size before relaxing)
                0x8000a808                __swsetup_r
 .text.quorem   0x8000a8e8      0x120 d:/atmel7/7.0/toolchain/avr32/avr32-gnu-toolchain/bin/../lib/gcc/avr32/4.4.7/../../../../avr32/lib/ucr2\libc.a(lib_a-dtoa.o)
                                0x124 (size before relaxing)
 .text._dtoa_r  0x8000aa08      0xbe0 d:/atmel7/7.0/toolchain/avr32/avr32-gnu-toolchain/bin/../lib/gcc/avr32/4.4.7/../../../../avr32/lib/ucr2\libc.a(lib_a-dtoa.o)
                                0xc90 (size before relaxing)
                0x8000aa08                _dtoa_r
 .text.__errno  0x8000b5e8        0xc d:/atmel7/7.0/toolchain/avr32/avr32-gnu-toolchain/bin/../lib/gcc/avr32/4.4.7/../../../../avr32/lib/ucr2\libc.a(lib_a-errno.o)
                0x8000b5e8                __errno
 .text._fflush_r
                0x8000b5f4      0x110 d:/atmel7/7.0/toolchain/avr32/avr32-gnu-toolchain/bin/../lib/gcc/avr32/4.4.7/../../../../avr32/lib/ucr2\libc.a(lib_a-fflush.o)
                                0x118 (size before relaxing)
                0x8000b5f4                _fflush_r
 .text.__sfp_lock_acquire
                0x8000b704        0x2 d:/atmel7/7.0/toolchain/avr32/avr32-gnu-toolchain/bin/../lib/gcc/avr32/4.4.7/../../../../avr32/lib/ucr2\libc.a(lib_a-findfp.o)
                0x8000b704                __sfp_lock_acquire
 .text.__sfp_lock_release
                0x8000b706        0x2 d:/atmel7/7.0/toolchain/avr32/avr32-gnu-toolchain/bin/../lib/gcc/avr32/4.4.7/../../../../avr32/lib/ucr2\libc.a(lib_a-findfp.o)
                0x8000b706                __sfp_lock_release
 .text._cleanup_r
                0x8000b708        0xc d:/atmel7/7.0/toolchain/avr32/avr32-gnu-toolchain/bin/../lib/gcc/avr32/4.4.7/../../../../avr32/lib/ucr2\libc.a(lib_a-findfp.o)
                                 0x14 (size before relaxing)
                0x8000b708                _cleanup_r
 .text.__sfmoreglue
                0x8000b714       0x28 d:/atmel7/7.0/toolchain/avr32/avr32-gnu-toolchain/bin/../lib/gcc/avr32/4.4.7/../../../../avr32/lib/ucr2\libc.a(lib_a-findfp.o)
                                 0x30 (size before relaxing)
                0x8000b714                __sfmoreglue
 .text.__sfp    0x8000b73c       0x70 d:/atmel7/7.0/toolchain/avr32/avr32-gnu-toolchain/bin/../lib/gcc/avr32/4.4.7/../../../../avr32/lib/ucr2\libc.a(lib_a-findfp.o)
                                 0x7c (size before relaxing)
                0x8000b73c                __sfp
 .text.__sinit  0x8000b7ac       0x9c d:/atmel7/7.0/toolchain/avr32/avr32-gnu-toolchain/bin/../lib/gcc/avr32/4.4.7/../../../../avr32/lib/ucr2\libc.a(lib_a-findfp.o)
                                 0xb0 (size before relaxing)
                0x8000b7ac                __sinit
 .text._malloc_trim_r
                0x8000b848       0x94 d:/atmel7/7.0/toolchain/avr32/avr32-gnu-toolchain/bin/../lib/gcc/avr32/4.4.7/../../../../avr32/lib/ucr2\libc.a(lib_a-freer.o)
                                 0xa8 (size before relaxing)
                0x8000b848                _malloc_trim_r
 .text._free_r  0x8000b8dc      0x188 d:/atmel7/7.0/toolchain/avr32/avr32-gnu-toolchain/bin/../lib/gcc/avr32/4.4.7/../../../../avr32/lib/ucr2\libc.a(lib_a-freer.o)
                                0x1a0 (size before relaxing)
                0x8000b8dc                _free_r
 .text.__sfvwrite_r
                0x8000ba64      0x294 d:/atmel7/7.0/toolchain/avr32/avr32-gnu-toolchain/bin/../lib/gcc/avr32/4.4.7/../../../../avr32/lib/ucr2\libc.a(lib_a-fvwrite.o)
                                0x2c4 (size before relaxing)
                0x8000ba64                __sfvwrite_r
 .text._fwalk   0x8000bcf8       0x4c d:/atmel7/7.0/toolchain/avr32/avr32-gnu-toolchain/bin/../lib/gcc/avr32/4.4.7/../../../../avr32/lib/ucr2\libc.a(lib_a-fwalk.o)
                                 0x54 (size before relaxing)
                0x8000bcf8                _fwalk
 .text._localeconv_r
                0x8000bd44        0x8 d:/atmel7/7.0/toolchain/avr32/avr32-gnu-toolchain/bin/../lib/gcc/avr32/4.4.7/../../../../avr32/lib/ucr2\libc.a(lib_a-locale.o)
                0x8000bd44                _localeconv_r
 .text.__smakebuf_r
                0x8000bd4c       0xbc d:/atmel7/7.0/toolchain/avr32/avr32-gnu-toolchain/bin/../lib/gcc/avr32/4.4.7/../../../../avr32/lib/ucr2\libc.a(lib_a-makebuf.o)
                                 0xcc (size before relaxing)
                0x8000bd4c                __smakebuf_r
 .text.memchr   0x8000be08       0x16 d:/atmel7/7.0/toolchain/avr32/avr32-gnu-toolchain/bin/../lib/gcc/avr32/4.4.7/../../../../avr32/lib/ucr2\libc.a(lib_a-memchr.o)
                0x8000be08                memchr
 .text.memmove  0x8000be1e       0x3e d:/atmel7/7.0/toolchain/avr32/avr32-gnu-toolchain/bin/../lib/gcc/avr32/4.4.7/../../../../avr32/lib/ucr2\libc.a(lib_a-memmove.o)
                0x8000be1e                memmove
 .text.__hi0bits
                0x8000be5c       0x60 d:/atmel7/7.0/toolchain/avr32/avr32-gnu-toolchain/bin/../lib/gcc/avr32/4.4.7/../../../../avr32/lib/ucr2\libc.a(lib_a-mprec.o)
                0x8000be5c                __hi0bits
 .text.__lo0bits
                0x8000bebc       0x8e d:/atmel7/7.0/toolchain/avr32/avr32-gnu-toolchain/bin/../lib/gcc/avr32/4.4.7/../../../../avr32/lib/ucr2\libc.a(lib_a-mprec.o)
                0x8000bebc                __lo0bits
 .text.__mcmp   0x8000bf4a       0x32 d:/atmel7/7.0/toolchain/avr32/avr32-gnu-toolchain/bin/../lib/gcc/avr32/4.4.7/../../../../avr32/lib/ucr2\libc.a(lib_a-mprec.o)
                0x8000bf4a                __mcmp
 .text._Bfree   0x8000bf7c       0x34 d:/atmel7/7.0/toolchain/avr32/avr32-gnu-toolchain/bin/../lib/gcc/avr32/4.4.7/../../../../avr32/lib/ucr2\libc.a(lib_a-mprec.o)
                                 0x38 (size before relaxing)
                0x8000bf7c                _Bfree
 .text._Balloc  0x8000bfb0       0x70 d:/atmel7/7.0/toolchain/avr32/avr32-gnu-toolchain/bin/../lib/gcc/avr32/4.4.7/../../../../avr32/lib/ucr2\libc.a(lib_a-mprec.o)
                                 0x78 (size before relaxing)
                0x8000bfb0                _Balloc
 .text.__d2b    0x8000c020       0xa0 d:/atmel7/7.0/toolchain/avr32/avr32-gnu-toolchain/bin/../lib/gcc/avr32/4.4.7/../../../../avr32/lib/ucr2\libc.a(lib_a-mprec.o)
                                 0xb4 (size before relaxing)
                0x8000c020                __d2b
 .text.__mdiff  0x8000c0c0       0xd0 d:/atmel7/7.0/toolchain/avr32/avr32-gnu-toolchain/bin/../lib/gcc/avr32/4.4.7/../../../../avr32/lib/ucr2\libc.a(lib_a-mprec.o)
                                 0xd8 (size before relaxing)
                0x8000c0c0                __mdiff
 .text.__lshift
                0x8000c190       0x88 d:/atmel7/7.0/toolchain/avr32/avr32-gnu-toolchain/bin/../lib/gcc/avr32/4.4.7/../../../../avr32/lib/ucr2\libc.a(lib_a-mprec.o)
                                 0x94 (size before relaxing)
                0x8000c190                __lshift
 .text.__multiply
                0x8000c218      0x100 d:/atmel7/7.0/toolchain/avr32/avr32-gnu-toolchain/bin/../lib/gcc/avr32/4.4.7/../../../../avr32/lib/ucr2\libc.a(lib_a-mprec.o)
                                0x108 (size before relaxing)
                0x8000c218                __multiply
 .text.__i2b    0x8000c318       0x10 d:/atmel7/7.0/toolchain/avr32/avr32-gnu-toolchain/bin/../lib/gcc/avr32/4.4.7/../../../../avr32/lib/ucr2\libc.a(lib_a-mprec.o)
                                 0x18 (size before relaxing)
                0x8000c318                __i2b
 .text.__multadd
                0x8000c328       0x7c d:/atmel7/7.0/toolchain/avr32/avr32-gnu-toolchain/bin/../lib/gcc/avr32/4.4.7/../../../../avr32/lib/ucr2\libc.a(lib_a-mprec.o)
                                 0x88 (size before relaxing)
                0x8000c328                __multadd
 .text.__pow5mult
                0x8000c3a4       0x90 d:/atmel7/7.0/toolchain/avr32/avr32-gnu-toolchain/bin/../lib/gcc/avr32/4.4.7/../../../../avr32/lib/ucr2\libc.a(lib_a-mprec.o)
                                 0xac (size before relaxing)
                0x8000c3a4                __pow5mult
 .text.__isinfd
                0x8000c434       0x2a d:/atmel7/7.0/toolchain/avr32/avr32-gnu-toolchain/bin/../lib/gcc/avr32/4.4.7/../../../../avr32/lib/ucr2\libc.a(lib_a-s_isinfd.o)
                0x8000c434                __isinfd
 .text.__isnand
                0x8000c45e       0x1c d:/atmel7/7.0/toolchain/avr32/avr32-gnu-toolchain/bin/../lib/gcc/avr32/4.4.7/../../../../avr32/lib/ucr2\libc.a(lib_a-s_isnand.o)
                0x8000c45e                __isnand
 *fill*         0x8000c47a        0x2 d703d703
 .text.__sclose
                0x8000c47c        0x8 d:/atmel7/7.0/toolchain/avr32/avr32-gnu-toolchain/bin/../lib/gcc/avr32/4.4.7/../../../../avr32/lib/ucr2\libc.a(lib_a-stdio.o)
                                 0x10 (size before relaxing)
                0x8000c47c                __sclose
 .text.__sseek  0x8000c484       0x20 d:/atmel7/7.0/toolchain/avr32/avr32-gnu-toolchain/bin/../lib/gcc/avr32/4.4.7/../../../../avr32/lib/ucr2\libc.a(lib_a-stdio.o)
                                 0x28 (size before relaxing)
                0x8000c484                __sseek
 .text.__swrite
                0x8000c4a4       0x2c d:/atmel7/7.0/toolchain/avr32/avr32-gnu-toolchain/bin/../lib/gcc/avr32/4.4.7/../../../../avr32/lib/ucr2\libc.a(lib_a-stdio.o)
                                 0x38 (size before relaxing)
                0x8000c4a4                __swrite
 .text.__sread  0x8000c4d0       0x1c d:/atmel7/7.0/toolchain/avr32/avr32-gnu-toolchain/bin/../lib/gcc/avr32/4.4.7/../../../../avr32/lib/ucr2\libc.a(lib_a-stdio.o)
                                 0x24 (size before relaxing)
                0x8000c4d0                __sread
 .text.strlen   0x8000c4ec       0x16 d:/atmel7/7.0/toolchain/avr32/avr32-gnu-toolchain/bin/../lib/gcc/avr32/4.4.7/../../../../avr32/lib/ucr2\libc.a(lib_a-strlen.o)
                0x8000c4ec                strlen
 *fill*         0x8000c502        0x2 d703d703
 .text._write_r
                0x8000c504       0x28 d:/atmel7/7.0/toolchain/avr32/avr32-gnu-toolchain/bin/../lib/gcc/avr32/4.4.7/../../../../avr32/lib/ucr2\libc.a(lib_a-writer.o)
                                 0x2c (size before relaxing)
                0x8000c504                _write_r
 .text._calloc_r
                0x8000c52c       0x58 d:/atmel7/7.0/toolchain/avr32/avr32-gnu-toolchain/bin/../lib/gcc/avr32/4.4.7/../../../../avr32/lib/ucr2\libc.a(lib_a-callocr.o)
                                 0x60 (size before relaxing)
                0x8000c52c                _calloc_r
 .text._close_r
                0x8000c584       0x20 d:/atmel7/7.0/toolchain/avr32/avr32-gnu-toolchain/bin/../lib/gcc/avr32/4.4.7/../../../../avr32/lib/ucr2\libc.a(lib_a-closer.o)
                                 0x28 (size before relaxing)
                0x8000c584                _close_r
 .text._fclose_r
                0x8000c5a4       0xbc d:/atmel7/7.0/toolchain/avr32/avr32-gnu-toolchain/bin/../lib/gcc/avr32/4.4.7/../../../../avr32/lib/ucr2\libc.a(lib_a-fclose.o)
                                 0xd0 (size before relaxing)
                0x8000c5a4                _fclose_r
 .text.fclose   0x8000c660       0x10 d:/atmel7/7.0/toolchain/avr32/avr32-gnu-toolchain/bin/../lib/gcc/avr32/4.4.7/../../../../avr32/lib/ucr2\libc.a(lib_a-fclose.o)
                                 0x18 (size before relaxing)
                0x8000c660                fclose
 .text._fstat_r
                0x8000c670       0x24 d:/atmel7/7.0/toolchain/avr32/avr32-gnu-toolchain/bin/../lib/gcc/avr32/4.4.7/../../../../avr32/lib/ucr2\libc.a(lib_a-fstatr.o)
                                 0x2c (size before relaxing)
                0x8000c670                _fstat_r
 .text._lseek_r
                0x8000c694       0x28 d:/atmel7/7.0/toolchain/avr32/avr32-gnu-toolchain/bin/../lib/gcc/avr32/4.4.7/../../../../avr32/lib/ucr2\libc.a(lib_a-lseekr.o)
                                 0x2c (size before relaxing)
                0x8000c694                _lseek_r
 .text._read_r  0x8000c6bc       0x28 d:/atmel7/7.0/toolchain/avr32/avr32-gnu-toolchain/bin/../lib/gcc/avr32/4.4.7/../../../../avr32/lib/ucr2\libc.a(lib_a-readr.o)
                                 0x2c (size before relaxing)
                0x8000c6bc                _read_r
 .text          0x8000c6e4       0x2a d:/atmel7/7.0/toolchain/avr32/avr32-gnu-toolchain/bin/../lib/gcc/avr32/4.4.7/ucr2\libgcc.a(_avr32_f64_to_s32.o)
                0x8000c6e4                __avr32_f64_to_u32
                0x8000c6e8                __avr32_f64_to_s32
 .text          0x8000c70e       0x26 d:/atmel7/7.0/toolchain/avr32/avr32-gnu-toolchain/bin/../lib/gcc/avr32/4.4.7/ucr2\libgcc.a(_avr32_f64_cmp_eq.o)
                0x8000c70e                __avr32_f64_cmp_eq
 .text          0x8000c734       0x68 d:/atmel7/7.0/toolchain/avr32/avr32-gnu-toolchain/bin/../lib/gcc/avr32/4.4.7/ucr2\libgcc.a(_avr32_f64_cmp_ge.o)
                0x8000c734                __avr32_f64_cmp_ge
 .text          0x8000c79c      0x20c d:/atmel7/7.0/toolchain/avr32/avr32-gnu-toolchain/bin/../lib/gcc/avr32/4.4.7/ucr2\libgcc.a(_umoddi3.o)
                0x8000c79c                __avr32_umod64
                0x8000c79c                __umoddi3
 *(.text.*personality*)
 *(.gnu.warning)

.exception      0x8000ca00      0x200
 .exception     0x8000ca00      0x200 FreeRTOS/source/portable/gcc/avr32_uc3/exception.o
                0x8000ca00                _evba
                0x8000cb04                _int0
                0x8000cb12                _int1
                0x8000cb20                _int2
                0x8000cb2e                _int3

.fini
 *(.fini)
                0x8000cc00                PROVIDE (__etext, .)
                0x8000cc00                PROVIDE (_etext, .)
                0x8000cc00                PROVIDE (etext, .)

.rodata         0x8000cc00    0x22ec4
 *(.rodata .rodata.* .gnu.linkonce.r.*)
 .rodata.C.52.10878
                0x8000cc00       0x18 src/ASF/avr32/components/audio/amp/tpa6130a2/tpa6130.o
 .rodata.TPA6130_ABDAC_GPIO_MAP
                0x8000cc18       0x20 src/ASF/avr32/components/audio/amp/tpa6130a2/tpa6130.o
 .rodata.FONT6x8
                0x8000cc38      0x308 src/ASF/avr32/components/display/et024006dhu/et024006dhu.o
                0x8000cc38                FONT6x8
 .rodata.SMC_EBI_GPIO_MAP.10637
                0x8000cf40       0xa0 src/ASF/avr32/drivers/ebi/smc/smc.o
 .rodata._int_handler_table
                0x8000cfe0       0xa0 src/ASF/avr32/drivers/intc/intc.o
 .rodata.gasDetectado
                0x8000d080     0xac90 src/et024006dhu_example.o
                0x8000d080                gasDetectado
 .rodata.USART_OPTIONS.13886
                0x80017d10        0xc src/et024006dhu_example.o
 .rodata.C.125.13892
                0x80017d1c        0xc src/et024006dhu_example.o
 .rodata.temperaturaAlta
                0x80017d28     0xaa10 src/et024006dhu_example.o
                0x80017d28                temperaturaAlta
 .rodata.GPIO_MAP.13884
                0x80022738       0x50 src/et024006dhu_example.o
 .rodata.str1.4
                0x80022788       0x8b src/et024006dhu_example.o
                                 0x8c (size before relaxing)
 *fill*         0x80022813        0x1 
 .rodata.C.126.13893
                0x80022814       0x10 src/et024006dhu_example.o
 .rodata.lucesEncendidos
                0x80022824     0xcd10 src/et024006dhu_example.o
                0x80022824                lucesEncendidos
 .rodata.str1.4
                0x8002f534        0x5 FreeRTOS/source/tasks.o
                                  0x8 (size before relaxing)
 *fill*         0x8002f539        0x3 
 .rodata.get_arg
                0x8002f53c       0x3c d:/atmel7/7.0/toolchain/avr32/avr32-gnu-toolchain/bin/../lib/gcc/avr32/4.4.7/../../../../avr32/lib/ucr2\libc.a(lib_a-vfprintf.o)
 .rodata._vfprintf_r
                0x8002f578      0x164 d:/atmel7/7.0/toolchain/avr32/avr32-gnu-toolchain/bin/../lib/gcc/avr32/4.4.7/../../../../avr32/lib/ucr2\libc.a(lib_a-vfprintf.o)
 .rodata.state_table
                0x8002f6dc       0x6c d:/atmel7/7.0/toolchain/avr32/avr32-gnu-toolchain/bin/../lib/gcc/avr32/4.4.7/../../../../avr32/lib/ucr2\libc.a(lib_a-vfprintf.o)
 .rodata.action_table
                0x8002f748       0x6c d:/atmel7/7.0/toolchain/avr32/avr32-gnu-toolchain/bin/../lib/gcc/avr32/4.4.7/../../../../avr32/lib/ucr2\libc.a(lib_a-vfprintf.o)
 .rodata.str1.4
                0x8002f7b4       0x3a d:/atmel7/7.0/toolchain/avr32/avr32-gnu-toolchain/bin/../lib/gcc/avr32/4.4.7/../../../../avr32/lib/ucr2\libc.a(lib_a-vfprintf.o)
                                 0x3c (size before relaxing)
 *fill*         0x8002f7ee        0x2 
 .rodata.blanks.3430
                0x8002f7f0       0x10 d:/atmel7/7.0/toolchain/avr32/avr32-gnu-toolchain/bin/../lib/gcc/avr32/4.4.7/../../../../avr32/lib/ucr2\libc.a(lib_a-vfprintf.o)
 .rodata.zeroes.3431
                0x8002f800       0x10 d:/atmel7/7.0/toolchain/avr32/avr32-gnu-toolchain/bin/../lib/gcc/avr32/4.4.7/../../../../avr32/lib/ucr2\libc.a(lib_a-vfprintf.o)
 .rodata.chclass
                0x8002f810      0x100 d:/atmel7/7.0/toolchain/avr32/avr32-gnu-toolchain/bin/../lib/gcc/avr32/4.4.7/../../../../avr32/lib/ucr2\libc.a(lib_a-vfprintf.o)
 .rodata.str1.4
                0x8002f910       0x10 d:/atmel7/7.0/toolchain/avr32/avr32-gnu-toolchain/bin/../lib/gcc/avr32/4.4.7/../../../../avr32/lib/ucr2\libc.a(lib_a-dtoa.o)
                                 0x14 (size before relaxing)
 .rodata.__sf_fake_stdin
                0x8002f920       0x20 d:/atmel7/7.0/toolchain/avr32/avr32-gnu-toolchain/bin/../lib/gcc/avr32/4.4.7/../../../../avr32/lib/ucr2\libc.a(lib_a-findfp.o)
                0x8002f920                __sf_fake_stdin
 .rodata.__sf_fake_stdout
                0x8002f940       0x20 d:/atmel7/7.0/toolchain/avr32/avr32-gnu-toolchain/bin/../lib/gcc/avr32/4.4.7/../../../../avr32/lib/ucr2\libc.a(lib_a-findfp.o)
                0x8002f940                __sf_fake_stdout
 .rodata.__sf_fake_stderr
                0x8002f960       0x20 d:/atmel7/7.0/toolchain/avr32/avr32-gnu-toolchain/bin/../lib/gcc/avr32/4.4.7/../../../../avr32/lib/ucr2\libc.a(lib_a-findfp.o)
                0x8002f960                __sf_fake_stderr
 .rodata.str1.4
                0x8002f980        0x2 d:/atmel7/7.0/toolchain/avr32/avr32-gnu-toolchain/bin/../lib/gcc/avr32/4.4.7/../../../../avr32/lib/ucr2\libc.a(lib_a-impure.o)
                                  0x4 (size before relaxing)
 *fill*         0x8002f982        0x2 
 .rodata._global_impure_ptr
                0x8002f984        0x4 d:/atmel7/7.0/toolchain/avr32/avr32-gnu-toolchain/bin/../lib/gcc/avr32/4.4.7/../../../../avr32/lib/ucr2\libc.a(lib_a-impure.o)
                0x8002f984                _global_impure_ptr
 .rodata.lconv  0x8002f988       0x30 d:/atmel7/7.0/toolchain/avr32/avr32-gnu-toolchain/bin/../lib/gcc/avr32/4.4.7/../../../../avr32/lib/ucr2\libc.a(lib_a-locale.o)
 .rodata.str1.4
                0x8002f9b8       0x10 d:/atmel7/7.0/toolchain/avr32/avr32-gnu-toolchain/bin/../lib/gcc/avr32/4.4.7/../../../../avr32/lib/ucr2\libc.a(lib_a-locale.o)
                                 0x18 (size before relaxing)
 .rodata.p05.2471
                0x8002f9c8        0xc d:/atmel7/7.0/toolchain/avr32/avr32-gnu-toolchain/bin/../lib/gcc/avr32/4.4.7/../../../../avr32/lib/ucr2\libc.a(lib_a-mprec.o)
 .rodata.__mprec_tens
                0x8002f9d4       0xc8 d:/atmel7/7.0/toolchain/avr32/avr32-gnu-toolchain/bin/../lib/gcc/avr32/4.4.7/../../../../avr32/lib/ucr2\libc.a(lib_a-mprec.o)
                0x8002f9d4                __mprec_tens
 .rodata.__mprec_bigtens
                0x8002fa9c       0x28 d:/atmel7/7.0/toolchain/avr32/avr32-gnu-toolchain/bin/../lib/gcc/avr32/4.4.7/../../../../avr32/lib/ucr2\libc.a(lib_a-mprec.o)
                0x8002fa9c                __mprec_bigtens

.rodata1
 *(.rodata1)

.eh_frame_hdr
 *(.eh_frame_hdr)

.eh_frame
 *(.eh_frame)

.gcc_except_table
 *(.gcc_except_table)
 *(.gcc_except_table.*)

.lalign         0x8002fac4        0x4
                0x8002fac8                . = ALIGN (0x8)
 *fill*         0x8002fac4        0x4 
                0x8002fac8                PROVIDE (_data_lma, .)
                0x00000004                . = ORIGIN (INTRAM)

.dalign         0x00000004        0x4
                0x00000008                . = ALIGN (0x8)
 *fill*         0x00000004        0x4 
                0x00000008                PROVIDE (_data, .)

.eh_frame
 *(.eh_frame)

.gcc_except_table
 *(.gcc_except_table)
 *(.gcc_except_table.*)

.tdata
 *(.tdata .tdata.* .gnu.linkonce.td.*)

.tbss
 *(.tbss .tbss.* .gnu.linkonce.tb.*)
 *(.tcommon)
                0x00000008                PROVIDE (__preinit_array_start, ALIGN (0x4))

.preinit_array
 *(.preinit_array)
                0x00000008                PROVIDE (__preinit_array_end, .)
                0x00000008                PROVIDE (__init_array_start, .)

.init_array
 *(.init_array)
                0x00000008                PROVIDE (__init_array_end, .)
                0x00000008                PROVIDE (__fini_array_start, .)

.fini_array
 *(.fini_array)
                0x00000008                PROVIDE (__fini_array_end, .)

.ctors
 *crtbegin*.o(.ctors)
 *(EXCLUDE_FILE(*crtend*.o) .ctors)
 *(SORT(.ctors.*))
 *(.ctors)

.dtors
 *crtbegin*.o(.dtors)
 *(EXCLUDE_FILE(*crtend*.o) .dtors)
 *(SORT(.dtors.*))
 *(.dtors)

.jcr
 *(.jcr)

.data.rel.ro
 *(.data.rel.ro.local)
 *(.data.rel.ro*)

.dynamic
 *(.dynamic)

.got
 *(.got.plt)
 *(.got)

.ramtext
 *(.ramtext .ramtext.*)

.ddalign        0x00000008        0x0 load address 0x8002fac8
                0x00000008                . = ALIGN (0x8)

.data           0x00000008      0x530 load address 0x8002fac8
 *(.data .data.* .gnu.linkonce.d.*)
 .data.tpa6130_shadow_regs
                0x00000008        0x4 src/ASF/avr32/components/audio/amp/tpa6130a2/tpa6130.o
 .data.pwm_channel6
                0x0000000c       0x20 src/et024006dhu_example.o
                0x0000000c                pwm_channel6
 .data.ulCriticalNesting
                0x0000002c        0x4 FreeRTOS/source/portable/gcc/avr32_uc3/port.o
                0x0000002c                ulCriticalNesting
 .data.xNextTaskUnblockTime
                0x00000030        0x4 FreeRTOS/source/tasks.o
 .data.__malloc_av_
                0x00000034      0x408 d:/atmel7/7.0/toolchain/avr32/avr32-gnu-toolchain/bin/../lib/gcc/avr32/4.4.7/../../../../avr32/lib/ucr2\libc.a(lib_a-mallocr.o)
                0x00000034                __malloc_av_
 .data.__malloc_trim_threshold
                0x0000043c        0x4 d:/atmel7/7.0/toolchain/avr32/avr32-gnu-toolchain/bin/../lib/gcc/avr32/4.4.7/../../../../avr32/lib/ucr2\libc.a(lib_a-mallocr.o)
                0x0000043c                __malloc_trim_threshold
 .data.__malloc_sbrk_base
                0x00000440        0x4 d:/atmel7/7.0/toolchain/avr32/avr32-gnu-toolchain/bin/../lib/gcc/avr32/4.4.7/../../../../avr32/lib/ucr2\libc.a(lib_a-mallocr.o)
                0x00000440                __malloc_sbrk_base
 .data.impure_data
                0x00000444       0xf0 d:/atmel7/7.0/toolchain/avr32/avr32-gnu-toolchain/bin/../lib/gcc/avr32/4.4.7/../../../../avr32/lib/ucr2\libc.a(lib_a-impure.o)
 .data._impure_ptr
                0x00000534        0x4 d:/atmel7/7.0/toolchain/avr32/avr32-gnu-toolchain/bin/../lib/gcc/avr32/4.4.7/../../../../avr32/lib/ucr2\libc.a(lib_a-impure.o)
                0x00000534                _impure_ptr
 *(.gnu.linkonce.d.*personality*)

.data1
 *(.data1)

.balign         0x00000538        0x0 load address 0x8002fff8
                0x00000538                . = ALIGN (0x8)
                0x00000538                PROVIDE (_edata, .)
                0x00000538                PROVIDE (edata, .)
                0x00000538                __bss_start = .

.bss            0x00000538      0xb28
 *(.dynbss)
 *(.bss .bss.* .gnu.linkonce.b.*)
 .bss.gl_ptr_mem
                0x00000538        0x8 src/ASF/avr32/components/memory/sd_mmc/sd_mmc_spi/sd_mmc_spi.o
 .bss.sd_mmc_opt
                0x00000540       0x10 src/ASF/avr32/components/memory/sd_mmc/sd_mmc_spi/sd_mmc_spi.o
 .bss.sd_mmc_pba_hz
                0x00000550        0x4 src/ASF/avr32/components/memory/sd_mmc/sd_mmc_spi/sd_mmc_spi.o
 .bss.sd_mmc_spi_init_done
                0x00000554        0x1 src/ASF/avr32/components/memory/sd_mmc/sd_mmc_spi/sd_mmc_spi.o
                0x00000554                sd_mmc_spi_init_done
 *fill*         0x00000555        0x3 
 .bss.tpa6130_output_param
                0x00000558        0xc src/ASF/avr32/components/audio/amp/tpa6130a2/tpa6130.o
 .bss.tft_data  0x00000564        0x8 src/ASF/avr32/components/display/et024006dhu/et024006dhu.o
 .bss.smc_tab_cs_size
                0x0000056c        0x8 src/ASF/avr32/drivers/ebi/smc/smc.o
 .bss._int_line_handler_table_6
                0x00000574        0x4 src/ASF/avr32/drivers/intc/intc.o
 .bss._int_line_handler_table_7
                0x00000578        0x4 src/ASF/avr32/drivers/intc/intc.o
 .bss._int_line_handler_table_8
                0x0000057c        0x4 src/ASF/avr32/drivers/intc/intc.o
 .bss._int_line_handler_table_9
                0x00000580        0x4 src/ASF/avr32/drivers/intc/intc.o
 .bss._int_line_handler_table_10
                0x00000584        0x4 src/ASF/avr32/drivers/intc/intc.o
 .bss._int_line_handler_table_11
                0x00000588        0x4 src/ASF/avr32/drivers/intc/intc.o
 .bss._int_line_handler_table_12
                0x0000058c        0x4 src/ASF/avr32/drivers/intc/intc.o
 .bss._int_line_handler_table_13
                0x00000590        0x4 src/ASF/avr32/drivers/intc/intc.o
 .bss._int_line_handler_table_14
                0x00000594        0xc src/ASF/avr32/drivers/intc/intc.o
 .bss._int_line_handler_table_15
                0x000005a0        0x4 src/ASF/avr32/drivers/intc/intc.o
 .bss._int_line_handler_table_16
                0x000005a4        0x4 src/ASF/avr32/drivers/intc/intc.o
 .bss._int_line_handler_table_17
                0x000005a8        0x4 src/ASF/avr32/drivers/intc/intc.o
 .bss._int_line_handler_table_18
                0x000005ac        0x4 src/ASF/avr32/drivers/intc/intc.o
 .bss._int_line_handler_table_19
                0x000005b0        0x4 src/ASF/avr32/drivers/intc/intc.o
 .bss._int_line_handler_table_0
                0x000005b4        0x4 src/ASF/avr32/drivers/intc/intc.o
 .bss._int_line_handler_table_1
                0x000005b8       0x2c src/ASF/avr32/drivers/intc/intc.o
 .bss._int_line_handler_table_2
                0x000005e4       0x38 src/ASF/avr32/drivers/intc/intc.o
 .bss._int_line_handler_table_3
                0x0000061c       0x3c src/ASF/avr32/drivers/intc/intc.o
 .bss._int_line_handler_table_4
                0x00000658        0x4 src/ASF/avr32/drivers/intc/intc.o
 .bss._int_line_handler_table_5
                0x0000065c        0x4 src/ASF/avr32/drivers/intc/intc.o
 .bss.twi_busy  0x00000660        0x1 src/ASF/avr32/drivers/twi/twi.o
 .bss.twi_nack  0x00000661        0x1 src/ASF/avr32/drivers/twi/twi.o
 *fill*         0x00000662        0x2 
 .bss.twi_tx_nb_bytes
                0x00000664        0x4 src/ASF/avr32/drivers/twi/twi.o
 .bss.twi_it_mask
                0x00000668        0x4 src/ASF/avr32/drivers/twi/twi.o
 .bss.twi_inst  0x0000066c        0x4 src/ASF/avr32/drivers/twi/twi.o
 .bss.twi_tx_data
                0x00000670        0x4 src/ASF/avr32/drivers/twi/twi.o
 .bss.twi_rx_nb_bytes
                0x00000674        0x4 src/ASF/avr32/drivers/twi/twi.o
 .bss.twi_rx_data
                0x00000678        0x4 src/ASF/avr32/drivers/twi/twi.o
 .bss.myTask3Handle
                0x0000067c        0x4 src/et024006dhu_example.o
                0x0000067c                myTask3Handle
 .bss.myTask7Handle
                0x00000680        0x4 src/et024006dhu_example.o
                0x00000680                myTask7Handle
 .bss.myTask4Handle
                0x00000684        0x4 src/et024006dhu_example.o
                0x00000684                myTask4Handle
 .bss.myTask1Handle
                0x00000688        0x4 src/et024006dhu_example.o
                0x00000688                myTask1Handle
 .bss.myTask5Handle
                0x0000068c        0x4 src/et024006dhu_example.o
                0x0000068c                myTask5Handle
 .bss.myTask2Handle
                0x00000690        0x4 src/et024006dhu_example.o
                0x00000690                myTask2Handle
 .bss.myTask6Handle
                0x00000694        0x4 src/et024006dhu_example.o
                0x00000694                myTask6Handle
 .bss.uxMissedTicks
                0x00000698        0x4 FreeRTOS/source/tasks.o
 .bss.uxTopUsedPriority
                0x0000069c        0x4 FreeRTOS/source/tasks.o
 .bss.pxDelayedTaskList
                0x000006a0        0x4 FreeRTOS/source/tasks.o
 .bss.xSchedulerRunning
                0x000006a4        0x4 FreeRTOS/source/tasks.o
 .bss.uxTasksDeleted
                0x000006a8        0x4 FreeRTOS/source/tasks.o
 .bss.xNumOfOverflows
                0x000006ac        0x4 FreeRTOS/source/tasks.o
 .bss.pxOverflowDelayedTaskList
                0x000006b0        0x4 FreeRTOS/source/tasks.o
 .bss.pxReadyTasksLists
                0x000006b4       0xa0 FreeRTOS/source/tasks.o
 .bss.xTasksWaitingTermination
                0x00000754       0x14 FreeRTOS/source/tasks.o
 .bss.pxCurrentTCB
                0x00000768        0x4 FreeRTOS/source/tasks.o
                0x00000768                pxCurrentTCB
 .bss.xPendingReadyList
                0x0000076c       0x14 FreeRTOS/source/tasks.o
 .bss.xDelayedTaskList1
                0x00000780       0x14 FreeRTOS/source/tasks.o
 .bss.xTickCount
                0x00000794        0x4 FreeRTOS/source/tasks.o
 .bss.uxSchedulerSuspended
                0x00000798        0x4 FreeRTOS/source/tasks.o
 .bss.xDelayedTaskList2
                0x0000079c       0x14 FreeRTOS/source/tasks.o
 .bss.uxTaskNumber
                0x000007b0        0x4 FreeRTOS/source/tasks.o
 .bss.uxCurrentNumberOfTasks
                0x000007b4        0x4 FreeRTOS/source/tasks.o
 .bss.xMissedYield
                0x000007b8        0x4 FreeRTOS/source/tasks.o
 .bss.xSuspendedTaskList
                0x000007bc       0x14 FreeRTOS/source/tasks.o
 .bss.uxTopReadyPriority
                0x000007d0        0x4 FreeRTOS/source/tasks.o
 .bss.__malloc_max_total_mem
                0x000007d4        0x4 d:/atmel7/7.0/toolchain/avr32/avr32-gnu-toolchain/bin/../lib/gcc/avr32/4.4.7/../../../../avr32/lib/ucr2\libc.a(lib_a-mallocr.o)
                0x000007d4                __malloc_max_total_mem
 .bss.__malloc_max_sbrked_mem
                0x000007d8        0x4 d:/atmel7/7.0/toolchain/avr32/avr32-gnu-toolchain/bin/../lib/gcc/avr32/4.4.7/../../../../avr32/lib/ucr2\libc.a(lib_a-mallocr.o)
                0x000007d8                __malloc_max_sbrked_mem
 .bss.__malloc_top_pad
                0x000007dc        0x4 d:/atmel7/7.0/toolchain/avr32/avr32-gnu-toolchain/bin/../lib/gcc/avr32/4.4.7/../../../../avr32/lib/ucr2\libc.a(lib_a-mallocr.o)
                0x000007dc                __malloc_top_pad
 .bss.__malloc_current_mallinfo
                0x000007e0       0x28 d:/atmel7/7.0/toolchain/avr32/avr32-gnu-toolchain/bin/../lib/gcc/avr32/4.4.7/../../../../avr32/lib/ucr2\libc.a(lib_a-mallocr.o)
                0x000007e0                __malloc_current_mallinfo
 .bss.cur_heap_pos.1869
                0x00000808        0x4 d:/atmel7/7.0/toolchain/avr32/avr32-gnu-toolchain/bin/../lib/gcc/avr32/4.4.7/../../../../avr32/lib/ucr2\libc.a(lib_a-syscalls.o)
 *(COMMON)
 COMMON         0x0000080c      0x229 src/ASF/avr32/components/memory/sd_mmc/sd_mmc_spi/sd_mmc_spi.o
                0x0000080c                data_mem
                0x00000a10                capacity
                0x00000a18                capacity_mult
                0x00000a1a                erase_group_size
                0x00000a1c                sd_mmc_spi_last_block_address
                0x00000a20                r2
                0x00000a22                card_type
                0x00000a24                csd
                0x00000a34                r1
 *fill*         0x00000a35        0x3 
 COMMON         0x00000a38      0x620 src/et024006dhu_example.o
                0x00000a38                xMutexSD
                0x00000a3c                gasQueue
                0x00000a40                iluminosidadSDQueue
                0x00000a44                buffer_rx_spi
                0x00000e2c                iluminosidadQueue
                0x00000e30                buffer_rx
                0x00000e34                xMutex
                0x00000e38                pdca_channeltx
                0x00000e3c                temperaturaSDQueue
                0x00000e40                pdca_channelrx
                0x00000e44                samples_count
                0x00000e48                temperaturaQueue
                0x00000e4c                samples
                0x0000104c                gasSDQueue
                0x00001050                dummy
                0x00001054                xMutexAudio
 COMMON         0x00001058        0x4 FreeRTOS/source/portable/gcc/avr32_uc3/write.o
                0x00001058                stdio_usart_base
 COMMON         0x0000105c        0x4 d:/atmel7/7.0/toolchain/avr32/avr32-gnu-toolchain/bin/../lib/gcc/avr32/4.4.7/../../../../avr32/lib/ucr2\libc.a(lib_a-reent.o)
                0x0000105c                errno
                0x00001060                . = ALIGN (0x8)
                0x00001060                . = ALIGN (0x8)
                0x00001060                _end = .
                0x00001060                PROVIDE (end, .)
                0x00001060                __heap_start__ = ALIGN (0x8)

.heap           0x00001060     0xdfa0
 *(.heap)
                0x0000dfa0                . = (__heap_size__ == __max_heap_size__)?(((ORIGIN (INTRAM) + 0xfffc) - __stack_size__) - ABSOLUTE (.)):__heap_size__
 *fill*         0x00001060     0xdfa0 
                0x0000f000                __heap_end__ = .

.stab
 *(.stab)

.stabstr
 *(.stabstr)

.stab.excl
 *(.stab.excl)

.stab.exclstr
 *(.stab.exclstr)

.stab.index
 *(.stab.index)

.stab.indexstr
 *(.stab.indexstr)

.comment        0x00000000       0x30
 *(.comment)
 .comment       0x00000000       0x30 src/ASF/avr32/components/memory/sd_mmc/sd_mmc_spi/sd_mmc_spi.o
                                 0x31 (size before relaxing)
 .comment       0x00000000       0x31 src/ASF/avr32/drivers/spi/spi.o
 .comment       0x00000000       0x31 src/ASF/avr32/components/audio/amp/tpa6130a2/tpa6130.o
 .comment       0x00000000       0x31 src/ASF/avr32/components/display/et024006dhu/et024006dhu.o
 .comment       0x00000000       0x31 src/ASF/avr32/drivers/abdac/abdac.o
 .comment       0x00000000       0x31 src/ASF/avr32/drivers/adc/adc.o
 .comment       0x00000000       0x31 src/ASF/avr32/drivers/ebi/smc/smc.o
 .comment       0x00000000       0x31 src/ASF/avr32/drivers/flashc/flashc.o
 .comment       0x00000000       0x31 src/ASF/avr32/drivers/gpio/gpio.o
 .comment       0x00000000       0x31 src/ASF/avr32/drivers/intc/intc.o
 .comment       0x00000000       0x31 src/ASF/avr32/drivers/pdca/pdca.o
 .comment       0x00000000       0x31 src/ASF/avr32/drivers/pm/pm.o
 .comment       0x00000000       0x31 src/ASF/avr32/drivers/pwm/pwm.o
 .comment       0x00000000       0x31 src/ASF/avr32/drivers/twi/twi.o
 .comment       0x00000000       0x31 src/ASF/avr32/drivers/usart/usart.o
 .comment       0x00000000       0x31 src/ASF/avr32/utils/debug/print_funcs.o
 .comment       0x00000000       0x31 src/et024006dhu_example.o
 .comment       0x00000000       0x31 FreeRTOS/source/list.o
 .comment       0x00000000       0x31 FreeRTOS/source/portable/gcc/avr32_uc3/port.o
 .comment       0x00000000       0x31 FreeRTOS/source/portable/gcc/avr32_uc3/read.o
 .comment       0x00000000       0x31 FreeRTOS/source/portable/gcc/avr32_uc3/write.o
 .comment       0x00000000       0x31 FreeRTOS/source/portable/memmang/heap_3.o
 .comment       0x00000000       0x31 FreeRTOS/source/queue.o
 .comment       0x00000000       0x31 FreeRTOS/source/tasks.o
 .comment       0x00000000       0x31 d:/atmel7/7.0/toolchain/avr32/avr32-gnu-toolchain/bin/../lib/gcc/avr32/4.4.7/ucr2\libgcc.a(_udivdi3.o)
 .comment       0x00000000       0x31 d:/atmel7/7.0/toolchain/avr32/avr32-gnu-toolchain/bin/../lib/gcc/avr32/4.4.7/../../../../avr32/lib/ucr2\libc.a(lib_a-malloc.o)
 .comment       0x00000000       0x31 d:/atmel7/7.0/toolchain/avr32/avr32-gnu-toolchain/bin/../lib/gcc/avr32/4.4.7/../../../../avr32/lib/ucr2\libc.a(lib_a-mallocr.o)
 .comment       0x00000000       0x31 d:/atmel7/7.0/toolchain/avr32/avr32-gnu-toolchain/bin/../lib/gcc/avr32/4.4.7/../../../../avr32/lib/ucr2\libc.a(lib_a-memset.o)
 .comment       0x00000000       0x31 d:/atmel7/7.0/toolchain/avr32/avr32-gnu-toolchain/bin/../lib/gcc/avr32/4.4.7/../../../../avr32/lib/ucr2\libc.a(lib_a-reallocr.o)
 .comment       0x00000000       0x31 d:/atmel7/7.0/toolchain/avr32/avr32-gnu-toolchain/bin/../lib/gcc/avr32/4.4.7/../../../../avr32/lib/ucr2\libc.a(lib_a-sbrkr.o)
 .comment       0x00000000       0x31 d:/atmel7/7.0/toolchain/avr32/avr32-gnu-toolchain/bin/../lib/gcc/avr32/4.4.7/../../../../avr32/lib/ucr2\libc.a(lib_a-sprintf.o)
 .comment       0x00000000       0x31 d:/atmel7/7.0/toolchain/avr32/avr32-gnu-toolchain/bin/../lib/gcc/avr32/4.4.7/../../../../avr32/lib/ucr2\libc.a(lib_a-syscalls.o)
 .comment       0x00000000       0x31 d:/atmel7/7.0/toolchain/avr32/avr32-gnu-toolchain/bin/../lib/gcc/avr32/4.4.7/../../../../avr32/lib/ucr2\libc.a(lib_a-vfprintf.o)
 .comment       0x00000000       0x31 d:/atmel7/7.0/toolchain/avr32/avr32-gnu-toolchain/bin/../lib/gcc/avr32/4.4.7/../../../../avr32/lib/ucr2\libc.a(lib_a-wsetup.o)
 .comment       0x00000000       0x31 d:/atmel7/7.0/toolchain/avr32/avr32-gnu-toolchain/bin/../lib/gcc/avr32/4.4.7/../../../../avr32/lib/ucr2\libc.a(lib_a-dtoa.o)
 .comment       0x00000000       0x31 d:/atmel7/7.0/toolchain/avr32/avr32-gnu-toolchain/bin/../lib/gcc/avr32/4.4.7/../../../../avr32/lib/ucr2\libc.a(lib_a-errno.o)
 .comment       0x00000000       0x31 d:/atmel7/7.0/toolchain/avr32/avr32-gnu-toolchain/bin/../lib/gcc/avr32/4.4.7/../../../../avr32/lib/ucr2\libc.a(lib_a-fflush.o)
 .comment       0x00000000       0x31 d:/atmel7/7.0/toolchain/avr32/avr32-gnu-toolchain/bin/../lib/gcc/avr32/4.4.7/../../../../avr32/lib/ucr2\libc.a(lib_a-findfp.o)
 .comment       0x00000000       0x31 d:/atmel7/7.0/toolchain/avr32/avr32-gnu-toolchain/bin/../lib/gcc/avr32/4.4.7/../../../../avr32/lib/ucr2\libc.a(lib_a-freer.o)
 .comment       0x00000000       0x31 d:/atmel7/7.0/toolchain/avr32/avr32-gnu-toolchain/bin/../lib/gcc/avr32/4.4.7/../../../../avr32/lib/ucr2\libc.a(lib_a-fvwrite.o)
 .comment       0x00000000       0x31 d:/atmel7/7.0/toolchain/avr32/avr32-gnu-toolchain/bin/../lib/gcc/avr32/4.4.7/../../../../avr32/lib/ucr2\libc.a(lib_a-fwalk.o)
 .comment       0x00000000       0x31 d:/atmel7/7.0/toolchain/avr32/avr32-gnu-toolchain/bin/../lib/gcc/avr32/4.4.7/../../../../avr32/lib/ucr2\libc.a(lib_a-impure.o)
 .comment       0x00000000       0x31 d:/atmel7/7.0/toolchain/avr32/avr32-gnu-toolchain/bin/../lib/gcc/avr32/4.4.7/../../../../avr32/lib/ucr2\libc.a(lib_a-locale.o)
 .comment       0x00000000       0x31 d:/atmel7/7.0/toolchain/avr32/avr32-gnu-toolchain/bin/../lib/gcc/avr32/4.4.7/../../../../avr32/lib/ucr2\libc.a(lib_a-makebuf.o)
 .comment       0x00000000       0x31 d:/atmel7/7.0/toolchain/avr32/avr32-gnu-toolchain/bin/../lib/gcc/avr32/4.4.7/../../../../avr32/lib/ucr2\libc.a(lib_a-memchr.o)
 .comment       0x00000000       0x31 d:/atmel7/7.0/toolchain/avr32/avr32-gnu-toolchain/bin/../lib/gcc/avr32/4.4.7/../../../../avr32/lib/ucr2\libc.a(lib_a-memmove.o)
 .comment       0x00000000       0x31 d:/atmel7/7.0/toolchain/avr32/avr32-gnu-toolchain/bin/../lib/gcc/avr32/4.4.7/../../../../avr32/lib/ucr2\libc.a(lib_a-mprec.o)
 .comment       0x00000000       0x31 d:/atmel7/7.0/toolchain/avr32/avr32-gnu-toolchain/bin/../lib/gcc/avr32/4.4.7/../../../../avr32/lib/ucr2\libc.a(lib_a-reent.o)
 .comment       0x00000000       0x31 d:/atmel7/7.0/toolchain/avr32/avr32-gnu-toolchain/bin/../lib/gcc/avr32/4.4.7/../../../../avr32/lib/ucr2\libc.a(lib_a-s_isinfd.o)
 .comment       0x00000000       0x31 d:/atmel7/7.0/toolchain/avr32/avr32-gnu-toolchain/bin/../lib/gcc/avr32/4.4.7/../../../../avr32/lib/ucr2\libc.a(lib_a-s_isnand.o)
 .comment       0x00000000       0x31 d:/atmel7/7.0/toolchain/avr32/avr32-gnu-toolchain/bin/../lib/gcc/avr32/4.4.7/../../../../avr32/lib/ucr2\libc.a(lib_a-stdio.o)
 .comment       0x00000000       0x31 d:/atmel7/7.0/toolchain/avr32/avr32-gnu-toolchain/bin/../lib/gcc/avr32/4.4.7/../../../../avr32/lib/ucr2\libc.a(lib_a-strlen.o)
 .comment       0x00000000       0x31 d:/atmel7/7.0/toolchain/avr32/avr32-gnu-toolchain/bin/../lib/gcc/avr32/4.4.7/../../../../avr32/lib/ucr2\libc.a(lib_a-writer.o)
 .comment       0x00000000       0x31 d:/atmel7/7.0/toolchain/avr32/avr32-gnu-toolchain/bin/../lib/gcc/avr32/4.4.7/../../../../avr32/lib/ucr2\libc.a(lib_a-callocr.o)
 .comment       0x00000000       0x31 d:/atmel7/7.0/toolchain/avr32/avr32-gnu-toolchain/bin/../lib/gcc/avr32/4.4.7/../../../../avr32/lib/ucr2\libc.a(lib_a-closer.o)
 .comment       0x00000000       0x31 d:/atmel7/7.0/toolchain/avr32/avr32-gnu-toolchain/bin/../lib/gcc/avr32/4.4.7/../../../../avr32/lib/ucr2\libc.a(lib_a-fclose.o)
 .comment       0x00000000       0x31 d:/atmel7/7.0/toolchain/avr32/avr32-gnu-toolchain/bin/../lib/gcc/avr32/4.4.7/../../../../avr32/lib/ucr2\libc.a(lib_a-fstatr.o)
 .comment       0x00000000       0x31 d:/atmel7/7.0/toolchain/avr32/avr32-gnu-toolchain/bin/../lib/gcc/avr32/4.4.7/../../../../avr32/lib/ucr2\libc.a(lib_a-lseekr.o)
 .comment       0x00000000       0x31 d:/atmel7/7.0/toolchain/avr32/avr32-gnu-toolchain/bin/../lib/gcc/avr32/4.4.7/../../../../avr32/lib/ucr2\libc.a(lib_a-readr.o)
 .comment       0x00000000       0x31 d:/atmel7/7.0/toolchain/avr32/avr32-gnu-toolchain/bin/../lib/gcc/avr32/4.4.7/ucr2\libgcc.a(_umoddi3.o)

.debug
 *(.debug)

.line
 *(.line)

.debug_srcinfo
 *(.debug_srcinfo)

.debug_sfnames
 *(.debug_sfnames)

.debug_aranges  0x00000000     0x1648
 *(.debug_aranges)
 .debug_aranges
                0x00000000       0xf0 src/ASF/avr32/components/memory/sd_mmc/sd_mmc_spi/sd_mmc_spi.o
 .debug_aranges
                0x000000f0       0xa8 src/ASF/avr32/drivers/spi/spi.o
 .debug_aranges
                0x00000198       0xb8 src/ASF/avr32/components/audio/amp/tpa6130a2/tpa6130.o
 .debug_aranges
                0x00000250      0x110 src/ASF/avr32/components/display/et024006dhu/et024006dhu.o
 .debug_aranges
                0x00000360       0x50 src/ASF/avr32/drivers/abdac/abdac.o
 .debug_aranges
                0x000003b0       0x60 src/ASF/avr32/drivers/adc/adc.o
 .debug_aranges
                0x00000410       0x28 src/ASF/avr32/drivers/ebi/smc/smc.o
 .debug_aranges
                0x00000438      0x218 src/ASF/avr32/drivers/flashc/flashc.o
 .debug_aranges
                0x00000650      0x100 src/ASF/avr32/drivers/gpio/gpio.o
 .debug_aranges
                0x00000750       0x38 src/ASF/avr32/drivers/intc/intc.o
 .debug_aranges
                0x00000788       0xa8 src/ASF/avr32/drivers/pdca/pdca.o
 .debug_aranges
                0x00000830      0x190 src/ASF/avr32/drivers/pm/pm.o
 .debug_aranges
                0x000009c0       0x48 src/ASF/avr32/drivers/pwm/pwm.o
 .debug_aranges
                0x00000a08       0x68 src/ASF/avr32/drivers/twi/twi.o
 .debug_aranges
                0x00000a70       0xe0 src/ASF/avr32/drivers/usart/usart.o
 .debug_aranges
                0x00000b50       0x88 src/ASF/avr32/utils/debug/print_funcs.o
 .debug_aranges
                0x00000bd8       0x28 src/ASF/avr32/utils/startup/startup_uc3.o
 .debug_aranges
                0x00000c00       0x20 src/ASF/avr32/utils/startup/trampoline_uc3.o
 .debug_aranges
                0x00000c20       0x98 src/et024006dhu_example.o
 .debug_aranges
                0x00000cb8       0x40 FreeRTOS/source/list.o
 .debug_aranges
                0x00000cf8       0x20 FreeRTOS/source/portable/gcc/avr32_uc3/exception.o
 .debug_aranges
                0x00000d18       0x78 FreeRTOS/source/portable/gcc/avr32_uc3/port.o
 .debug_aranges
                0x00000d90       0x20 FreeRTOS/source/portable/gcc/avr32_uc3/read.o
 .debug_aranges
                0x00000db0       0x20 FreeRTOS/source/portable/gcc/avr32_uc3/write.o
 .debug_aranges
                0x00000dd0       0x28 FreeRTOS/source/portable/memmang/heap_3.o
 .debug_aranges
                0x00000df8       0x88 FreeRTOS/source/queue.o
 .debug_aranges
                0x00000e80      0x108 FreeRTOS/source/tasks.o
 .debug_aranges
                0x00000f88       0x20 d:/atmel7/7.0/toolchain/avr32/avr32-gnu-toolchain/bin/../lib/gcc/avr32/4.4.7/ucr2\libgcc.a(_udivdi3.o)
 .debug_aranges
                0x00000fa8       0x28 d:/atmel7/7.0/toolchain/avr32/avr32-gnu-toolchain/bin/../lib/gcc/avr32/4.4.7/../../../../avr32/lib/ucr2\libc.a(lib_a-malloc.o)
 .debug_aranges
                0x00000fd0       0x20 d:/atmel7/7.0/toolchain/avr32/avr32-gnu-toolchain/bin/../lib/gcc/avr32/4.4.7/../../../../avr32/lib/ucr2\libc.a(lib_a-mallocr.o)
 .debug_aranges
                0x00000ff0       0x20 d:/atmel7/7.0/toolchain/avr32/avr32-gnu-toolchain/bin/../lib/gcc/avr32/4.4.7/../../../../avr32/lib/ucr2\libc.a(lib_a-memset.o)
 .debug_aranges
                0x00001010       0x20 d:/atmel7/7.0/toolchain/avr32/avr32-gnu-toolchain/bin/../lib/gcc/avr32/4.4.7/../../../../avr32/lib/ucr2\libc.a(lib_a-reallocr.o)
 .debug_aranges
                0x00001030       0x20 d:/atmel7/7.0/toolchain/avr32/avr32-gnu-toolchain/bin/../lib/gcc/avr32/4.4.7/../../../../avr32/lib/ucr2\libc.a(lib_a-sbrkr.o)
 .debug_aranges
                0x00001050       0x28 d:/atmel7/7.0/toolchain/avr32/avr32-gnu-toolchain/bin/../lib/gcc/avr32/4.4.7/../../../../avr32/lib/ucr2\libc.a(lib_a-sprintf.o)
 .debug_aranges
                0x00001078       0xf8 d:/atmel7/7.0/toolchain/avr32/avr32-gnu-toolchain/bin/../lib/gcc/avr32/4.4.7/../../../../avr32/lib/ucr2\libc.a(lib_a-syscalls.o)
 .debug_aranges
                0x00001170       0x38 d:/atmel7/7.0/toolchain/avr32/avr32-gnu-toolchain/bin/../lib/gcc/avr32/4.4.7/../../../../avr32/lib/ucr2\libc.a(lib_a-vfprintf.o)
 .debug_aranges
                0x000011a8       0x20 d:/atmel7/7.0/toolchain/avr32/avr32-gnu-toolchain/bin/../lib/gcc/avr32/4.4.7/../../../../avr32/lib/ucr2\libc.a(lib_a-wsetup.o)
 .debug_aranges
                0x000011c8       0x28 d:/atmel7/7.0/toolchain/avr32/avr32-gnu-toolchain/bin/../lib/gcc/avr32/4.4.7/../../../../avr32/lib/ucr2\libc.a(lib_a-dtoa.o)
 .debug_aranges
                0x000011f0       0x20 d:/atmel7/7.0/toolchain/avr32/avr32-gnu-toolchain/bin/../lib/gcc/avr32/4.4.7/../../../../avr32/lib/ucr2\libc.a(lib_a-errno.o)
 .debug_aranges
                0x00001210       0x28 d:/atmel7/7.0/toolchain/avr32/avr32-gnu-toolchain/bin/../lib/gcc/avr32/4.4.7/../../../../avr32/lib/ucr2\libc.a(lib_a-fflush.o)
 .debug_aranges
                0x00001238       0x80 d:/atmel7/7.0/toolchain/avr32/avr32-gnu-toolchain/bin/../lib/gcc/avr32/4.4.7/../../../../avr32/lib/ucr2\libc.a(lib_a-findfp.o)
 .debug_aranges
                0x000012b8       0x28 d:/atmel7/7.0/toolchain/avr32/avr32-gnu-toolchain/bin/../lib/gcc/avr32/4.4.7/../../../../avr32/lib/ucr2\libc.a(lib_a-freer.o)
 .debug_aranges
                0x000012e0       0x20 d:/atmel7/7.0/toolchain/avr32/avr32-gnu-toolchain/bin/../lib/gcc/avr32/4.4.7/../../../../avr32/lib/ucr2\libc.a(lib_a-fvwrite.o)
 .debug_aranges
                0x00001300       0x28 d:/atmel7/7.0/toolchain/avr32/avr32-gnu-toolchain/bin/../lib/gcc/avr32/4.4.7/../../../../avr32/lib/ucr2\libc.a(lib_a-fwalk.o)
 .debug_aranges
                0x00001328       0x40 d:/atmel7/7.0/toolchain/avr32/avr32-gnu-toolchain/bin/../lib/gcc/avr32/4.4.7/../../../../avr32/lib/ucr2\libc.a(lib_a-locale.o)
 .debug_aranges
                0x00001368       0x20 d:/atmel7/7.0/toolchain/avr32/avr32-gnu-toolchain/bin/../lib/gcc/avr32/4.4.7/../../../../avr32/lib/ucr2\libc.a(lib_a-makebuf.o)
 .debug_aranges
                0x00001388       0x20 d:/atmel7/7.0/toolchain/avr32/avr32-gnu-toolchain/bin/../lib/gcc/avr32/4.4.7/../../../../avr32/lib/ucr2\libc.a(lib_a-memchr.o)
 .debug_aranges
                0x000013a8       0x20 d:/atmel7/7.0/toolchain/avr32/avr32-gnu-toolchain/bin/../lib/gcc/avr32/4.4.7/../../../../avr32/lib/ucr2\libc.a(lib_a-memmove.o)
 .debug_aranges
                0x000013c8       0xb0 d:/atmel7/7.0/toolchain/avr32/avr32-gnu-toolchain/bin/../lib/gcc/avr32/4.4.7/../../../../avr32/lib/ucr2\libc.a(lib_a-mprec.o)
 .debug_aranges
                0x00001478       0x30 d:/atmel7/7.0/toolchain/avr32/avr32-gnu-toolchain/bin/../lib/gcc/avr32/4.4.7/../../../../avr32/lib/ucr2\libc.a(lib_a-reent.o)
 .debug_aranges
                0x000014a8       0x20 d:/atmel7/7.0/toolchain/avr32/avr32-gnu-toolchain/bin/../lib/gcc/avr32/4.4.7/../../../../avr32/lib/ucr2\libc.a(lib_a-s_isinfd.o)
 .debug_aranges
                0x000014c8       0x20 d:/atmel7/7.0/toolchain/avr32/avr32-gnu-toolchain/bin/../lib/gcc/avr32/4.4.7/../../../../avr32/lib/ucr2\libc.a(lib_a-s_isnand.o)
 .debug_aranges
                0x000014e8       0x38 d:/atmel7/7.0/toolchain/avr32/avr32-gnu-toolchain/bin/../lib/gcc/avr32/4.4.7/../../../../avr32/lib/ucr2\libc.a(lib_a-stdio.o)
 .debug_aranges
                0x00001520       0x20 d:/atmel7/7.0/toolchain/avr32/avr32-gnu-toolchain/bin/../lib/gcc/avr32/4.4.7/../../../../avr32/lib/ucr2\libc.a(lib_a-strlen.o)
 .debug_aranges
                0x00001540       0x20 d:/atmel7/7.0/toolchain/avr32/avr32-gnu-toolchain/bin/../lib/gcc/avr32/4.4.7/../../../../avr32/lib/ucr2\libc.a(lib_a-writer.o)
 .debug_aranges
                0x00001560       0x20 d:/atmel7/7.0/toolchain/avr32/avr32-gnu-toolchain/bin/../lib/gcc/avr32/4.4.7/../../../../avr32/lib/ucr2\libc.a(lib_a-callocr.o)
 .debug_aranges
                0x00001580       0x20 d:/atmel7/7.0/toolchain/avr32/avr32-gnu-toolchain/bin/../lib/gcc/avr32/4.4.7/../../../../avr32/lib/ucr2\libc.a(lib_a-closer.o)
 .debug_aranges
                0x000015a0       0x28 d:/atmel7/7.0/toolchain/avr32/avr32-gnu-toolchain/bin/../lib/gcc/avr32/4.4.7/../../../../avr32/lib/ucr2\libc.a(lib_a-fclose.o)
 .debug_aranges
                0x000015c8       0x20 d:/atmel7/7.0/toolchain/avr32/avr32-gnu-toolchain/bin/../lib/gcc/avr32/4.4.7/../../../../avr32/lib/ucr2\libc.a(lib_a-fstatr.o)
 .debug_aranges
                0x000015e8       0x20 d:/atmel7/7.0/toolchain/avr32/avr32-gnu-toolchain/bin/../lib/gcc/avr32/4.4.7/../../../../avr32/lib/ucr2\libc.a(lib_a-lseekr.o)
 .debug_aranges
                0x00001608       0x20 d:/atmel7/7.0/toolchain/avr32/avr32-gnu-toolchain/bin/../lib/gcc/avr32/4.4.7/../../../../avr32/lib/ucr2\libc.a(lib_a-readr.o)
 .debug_aranges
                0x00001628       0x20 d:/atmel7/7.0/toolchain/avr32/avr32-gnu-toolchain/bin/../lib/gcc/avr32/4.4.7/ucr2\libgcc.a(_umoddi3.o)

.debug_pubnames
                0x00000000     0x3442
 *(.debug_pubnames)
 .debug_pubnames
                0x00000000      0x3b1 src/ASF/avr32/components/memory/sd_mmc/sd_mmc_spi/sd_mmc_spi.o
 .debug_pubnames
                0x000003b1      0x178 src/ASF/avr32/drivers/spi/spi.o
 .debug_pubnames
                0x00000529      0x1b5 src/ASF/avr32/components/audio/amp/tpa6130a2/tpa6130.o
 .debug_pubnames
                0x000006de      0x317 src/ASF/avr32/components/display/et024006dhu/et024006dhu.o
 .debug_pubnames
                0x000009f5       0xa4 src/ASF/avr32/drivers/abdac/abdac.o
 .debug_pubnames
                0x00000a99       0xb3 src/ASF/avr32/drivers/adc/adc.o
 .debug_pubnames
                0x00000b4c       0x33 src/ASF/avr32/drivers/ebi/smc/smc.o
 .debug_pubnames
                0x00000b7f      0x771 src/ASF/avr32/drivers/flashc/flashc.o
 .debug_pubnames
                0x000012f0      0x330 src/ASF/avr32/drivers/gpio/gpio.o
 .debug_pubnames
                0x00001620       0x62 src/ASF/avr32/drivers/intc/intc.o
 .debug_pubnames
                0x00001682      0x238 src/ASF/avr32/drivers/pdca/pdca.o
 .debug_pubnames
                0x000018ba      0x3ee src/ASF/avr32/drivers/pm/pm.o
 .debug_pubnames
                0x00001ca8       0x9a src/ASF/avr32/drivers/pwm/pwm.o
 .debug_pubnames
                0x00001d42       0xb2 src/ASF/avr32/drivers/twi/twi.o
 .debug_pubnames
                0x00001df4      0x227 src/ASF/avr32/drivers/usart/usart.o
 .debug_pubnames
                0x0000201b      0x10f src/ASF/avr32/utils/debug/print_funcs.o
 .debug_pubnames
                0x0000212a      0x37a src/et024006dhu_example.o
 .debug_pubnames
                0x000024a4       0x71 FreeRTOS/source/list.o
 .debug_pubnames
                0x00002515       0xf6 FreeRTOS/source/portable/gcc/avr32_uc3/port.o
 .debug_pubnames
                0x0000260b       0x1c FreeRTOS/source/portable/gcc/avr32_uc3/read.o
 .debug_pubnames
                0x00002627       0x32 FreeRTOS/source/portable/gcc/avr32_uc3/write.o
 .debug_pubnames