Archive member included because of file (symbol)

d:/atmel7/7.0/toolchain/avr32/avr32-gnu-toolchain/bin/../lib/gcc/avr32/4.4.7/ucr2\libgcc.a(_udivdi3.o)
                              src/ASF/avr32/components/display/et024006dhu/et024006dhu.o (__avr32_udiv64)
d:/atmel7/7.0/toolchain/avr32/avr32-gnu-toolchain/bin/../lib/gcc/avr32/4.4.7/../../../../avr32/lib/ucr2\libc.a(lib_a-memcpy.o)
                              src/ASF/avr32/drivers/flashc/flashc.o (memcpy)
d:/atmel7/7.0/toolchain/avr32/avr32-gnu-toolchain/bin/../lib/gcc/avr32/4.4.7/../../../../avr32/lib/ucr2\libc.a(lib_a-rand.o)
                              src/et024006dhu_example.o (rand)
d:/atmel7/7.0/toolchain/avr32/avr32-gnu-toolchain/bin/../lib/gcc/avr32/4.4.7/../../../../avr32/lib/ucr2\libc.a(lib_a-time.o)
                              src/et024006dhu_example.o (time)
d:/atmel7/7.0/toolchain/avr32/avr32-gnu-toolchain/bin/../lib/gcc/avr32/4.4.7/../../../../avr32/lib/ucr2\libc.a(lib_a-gettimeofdayr.o)
                              d:/atmel7/7.0/toolchain/avr32/avr32-gnu-toolchain/bin/../lib/gcc/avr32/4.4.7/../../../../avr32/lib/ucr2\libc.a(lib_a-time.o) (_gettimeofday_r)
d:/atmel7/7.0/toolchain/avr32/avr32-gnu-toolchain/bin/../lib/gcc/avr32/4.4.7/../../../../avr32/lib/ucr2\libc.a(lib_a-impure.o)
                              d:/atmel7/7.0/toolchain/avr32/avr32-gnu-toolchain/bin/../lib/gcc/avr32/4.4.7/../../../../avr32/lib/ucr2\libc.a(lib_a-rand.o) (_impure_ptr)
d:/atmel7/7.0/toolchain/avr32/avr32-gnu-toolchain/bin/../lib/gcc/avr32/4.4.7/../../../../avr32/lib/ucr2\libc.a(lib_a-malloc.o)
                              d:/atmel7/7.0/toolchain/avr32/avr32-gnu-toolchain/bin/../lib/gcc/avr32/4.4.7/../../../../avr32/lib/ucr2\libc.a(lib_a-rand.o) (malloc)
d:/atmel7/7.0/toolchain/avr32/avr32-gnu-toolchain/bin/../lib/gcc/avr32/4.4.7/../../../../avr32/lib/ucr2\libc.a(lib_a-mallocr.o)
                              d:/atmel7/7.0/toolchain/avr32/avr32-gnu-toolchain/bin/../lib/gcc/avr32/4.4.7/../../../../avr32/lib/ucr2\libc.a(lib_a-malloc.o) (_malloc_r)
d:/atmel7/7.0/toolchain/avr32/avr32-gnu-toolchain/bin/../lib/gcc/avr32/4.4.7/../../../../avr32/lib/ucr2\libc.a(lib_a-mlock.o)
                              d:/atmel7/7.0/toolchain/avr32/avr32-gnu-toolchain/bin/../lib/gcc/avr32/4.4.7/../../../../avr32/lib/ucr2\libc.a(lib_a-mallocr.o) (__malloc_lock)
d:/atmel7/7.0/toolchain/avr32/avr32-gnu-toolchain/bin/../lib/gcc/avr32/4.4.7/../../../../avr32/lib/ucr2\libc.a(lib_a-reent.o)
                              d:/atmel7/7.0/toolchain/avr32/avr32-gnu-toolchain/bin/../lib/gcc/avr32/4.4.7/../../../../avr32/lib/ucr2\libc.a(lib_a-gettimeofdayr.o) (errno)
d:/atmel7/7.0/toolchain/avr32/avr32-gnu-toolchain/bin/../lib/gcc/avr32/4.4.7/../../../../avr32/lib/ucr2\libc.a(lib_a-sbrkr.o)
                              d:/atmel7/7.0/toolchain/avr32/avr32-gnu-toolchain/bin/../lib/gcc/avr32/4.4.7/../../../../avr32/lib/ucr2\libc.a(lib_a-mallocr.o) (_sbrk_r)
d:/atmel7/7.0/toolchain/avr32/avr32-gnu-toolchain/bin/../lib/gcc/avr32/4.4.7/../../../../avr32/lib/ucr2\libc.a(lib_a-syscalls.o)
                              d:/atmel7/7.0/toolchain/avr32/avr32-gnu-toolchain/bin/../lib/gcc/avr32/4.4.7/../../../../avr32/lib/ucr2\libc.a(lib_a-gettimeofdayr.o) (_gettimeofday)
d:/atmel7/7.0/toolchain/avr32/avr32-gnu-toolchain/bin/../lib/gcc/avr32/4.4.7/../../../../avr32/lib/ucr2\libc.a(lib_a-errno.o)
                              d:/atmel7/7.0/toolchain/avr32/avr32-gnu-toolchain/bin/../lib/gcc/avr32/4.4.7/../../../../avr32/lib/ucr2\libc.a(lib_a-syscalls.o) (__errno)
d:/atmel7/7.0/toolchain/avr32/avr32-gnu-toolchain/bin/../lib/gcc/avr32/4.4.7/../../../../avr32/lib/ucr2\libc.a(lib_a-findfp.o)
                              d:/atmel7/7.0/toolchain/avr32/avr32-gnu-toolchain/bin/../lib/gcc/avr32/4.4.7/../../../../avr32/lib/ucr2\libc.a(lib_a-impure.o) (__sf_fake_stdin)
d:/atmel7/7.0/toolchain/avr32/avr32-gnu-toolchain/bin/../lib/gcc/avr32/4.4.7/../../../../avr32/lib/ucr2\libc.a(lib_a-freer.o)
                              d:/atmel7/7.0/toolchain/avr32/avr32-gnu-toolchain/bin/../lib/gcc/avr32/4.4.7/../../../../avr32/lib/ucr2\libc.a(lib_a-malloc.o) (_free_r)
d:/atmel7/7.0/toolchain/avr32/avr32-gnu-toolchain/bin/../lib/gcc/avr32/4.4.7/../../../../avr32/lib/ucr2\libc.a(lib_a-fwalk.o)
                              d:/atmel7/7.0/toolchain/avr32/avr32-gnu-toolchain/bin/../lib/gcc/avr32/4.4.7/../../../../avr32/lib/ucr2\libc.a(lib_a-findfp.o) (_fwalk)
d:/atmel7/7.0/toolchain/avr32/avr32-gnu-toolchain/bin/../lib/gcc/avr32/4.4.7/../../../../avr32/lib/ucr2\libc.a(lib_a-memset.o)
                              d:/atmel7/7.0/toolchain/avr32/avr32-gnu-toolchain/bin/../lib/gcc/avr32/4.4.7/../../../../avr32/lib/ucr2\libc.a(lib_a-findfp.o) (memset)
d:/atmel7/7.0/toolchain/avr32/avr32-gnu-toolchain/bin/../lib/gcc/avr32/4.4.7/../../../../avr32/lib/ucr2\libc.a(lib_a-stdio.o)
                              d:/atmel7/7.0/toolchain/avr32/avr32-gnu-toolchain/bin/../lib/gcc/avr32/4.4.7/../../../../avr32/lib/ucr2\libc.a(lib_a-findfp.o) (__sclose)
[...]
Memory Configuration

Name             Origin             Length             Attributes
FLASH            0x80000000         0x00080000         axrl !w
INTRAM           0x00000004         0x0000fffc         axw !rl
USERPAGE         0x80800000         0x00000200
*default*        0x00000000         0xffffffff

Linker script and memory map

                0x00001000                _stack_size = 0x1000
LOAD src/image.o
LOAD src/ASF/avr32/boards/evk1105/led.o
LOAD src/ASF/avr32/components/display/et024006dhu/et024006dhu.o
LOAD src/ASF/avr32/drivers/ebi/smc/smc.o
LOAD src/ASF/avr32/drivers/flashc/flashc.o
LOAD src/ASF/avr32/drivers/gpio/gpio.o
LOAD src/ASF/avr32/drivers/intc/exception.o
LOAD src/ASF/avr32/drivers/intc/intc.o
LOAD src/ASF/avr32/drivers/pm/pm.o
LOAD src/ASF/avr32/drivers/pm/pm_conf_clocks.o
LOAD src/ASF/avr32/drivers/pm/power_clocks_lib.o
LOAD src/ASF/avr32/drivers/pwm/pwm.o
LOAD src/ASF/avr32/utils/startup/startup_uc3.o
LOAD src/ASF/avr32/utils/startup/trampoline_uc3.o
LOAD src/ASF/common/services/clock/uc3a0_a1/sysclk.o
LOAD src/avr32_logo.o
LOAD src/et024006dhu_example.o
START GROUP
LOAD d:/atmel7/7.0/toolchain/avr32/avr32-gnu-toolchain/bin/../lib/gcc/avr32/4.4.7/../../../../avr32/lib/ucr2\libm.a
END GROUP
LOAD d:/atmel7/7.0/toolchain/avr32/avr32-gnu-toolchain/bin/../lib/gcc/avr32/4.4.7/ucr2\libgcc.a
LOAD d:/atmel7/7.0/toolchain/avr32/avr32-gnu-toolchain/bin/../lib/gcc/avr32/4.4.7/../../../../avr32/lib/ucr2\libc.a
LOAD d:/atmel7/7.0/toolchain/avr32/avr32-gnu-toolchain/bin/../lib/gcc/avr32/4.4.7/ucr2\libgcc.a
                0xffffffff                __max_heap_size__ = 0xffffffff
                [0xffffffff]                __heap_size__ = DEFINED (__heap_size__)?__heap_size__:__max_heap_size__
                [0x00001000]                __stack_size__ = DEFINED (__stack_size__)?__stack_size__:0x1000
                0x80000000                PROVIDE (__executable_start, 0x80000000)
                0x80000000                . = 0x80000000

.interp
 *(.interp)

.reset          0x80000000     0x2008
 *(.reset)
 .reset         0x80000000        0x4 src/ASF/avr32/utils/startup/startup_uc3.o
                                  0x8 (size before relaxing)
                0x80000000                _start
 .reset         0x80000004     0x2004 src/ASF/avr32/utils/startup/trampoline_uc3.o
                               0x2008 (size before relaxing)
                0x80000004                _trampoline

.hash
 *(.hash)

.dynsym
 *(.dynsym)

.dynstr
 *(.dynstr)

.gnu.version
 *(.gnu.version)

.gnu.version_d
 *(.gnu.version_d)

.gnu.version_r
 *(.gnu.version_r)

.rel.init
 *(.rel.init)

.rela.init
 *(.rela.init)

.rel.text
 *(.rel.text .rel.text.* .rel.gnu.linkonce.t.*)

.rela.text
 *(.rela.text .rela.text.* .rela.gnu.linkonce.t.*)

.rel.fini
 *(.rel.fini)

.rela.fini
 *(.rela.fini)

.rel.rodata
 *(.rel.rodata .rel.rodata.* .rel.gnu.linkonce.r.*)

.rela.rodata
 *(.rela.rodata .rela.rodata.* .rela.gnu.linkonce.r.*)

.rel.data.rel.ro
 *(.rel.data.rel.ro*)

.rela.data.rel.ro
 *(.rel.data.rel.ro*)

.rel.data
 *(.rel.data .rel.data.* .rel.gnu.linkonce.d.*)

.rela.data
 *(.rela.data .rela.data.* .rela.gnu.linkonce.d.*)

.rel.tdata
 *(.rel.tdata .rel.tdata.* .rel.gnu.linkonce.td.*)

.rela.tdata
 *(.rela.tdata .rela.tdata.* .rela.gnu.linkonce.td.*)

.rel.tbss
 *(.rel.tbss .rel.tbss.* .rel.gnu.linkonce.tb.*)

.rela.tbss
 *(.rela.tbss .rela.tbss.* .rela.gnu.linkonce.tb.*)

.rel.ctors
 *(.rel.ctors)

.rela.ctors
 *(.rela.ctors)

.rel.dtors
 *(.rel.dtors)

.rela.dtors
 *(.rela.dtors)

.rel.got
 *(.rel.got)

.rela.got       0x80002008        0x0
 *(.rela.got)
 .rela.got      0x80002008        0x0 src/ASF/avr32/drivers/flashc/flashc.o

.rel.bss
 *(.rel.bss .rel.bss.* .rel.gnu.linkonce.b.*)

.rela.bss
 *(.rela.bss .rela.bss.* .rela.gnu.linkonce.b.*)

.rel.plt
 *(.rel.plt)

.rela.plt
 *(.rela.plt)

.init
 *(.init)

.plt
 *(.plt)

.text           0x80002008     0x47fc
 *(.text .stub .text.* .gnu.linkonce.t.*)
 .text.et024006_SetLimits
                0x80002008       0x50 src/ASF/avr32/components/display/et024006dhu/et024006dhu.o
                0x80002008                et024006_SetLimits
 .text.et024006_DrawPixel
                0x80002058       0x28 src/ASF/avr32/components/display/et024006dhu/et024006dhu.o
                0x80002058                et024006_DrawPixel
 .text.et024006_SetQuickLimits
                0x80002080       0x2a src/ASF/avr32/components/display/et024006dhu/et024006dhu.o
                0x80002080                et024006_SetQuickLimits
 *fill*         0x800020aa        0x2 d703d703
 .text.et024006_DrawQuickPixel
                0x800020ac       0x24 src/ASF/avr32/components/display/et024006dhu/et024006dhu.o
                0x800020ac                et024006_DrawQuickPixel
 .text.et024006_PrintString
                0x800020d0      0x23c src/ASF/avr32/components/display/et024006dhu/et024006dhu.o
                0x800020d0                et024006_PrintString
 .text.et024006_DrawLine
                0x8000230c      0x118 src/ASF/avr32/components/display/et024006dhu/et024006dhu.o
                0x8000230c                et024006_DrawLine
 .text.et024006_DuplicatePixel
                0x80002424       0x40 src/ASF/avr32/components/display/et024006dhu/et024006dhu.o
                0x80002424                et024006_DuplicatePixel
 .text.et024006_DrawFilledRect
                0x80002464       0x40 src/ASF/avr32/components/display/et024006dhu/et024006dhu.o
                0x80002464                et024006_DrawFilledRect
 .text.et024006_DrawVertLine
                0x800024a4       0x1c src/ASF/avr32/components/display/et024006dhu/et024006dhu.o
                0x800024a4                et024006_DrawVertLine
 .text.et024006_DrawFilledCircle
                0x800024c0      0x158 src/ASF/avr32/components/display/et024006dhu/et024006dhu.o
                0x800024c0                et024006_DrawFilledCircle
 .text.et024006_DrawHorizLine
                0x80002618       0x18 src/ASF/avr32/components/display/et024006dhu/et024006dhu.o
                0x80002618                et024006_DrawHorizLine
 .text.et024006_CopyPixelsToScreen
                0x80002630       0x68 src/ASF/avr32/components/display/et024006dhu/et024006dhu.o
                0x80002630                et024006_CopyPixelsToScreen
 .text.et024006_PutPixmap
                0x80002698       0xa8 src/ASF/avr32/components/display/et024006dhu/et024006dhu.o
                0x80002698                et024006_PutPixmap
 .text.et024006_AdjustGamma
                0x80002740       0x6e src/ASF/avr32/components/display/et024006dhu/et024006dhu.o
 *fill*         0x800027ae        0x2 d703d703
 .text.et024006_Init
                0x800027b0      0x4a4 src/ASF/avr32/components/display/et024006dhu/et024006dhu.o
                0x800027b0                et024006_Init
 .text.smc_init
                0x80002c54      0x11c src/ASF/avr32/drivers/ebi/smc/smc.o
                0x80002c54                smc_init
 .text.gpio_enable_module_pin
                0x80002d70       0x52 src/ASF/avr32/drivers/gpio/gpio.o
                0x80002d70                gpio_enable_module_pin
 *fill*         0x80002dc2        0x2 d703d703
 .text.gpio_enable_module
                0x80002dc4       0x30 src/ASF/avr32/drivers/gpio/gpio.o
                0x80002dc4                gpio_enable_module
 .text.gpio_enable_gpio_pin
                0x80002df4       0x18 src/ASF/avr32/drivers/gpio/gpio.o
                0x80002df4                gpio_enable_gpio_pin
 .text.gpio_get_pin_value
                0x80002e0c       0x16 src/ASF/avr32/drivers/gpio/gpio.o
                0x80002e0c                gpio_get_pin_value
 .text.gpio_set_gpio_pin
                0x80002e22       0x1c src/ASF/avr32/drivers/gpio/gpio.o
                0x80002e22                gpio_set_gpio_pin
 .text.gpio_clr_gpio_pin
                0x80002e3e       0x1c src/ASF/avr32/drivers/gpio/gpio.o
                0x80002e3e                gpio_clr_gpio_pin
 .text.gpio_enable_pin_interrupt
                0x80002e5a       0x46 src/ASF/avr32/drivers/gpio/gpio.o
                0x80002e5a                gpio_enable_pin_interrupt
 .text.gpio_get_pin_interrupt_flag
                0x80002ea0       0x18 src/ASF/avr32/drivers/gpio/gpio.o
                0x80002ea0                gpio_get_pin_interrupt_flag
 .text.gpio_clear_pin_interrupt_flag
                0x80002eb8       0x16 src/ASF/avr32/drivers/gpio/gpio.o
                0x80002eb8                gpio_clear_pin_interrupt_flag
 .text._unhandled_interrupt
                0x80002ece        0x2 src/ASF/avr32/drivers/intc/intc.o
 .text.INTC_register_interrupt
                0x80002ed0       0x80 src/ASF/avr32/drivers/intc/intc.o
                0x80002ed0                INTC_register_interrupt
 .text.INTC_init_interrupts
                0x80002f50       0x54 src/ASF/avr32/drivers/intc/intc.o
                0x80002f50                INTC_init_interrupts
 .text._get_interrupt_handler
                0x80002fa4       0x38 src/ASF/avr32/drivers/intc/intc.o
                0x80002fa4                _get_interrupt_handler
 .text.pm_set_osc0_mode
                0x80002fdc        0xa src/ASF/avr32/drivers/pm/pm.o
 *fill*         0x80002fe6        0x2 d703d703
 .text.pm_enable_osc0_crystal
                0x80002fe8       0x3c src/ASF/avr32/drivers/pm/pm.o
                0x80002fe8                pm_enable_osc0_crystal
 .text.pm_enable_clk0_no_wait
                0x80003024       0x10 src/ASF/avr32/drivers/pm/pm.o
                0x80003024                pm_enable_clk0_no_wait
 .text.pm_wait_for_clk0_ready
                0x80003034        0xa src/ASF/avr32/drivers/pm/pm.o
                0x80003034                pm_wait_for_clk0_ready
 *fill*         0x8000303e        0x2 d703d703
 .text.pm_enable_clk0
                0x80003040       0x1c src/ASF/avr32/drivers/pm/pm.o
                0x80003040                pm_enable_clk0
 .text.pm_switch_to_clock
                0x8000305c        0xa src/ASF/avr32/drivers/pm/pm.o
                0x8000305c                pm_switch_to_clock
 *fill*         0x80003066        0x2 d703d703
 .text.pm_switch_to_osc0
                0x80003068       0x2c src/ASF/avr32/drivers/pm/pm.o
                0x80003068                pm_switch_to_osc0
 .text.pcl_switch_to_osc
                0x80003094       0x1c src/ASF/avr32/drivers/pm/power_clocks_lib.o
                0x80003094                pcl_switch_to_osc
 .text.pwm_channel_init
                0x800030b0       0x36 src/ASF/avr32/drivers/pwm/pwm.o
                0x800030b0                pwm_channel_init
 .text.pwm_start_channels
                0x800030e6       0x12 src/ASF/avr32/drivers/pwm/pwm.o
                0x800030e6                pwm_start_channels
 .text.pwm_async_update_channel
                0x800030f8       0x28 src/ASF/avr32/drivers/pwm/pwm.o
                0x800030f8                pwm_async_update_channel
 .text.pwm_init
                0x80003120       0x46 src/ASF/avr32/drivers/pwm/pwm.o
                0x80003120                pwm_init
 *fill*         0x80003166        0x2 d703d703
 .text._stext   0x80003168       0x40 src/ASF/avr32/utils/startup/startup_uc3.o
                                 0x50 (size before relaxing)
                0x80003168                _stext
 .text.drawBasedPietMondrian
                0x800031a8      0x1f8 src/et024006dhu_example.o
                0x800031a8                drawBasedPietMondrian
 .text.drawChessBoard
                0x800033a0      0x148 src/et024006dhu_example.o
                0x800033a0                drawChessBoard
 .text.drawRandomColorsChessBoard
                0x800034e8      0x1e0 src/et024006dhu_example.o
                0x800034e8                drawRandomColorsChessBoard
 .text.randomPixelColors
                0x800036c8      0x10c src/et024006dhu_example.o
                0x800036c8                randomPixelColors
 .text.drawColorTriangles
                0x800037d4      0x260 src/et024006dhu_example.o
                0x800037d4                drawColorTriangles
 .text.draw3Dsquares
                0x80003a34      0x604 src/et024006dhu_example.o
                0x80003a34                draw3Dsquares
 .text.draw3DPietMondrian
                0x80004038      0x258 src/et024006dhu_example.o
                0x80004038                draw3DPietMondrian
 .text.drawTriangles
                0x80004290      0x1dc src/et024006dhu_example.o
                0x80004290                drawTriangles
 .text.drawTangram
                0x8000446c      0x204 src/et024006dhu_example.o
                0x8000446c                drawTangram
 .text.drawimpossibleGeometric
                0x80004670      0x264 src/et024006dhu_example.o
                0x80004670                drawimpossibleGeometric
 .text.drawFibonacciSpiral
                0x800048d4      0x2a8 src/et024006dhu_example.o
                0x800048d4                drawFibonacciSpiral
 .text.drawDeepPicture
                0x80004b7c      0x534 src/et024006dhu_example.o
                0x80004b7c                drawDeepPicture
 .text.drawContinuousCircles
                0x800050b0      0x160 src/et024006dhu_example.o
                0x800050b0                drawContinuousCircles
 .text.showImage
                0x80005210       0x28 src/et024006dhu_example.o
                0x80005210                showImage
 .text.leftAndRight_isr
                0x80005238       0xe0 src/et024006dhu_example.o
                0x80005238                leftAndRight_isr
 .text.up_down_isr
                0x80005318      0x1c8 src/et024006dhu_example.o
                0x80005318                up_down_isr
 .text.blackScreenAndfadeEffect
                0x800054e0       0x58 src/et024006dhu_example.o
                0x800054e0                blackScreenAndfadeEffect
 .text.drawColorBarsTest
                0x80005538      0x2d8 src/et024006dhu_example.o
                0x80005538                drawColorBarsTest
 .text.drawAVR32Logo
                0x80005810      0x148 src/et024006dhu_example.o
                0x80005810                drawAVR32Logo
 .text.main     0x80005958      0x448 src/et024006dhu_example.o
                0x80005958                main
 .text          0x80005da0      0x264 d:/atmel7/7.0/toolchain/avr32/avr32-gnu-toolchain/bin/../lib/gcc/avr32/4.4.7/ucr2\libgcc.a(_udivdi3.o)
                0x80005da0                __avr32_udiv64
                0x80005da0                __udivdi3
 .text.rand     0x80006004       0x80 d:/atmel7/7.0/toolchain/avr32/avr32-gnu-toolchain/bin/../lib/gcc/avr32/4.4.7/../../../../avr32/lib/ucr2\libc.a(lib_a-rand.o)
                                 0x84 (size before relaxing)
                0x80006004                rand
 .text.srand    0x80006084       0x50 d:/atmel7/7.0/toolchain/avr32/avr32-gnu-toolchain/bin/../lib/gcc/avr32/4.4.7/../../../../avr32/lib/ucr2\libc.a(lib_a-rand.o)
                                 0x58 (size before relaxing)
                0x80006084                srand
 .text.time     0x800060d4       0x28 d:/atmel7/7.0/toolchain/avr32/avr32-gnu-toolchain/bin/../lib/gcc/avr32/4.4.7/../../../../avr32/lib/ucr2\libc.a(lib_a-time.o)
                                 0x30 (size before relaxing)
                0x800060d4                time
 .text._gettimeofday_r
                0x800060fc       0x24 d:/atmel7/7.0/toolchain/avr32/avr32-gnu-toolchain/bin/../lib/gcc/avr32/4.4.7/../../../../avr32/lib/ucr2\libc.a(lib_a-gettimeofdayr.o)
                                 0x2c (size before relaxing)
                0x800060fc                _gettimeofday_r
 .text.malloc   0x80006120       0x10 d:/atmel7/7.0/toolchain/avr32/avr32-gnu-toolchain/bin/../lib/gcc/avr32/4.4.7/../../../../avr32/lib/ucr2\libc.a(lib_a-malloc.o)
                                 0x18 (size before relaxing)
                0x80006120                malloc
 .text._malloc_r
                0x80006130      0x428 d:/atmel7/7.0/toolchain/avr32/avr32-gnu-toolchain/bin/../lib/gcc/avr32/4.4.7/../../../../avr32/lib/ucr2\libc.a(lib_a-mallocr.o)
                                0x450 (size before relaxing)
                0x80006130                _malloc_r
 .text.__malloc_lock
                0x80006558        0x2 d:/atmel7/7.0/toolchain/avr32/avr32-gnu-toolchain/bin/../lib/gcc/avr32/4.4.7/../../../../avr32/lib/ucr2\libc.a(lib_a-mlock.o)
                0x80006558                __malloc_lock
 .text.__malloc_unlock
                0x8000655a        0x2 d:/atmel7/7.0/toolchain/avr32/avr32-gnu-toolchain/bin/../lib/gcc/avr32/4.4.7/../../../../avr32/lib/ucr2\libc.a(lib_a-mlock.o)
                0x8000655a                __malloc_unlock
 .text._sbrk_r  0x8000655c       0x20 d:/atmel7/7.0/toolchain/avr32/avr32-gnu-toolchain/bin/../lib/gcc/avr32/4.4.7/../../../../avr32/lib/ucr2\libc.a(lib_a-sbrkr.o)
                                 0x28 (size before relaxing)
                0x8000655c                _sbrk_r
 .text._gettimeofday_host
                0x8000657c       0x14 d:/atmel7/7.0/toolchain/avr32/avr32-gnu-toolchain/bin/../lib/gcc/avr32/4.4.7/../../../../avr32/lib/ucr2\libc.a(lib_a-syscalls.o)
                                 0x18 (size before relaxing)
                0x8000657c                _gettimeofday_host
 .text._gettimeofday
                0x80006590       0x20 d:/atmel7/7.0/toolchain/avr32/avr32-gnu-toolchain/bin/../lib/gcc/avr32/4.4.7/../../../../avr32/lib/ucr2\libc.a(lib_a-syscalls.o)
                                 0x24 (size before relaxing)
                0x80006590                _gettimeofday
 .text._sbrk    0x800065b0       0x38 d:/atmel7/7.0/toolchain/avr32/avr32-gnu-toolchain/bin/../lib/gcc/avr32/4.4.7/../../../../avr32/lib/ucr2\libc.a(lib_a-syscalls.o)
                                 0x40 (size before relaxing)
                0x800065b0                _sbrk
 .text.__errno  0x800065e8        0xc d:/atmel7/7.0/toolchain/avr32/avr32-gnu-toolchain/bin/../lib/gcc/avr32/4.4.7/../../../../avr32/lib/ucr2\libc.a(lib_a-errno.o)
                0x800065e8                __errno
 .text._malloc_trim_r
                0x800065f4       0x8c d:/atmel7/7.0/toolchain/avr32/avr32-gnu-toolchain/bin/../lib/gcc/avr32/4.4.7/../../../../avr32/lib/ucr2\libc.a(lib_a-freer.o)
                                 0xa8 (size before relaxing)
                0x800065f4                _malloc_trim_r
 .text._free_r  0x80006680      0x184 d:/atmel7/7.0/toolchain/avr32/avr32-gnu-toolchain/bin/../lib/gcc/avr32/4.4.7/../../../../avr32/lib/ucr2\libc.a(lib_a-freer.o)
                                0x1a0 (size before relaxing)
                0x80006680                _free_r
 *(.text.*personality*)
 *(.gnu.warning)

.exception      0x80006a00      0x200
 .exception     0x80006a00      0x200 src/ASF/avr32/drivers/intc/exception.o
                0x80006a00                _evba
                0x80006b04                _int0
                0x80006b12                _int1
                0x80006b20                _int2
                0x80006b2e                _int3

.fini
 *(.fini)
                0x80006c00                PROVIDE (__etext, .)
                0x80006c00                PROVIDE (_etext, .)
                0x80006c00                PROVIDE (etext, .)

.rodata         0x80006c00    0x4b7e4
 *(.rodata .rodata.* .gnu.linkonce.r.*)
 .rodata.image  0x80006c00    0x25800 src/image.o
                0x80006c00                image
 .rodata.FONT8x8
                0x8002c400      0x308 src/ASF/avr32/components/display/et024006dhu/et024006dhu.o
                0x8002c400                FONT8x8
 .rodata.FONT6x8
                0x8002c708      0x308 src/ASF/avr32/components/display/et024006dhu/et024006dhu.o
                0x8002c708                FONT6x8
 .rodata.SMC_EBI_GPIO_MAP.10637
                0x8002ca10       0xa0 src/ASF/avr32/drivers/ebi/smc/smc.o
 .rodata._int_handler_table
                0x8002cab0       0xa0 src/ASF/avr32/drivers/intc/intc.o
 .rodata.avr32_logo
                0x8002cb50    0x25800 src/avr32_logo.o
                0x8002cb50                avr32_logo
 .rodata.randomPixelColors
                0x80052350       0x28 src/et024006dhu_example.o
 .rodata.str1.4
                0x80052378        0x8 src/et024006dhu_example.o
 .rodata.str1.4
                0x80052380        0x4 d:/atmel7/7.0/toolchain/avr32/avr32-gnu-toolchain/bin/../lib/gcc/avr32/4.4.7/../../../../avr32/lib/ucr2\libc.a(lib_a-impure.o)
 .rodata.__sf_fake_stdin
                0x80052384       0x20 d:/atmel7/7.0/toolchain/avr32/avr32-gnu-toolchain/bin/../lib/gcc/avr32/4.4.7/../../../../avr32/lib/ucr2\libc.a(lib_a-findfp.o)
                0x80052384                __sf_fake_stdin
 .rodata.__sf_fake_stdout
                0x800523a4       0x20 d:/atmel7/7.0/toolchain/avr32/avr32-gnu-toolchain/bin/../lib/gcc/avr32/4.4.7/../../../../avr32/lib/ucr2\libc.a(lib_a-findfp.o)
                0x800523a4                __sf_fake_stdout
 .rodata.__sf_fake_stderr
                0x800523c4       0x20 d:/atmel7/7.0/toolchain/avr32/avr32-gnu-toolchain/bin/../lib/gcc/avr32/4.4.7/../../../../avr32/lib/ucr2\libc.a(lib_a-findfp.o)
                0x800523c4                __sf_fake_stderr

.rodata1
 *(.rodata1)

.eh_frame_hdr
 *(.eh_frame_hdr)

.eh_frame
 *(.eh_frame)

.gcc_except_table
 *(.gcc_except_table)
 *(.gcc_except_table.*)

.lalign         0x800523e4        0x4
                0x800523e8                . = ALIGN (0x8)
 *fill*         0x800523e4        0x4 
                0x800523e8                PROVIDE (_data_lma, .)
                0x00000004                . = ORIGIN (INTRAM)

.dalign         0x00000004        0x4
                0x00000008                . = ALIGN (0x8)
 *fill*         0x00000004        0x4 
                0x00000008                PROVIDE (_data, .)

.eh_frame
 *(.eh_frame)

.gcc_except_table
 *(.gcc_except_table)
 *(.gcc_except_table.*)

.tdata
 *(.tdata .tdata.* .gnu.linkonce.td.*)

.tbss
 *(.tbss .tbss.* .gnu.linkonce.tb.*)
 *(.tcommon)
                0x00000008                PROVIDE (__preinit_array_start, ALIGN (0x4))

.preinit_array
 *(.preinit_array)
                0x00000008                PROVIDE (__preinit_array_end, .)
                0x00000008                PROVIDE (__init_array_start, .)

.init_array
 *(.init_array)
                0x00000008                PROVIDE (__init_array_end, .)
                0x00000008                PROVIDE (__fini_array_start, .)

.fini_array
 *(.fini_array)
                0x00000008                PROVIDE (__fini_array_end, .)

.ctors
 *crtbegin*.o(.ctors)
 *(EXCLUDE_FILE(*crtend*.o) .ctors)
 *(SORT(.ctors.*))
 *(.ctors)

.dtors
 *crtbegin*.o(.dtors)
 *(EXCLUDE_FILE(*crtend*.o) .dtors)
 *(SORT(.dtors.*))
 *(.dtors)

.jcr
 *(.jcr)

.data.rel.ro
 *(.data.rel.ro.local)
 *(.data.rel.ro*)

.dynamic
 *(.dynamic)

.got
 *(.got.plt)
 *(.got)

.ramtext
 *(.ramtext .ramtext.*)

.ddalign        0x00000008        0x0 load address 0x800523e8
                0x00000008                . = ALIGN (0x8)

.data           0x00000008      0x524 load address 0x800523e8
 *(.data .data.* .gnu.linkonce.d.*)
 .data.pwm_channel6
                0x00000008       0x20 src/et024006dhu_example.o
                0x00000008                pwm_channel6
 .data.impure_data
                0x00000028       0xf0 d:/atmel7/7.0/toolchain/avr32/avr32-gnu-toolchain/bin/../lib/gcc/avr32/4.4.7/../../../../avr32/lib/ucr2\libc.a(lib_a-impure.o)
 .data._impure_ptr
                0x00000118        0x4 d:/atmel7/7.0/toolchain/avr32/avr32-gnu-toolchain/bin/../lib/gcc/avr32/4.4.7/../../../../avr32/lib/ucr2\libc.a(lib_a-impure.o)
                0x00000118                _impure_ptr
 .data.__malloc_av_
                0x0000011c      0x408 d:/atmel7/7.0/toolchain/avr32/avr32-gnu-toolchain/bin/../lib/gcc/avr32/4.4.7/../../../../avr32/lib/ucr2\libc.a(lib_a-mallocr.o)
                0x0000011c                __malloc_av_
 .data.__malloc_trim_threshold
                0x00000524        0x4 d:/atmel7/7.0/toolchain/avr32/avr32-gnu-toolchain/bin/../lib/gcc/avr32/4.4.7/../../../../avr32/lib/ucr2\libc.a(lib_a-mallocr.o)
                0x00000524                __malloc_trim_threshold
 .data.__malloc_sbrk_base
                0x00000528        0x4 d:/atmel7/7.0/toolchain/avr32/avr32-gnu-toolchain/bin/../lib/gcc/avr32/4.4.7/../../../../avr32/lib/ucr2\libc.a(lib_a-mallocr.o)
                0x00000528                __malloc_sbrk_base
 *(.gnu.linkonce.d.*personality*)

.data1
 *(.data1)

.balign         0x0000052c        0x4 load address 0x8005290c
                0x00000530                . = ALIGN (0x8)
 *fill*         0x0000052c        0x4 
                0x00000530                PROVIDE (_edata, .)
                0x00000530                PROVIDE (edata, .)
                0x00000530                __bss_start = .

.bss            0x00000530      0x148
 *(.dynbss)
 *(.bss .bss.* .gnu.linkonce.b.*)
 .bss.tft_data  0x00000530        0x8 src/ASF/avr32/components/display/et024006dhu/et024006dhu.o
 .bss.smc_tab_cs_size
                0x00000538        0x8 src/ASF/avr32/drivers/ebi/smc/smc.o
 .bss._int_line_handler_table_6
                0x00000540        0x4 src/ASF/avr32/drivers/intc/intc.o
 .bss._int_line_handler_table_7
                0x00000544        0x4 src/ASF/avr32/drivers/intc/intc.o
 .bss._int_line_handler_table_8
                0x00000548        0x4 src/ASF/avr32/drivers/intc/intc.o
 .bss._int_line_handler_table_9
                0x0000054c        0x4 src/ASF/avr32/drivers/intc/intc.o
 .bss._int_line_handler_table_10
                0x00000550        0x4 src/ASF/avr32/drivers/intc/intc.o
 .bss._int_line_handler_table_11
                0x00000554        0x4 src/ASF/avr32/drivers/intc/intc.o
 .bss._int_line_handler_table_12
                0x00000558        0x4 src/ASF/avr32/drivers/intc/intc.o
 .bss._int_line_handler_table_13
                0x0000055c        0x4 src/ASF/avr32/drivers/intc/intc.o
 .bss._int_line_handler_table_14
                0x00000560        0xc src/ASF/avr32/drivers/intc/intc.o
 .bss._int_line_handler_table_15
                0x0000056c        0x4 src/ASF/avr32/drivers/intc/intc.o
 .bss._int_line_handler_table_16
                0x00000570        0x4 src/ASF/avr32/drivers/intc/intc.o
 .bss._int_line_handler_table_17
                0x00000574        0x4 src/ASF/avr32/drivers/intc/intc.o
 .bss._int_line_handler_table_18
                0x00000578        0x4 src/ASF/avr32/drivers/intc/intc.o
 .bss._int_line_handler_table_19
                0x0000057c        0x4 src/ASF/avr32/drivers/intc/intc.o
 .bss._int_line_handler_table_0
                0x00000580        0x4 src/ASF/avr32/drivers/intc/intc.o
 .bss._int_line_handler_table_1
                0x00000584       0x2c src/ASF/avr32/drivers/intc/intc.o
 .bss._int_line_handler_table_2
                0x000005b0       0x38 src/ASF/avr32/drivers/intc/intc.o
 .bss._int_line_handler_table_3
                0x000005e8       0x3c src/ASF/avr32/drivers/intc/intc.o
 .bss._int_line_handler_table_4
                0x00000624        0x4 src/ASF/avr32/drivers/intc/intc.o
 .bss._int_line_handler_table_5
                0x00000628        0x4 src/ASF/avr32/drivers/intc/intc.o
 .bss.__malloc_max_total_mem
                0x0000062c        0x4 d:/atmel7/7.0/toolchain/avr32/avr32-gnu-toolchain/bin/../lib/gcc/avr32/4.4.7/../../../../avr32/lib/ucr2\libc.a(lib_a-mallocr.o)
                0x0000062c                __malloc_max_total_mem
 .bss.__malloc_max_sbrked_mem
                0x00000630        0x4 d:/atmel7/7.0/toolchain/avr32/avr32-gnu-toolchain/bin/../lib/gcc/avr32/4.4.7/../../../../avr32/lib/ucr2\libc.a(lib_a-mallocr.o)
                0x00000630                __malloc_max_sbrked_mem
 .bss.__malloc_top_pad
                0x00000634        0x4 d:/atmel7/7.0/toolchain/avr32/avr32-gnu-toolchain/bin/../lib/gcc/avr32/4.4.7/../../../../avr32/lib/ucr2\libc.a(lib_a-mallocr.o)
                0x00000634                __malloc_top_pad
 .bss.__malloc_current_mallinfo
                0x00000638       0x28 d:/atmel7/7.0/toolchain/avr32/avr32-gnu-toolchain/bin/../lib/gcc/avr32/4.4.7/../../../../avr32/lib/ucr2\libc.a(lib_a-mallocr.o)
                0x00000638                __malloc_current_mallinfo
 .bss.cur_heap_pos.1869
                0x00000660        0x4 d:/atmel7/7.0/toolchain/avr32/avr32-gnu-toolchain/bin/../lib/gcc/avr32/4.4.7/../../../../avr32/lib/ucr2\libc.a(lib_a-syscalls.o)
 *(COMMON)
 COMMON         0x00000664       0x10 src/et024006dhu_example.o
                0x00000664                movingSquarePositionY
                0x00000668                changedSize
                0x0000066c                movingSquarePositionX
                0x00000670                picture
 COMMON         0x00000674        0x4 d:/atmel7/7.0/toolchain/avr32/avr32-gnu-toolchain/bin/../lib/gcc/avr32/4.4.7/../../../../avr32/lib/ucr2\libc.a(lib_a-reent.o)
                0x00000674                errno
                0x00000678                . = ALIGN (0x8)
                0x00000678                . = ALIGN (0x8)
                0x00000678                _end = .
                0x00000678                PROVIDE (end, .)
                0x00000678                __heap_start__ = ALIGN (0x8)

.heap           0x00000678     0xe988
 *(.heap)
                0x0000e988                . = (__heap_size__ == __max_heap_size__)?(((ORIGIN (INTRAM) + 0xfffc) - __stack_size__) - ABSOLUTE (.)):__heap_size__
 *fill*         0x00000678     0xe988 
                0x0000f000                __heap_end__ = .

.stab
 *(.stab)

.stabstr
 *(.stabstr)

.stab.excl
 *(.stab.excl)

.stab.exclstr
 *(.stab.exclstr)

.stab.index
 *(.stab.index)

.stab.indexstr
 *(.stab.indexstr)

.comment        0x00000000       0x30
 *(.comment)
 .comment       0x00000000       0x30 src/image.o
                                 0x31 (size before relaxing)
 .comment       0x00000000       0x31 src/ASF/avr32/components/display/et024006dhu/et024006dhu.o
 .comment       0x00000000       0x31 src/ASF/avr32/drivers/ebi/smc/smc.o
 .comment       0x00000000       0x31 src/ASF/avr32/drivers/gpio/gpio.o
 .comment       0x00000000       0x31 src/ASF/avr32/drivers/intc/intc.o
 .comment       0x00000000       0x31 src/ASF/avr32/drivers/pm/pm.o
 .comment       0x00000000       0x31 src/ASF/avr32/drivers/pm/power_clocks_lib.o
 .comment       0x00000000       0x31 src/ASF/avr32/drivers/pwm/pwm.o
 .comment       0x00000000       0x31 src/avr32_logo.o
 .comment       0x00000000       0x31 src/et024006dhu_example.o
 .comment       0x00000000       0x31 d:/atmel7/7.0/toolchain/avr32/avr32-gnu-toolchain/bin/../lib/gcc/avr32/4.4.7/ucr2\libgcc.a(_udivdi3.o)
 .comment       0x00000000       0x31 d:/atmel7/7.0/toolchain/avr32/avr32-gnu-toolchain/bin/../lib/gcc/avr32/4.4.7/../../../../avr32/lib/ucr2\libc.a(lib_a-rand.o)
 .comment       0x00000000       0x31 d:/atmel7/7.0/toolchain/avr32/avr32-gnu-toolchain/bin/../lib/gcc/avr32/4.4.7/../../../../avr32/lib/ucr2\libc.a(lib_a-time.o)
 .comment       0x00000000       0x31 d:/atmel7/7.0/toolchain/avr32/avr32-gnu-toolchain/bin/../lib/gcc/avr32/4.4.7/../../../../avr32/lib/ucr2\libc.a(lib_a-gettimeofdayr.o)
 .comment       0x00000000       0x31 d:/atmel7/7.0/toolchain/avr32/avr32-gnu-toolchain/bin/../lib/gcc/avr32/4.4.7/../../../../avr32/lib/ucr2\libc.a(lib_a-impure.o)
 .comment       0x00000000       0x31 d:/atmel7/7.0/toolchain/avr32/avr32-gnu-toolchain/bin/../lib/gcc/avr32/4.4.7/../../../../avr32/lib/ucr2\libc.a(lib_a-malloc.o)
 .comment       0x00000000       0x31 d:/atmel7/7.0/toolchain/avr32/avr32-gnu-toolchain/bin/../lib/gcc/avr32/4.4.7/../../../../avr32/lib/ucr2\libc.a(lib_a-mallocr.o)
 .comment       0x00000000       0x31 d:/atmel7/7.0/toolchain/avr32/avr32-gnu-toolchain/bin/../lib/gcc/avr32/4.4.7/../../../../avr32/lib/ucr2\libc.a(lib_a-mlock.o)
 .comment       0x00000000       0x31 d:/atmel7/7.0/toolchain/avr32/avr32-gnu-toolchain/bin/../lib/gcc/avr32/4.4.7/../../../../avr32/lib/ucr2\libc.a(lib_a-reent.o)
 .comment       0x00000000       0x31 d:/atmel7/7.0/toolchain/avr32/avr32-gnu-toolchain/bin/../lib/gcc/avr32/4.4.7/../../../../avr32/lib/ucr2\libc.a(lib_a-sbrkr.o)
 .comment       0x00000000       0x31 d:/atmel7/7.0/toolchain/avr32/avr32-gnu-toolchain/bin/../lib/gcc/avr32/4.4.7/../../../../avr32/lib/ucr2\libc.a(lib_a-syscalls.o)
 .comment       0x00000000       0x31 d:/atmel7/7.0/toolchain/avr32/avr32-gnu-toolchain/bin/../lib/gcc/avr32/4.4.7/../../../../avr32/lib/ucr2\libc.a(lib_a-errno.o)
 .comment       0x00000000       0x31 d:/atmel7/7.0/toolchain/avr32/avr32-gnu-toolchain/bin/../lib/gcc/avr32/4.4.7/../../../../avr32/lib/ucr2\libc.a(lib_a-findfp.o)
 .comment       0x00000000       0x31 d:/atmel7/7.0/toolchain/avr32/avr32-gnu-toolchain/bin/../lib/gcc/avr32/4.4.7/../../../../avr32/lib/ucr2\libc.a(lib_a-freer.o)

.debug
 *(.debug)

.line
 *(.line)

.debug_srcinfo
 *(.debug_srcinfo)

.debug_sfnames
 *(.debug_sfnames)

.debug_aranges  0x00000000      0x8b0
 *(.debug_aranges)
 .debug_aranges
                0x00000000      0x110 src/ASF/avr32/components/display/et024006dhu/et024006dhu.o
 .debug_aranges
                0x00000110       0x28 src/ASF/avr32/drivers/ebi/smc/smc.o
 .debug_aranges
                0x00000138      0x100 src/ASF/avr32/drivers/gpio/gpio.o
 .debug_aranges
                0x00000238       0x20 src/ASF/avr32/drivers/intc/exception.o
 .debug_aranges
                0x00000258       0x38 src/ASF/avr32/drivers/intc/intc.o
 .debug_aranges
                0x00000290      0x190 src/ASF/avr32/drivers/pm/pm.o
 .debug_aranges
                0x00000420       0x40 src/ASF/avr32/drivers/pm/power_clocks_lib.o
 .debug_aranges
                0x00000460       0x48 src/ASF/avr32/drivers/pwm/pwm.o
 .debug_aranges
                0x000004a8       0x28 src/ASF/avr32/utils/startup/startup_uc3.o
 .debug_aranges
                0x000004d0       0x20 src/ASF/avr32/utils/startup/trampoline_uc3.o
 .debug_aranges
                0x000004f0       0xb8 src/et024006dhu_example.o
 .debug_aranges
                0x000005a8       0x20 d:/atmel7/7.0/toolchain/avr32/avr32-gnu-toolchain/bin/../lib/gcc/avr32/4.4.7/ucr2\libgcc.a(_udivdi3.o)
 .debug_aranges
                0x000005c8       0x28 d:/atmel7/7.0/toolchain/avr32/avr32-gnu-toolchain/bin/../lib/gcc/avr32/4.4.7/../../../../avr32/lib/ucr2\libc.a(lib_a-rand.o)
 .debug_aranges
                0x000005f0       0x20 d:/atmel7/7.0/toolchain/avr32/avr32-gnu-toolchain/bin/../lib/gcc/avr32/4.4.7/../../../../avr32/lib/ucr2\libc.a(lib_a-time.o)
 .debug_aranges
                0x00000610       0x20 d:/atmel7/7.0/toolchain/avr32/avr32-gnu-toolchain/bin/../lib/gcc/avr32/4.4.7/../../../../avr32/lib/ucr2\libc.a(lib_a-gettimeofdayr.o)
 .debug_aranges
                0x00000630       0x28 d:/atmel7/7.0/toolchain/avr32/avr32-gnu-toolchain/bin/../lib/gcc/avr32/4.4.7/../../../../avr32/lib/ucr2\libc.a(lib_a-malloc.o)
 .debug_aranges
                0x00000658       0x20 d:/atmel7/7.0/toolchain/avr32/avr32-gnu-toolchain/bin/../lib/gcc/avr32/4.4.7/../../../../avr32/lib/ucr2\libc.a(lib_a-mallocr.o)
 .debug_aranges
                0x00000678       0x28 d:/atmel7/7.0/toolchain/avr32/avr32-gnu-toolchain/bin/../lib/gcc/avr32/4.4.7/../../../../avr32/lib/ucr2\libc.a(lib_a-mlock.o)
 .debug_aranges
                0x000006a0       0x30 d:/atmel7/7.0/toolchain/avr32/avr32-gnu-toolchain/bin/../lib/gcc/avr32/4.4.7/../../../../avr32/lib/ucr2\libc.a(lib_a-reent.o)
 .debug_aranges
                0x000006d0       0x20 d:/atmel7/7.0/toolchain/avr32/avr32-gnu-toolchain/bin/../lib/gcc/avr32/4.4.7/../../../../avr32/lib/ucr2\libc.a(lib_a-sbrkr.o)
 .debug_aranges
                0x000006f0       0xf8 d:/atmel7/7.0/toolchain/avr32/avr32-gnu-toolchain/bin/../lib/gcc/avr32/4.4.7/../../../../avr32/lib/ucr2\libc.a(lib_a-syscalls.o)
 .debug_aranges
                0x000007e8       0x20 d:/atmel7/7.0/toolchain/avr32/avr32-gnu-toolchain/bin/../lib/gcc/avr32/4.4.7/../../../../avr32/lib/ucr2\libc.a(lib_a-errno.o)
 .debug_aranges
                0x00000808       0x80 d:/atmel7/7.0/toolchain/avr32/avr32-gnu-toolchain/bin/../lib/gcc/avr32/4.4.7/../../../../avr32/lib/ucr2\libc.a(lib_a-findfp.o)
 .debug_aranges
                0x00000888       0x28 d:/atmel7/7.0/toolchain/avr32/avr32-gnu-toolchain/bin/../lib/gcc/avr32/4.4.7/../../../../avr32/lib/ucr2\libc.a(lib_a-freer.o)

.debug_pubnames
                0x00000000     0x1371
 *(.debug_pubnames)
 .debug_pubnames
                0x00000000       0x1c src/image.o
 .debug_pubnames
                0x0000001c      0x317 src/ASF/avr32/components/display/et024006dhu/et024006dhu.o
 .debug_pubnames
                0x00000333       0x33 src/ASF/avr32/drivers/ebi/smc/smc.o
 .debug_pubnames
                0x00000366      0x330 src/ASF/avr32/drivers/gpio/gpio.o
 .debug_pubnames
                0x00000696       0x62 src/ASF/avr32/drivers/intc/intc.o
 .debug_pubnames
                0x000006f8      0x3ee src/ASF/avr32/drivers/pm/pm.o
 .debug_pubnames
                0x00000ae6       0x82 src/ASF/avr32/drivers/pm/power_clocks_lib.o
 .debug_pubnames
                0x00000b68       0x9a src/ASF/avr32/drivers/pwm/pwm.o
 .debug_pubnames
                0x00000c02       0x21 src/avr32_logo.o
 .debug_pubnames
                0x00000c23      0x21a src/et024006dhu_example.o
 .debug_pubnames
                0x00000e3d       0x20 d:/atmel7/7.0/toolchain/avr32/avr32-gnu-toolchain/bin/../lib/gcc/avr32/4.4.7/ucr2\libgcc.a(_udivdi3.o)
 .debug_pubnames
                0x00000e5d       0x25 d:/atmel7/7.0/toolchain/avr32/avr32-gnu-toolchain/bin/../lib/gcc/avr32/4.4.7/../../../../avr32/lib/ucr2\libc.a(lib_a-rand.o)
 .debug_pubnames
                0x00000e82       0x1b d:/atmel7/7.0/toolchain/avr32/avr32-gnu-toolchain/bin/../lib/gcc/avr32/4.4.7/../../../../avr32/lib/ucr2\libc.a(lib_a-time.o)
 .debug_pubnames
                0x00000e9d       0x26 d:/atmel7/7.0/toolchain/avr32/avr32-gnu-toolchain/bin/../lib/gcc/avr32/4.4.7/../../../../avr32/lib/ucr2\libc.a(lib_a-gettimeofdayr.o)
 .debug_pubnames
                0x00000ec3       0x39 d:/atmel7/7.0/toolchain/avr32/avr32-gnu-toolchain/bin/../lib/gcc/avr32/4.4.7/../../../../avr32/lib/ucr2\libc.a(lib_a-impure.o)
 .debug_pubnames
                0x00000efc       0x26 d:/atmel7/7.0/toolchain/avr32/avr32-gnu-toolchain/bin/../lib/gcc/avr32/4.4.7/../../../../avr32/lib/ucr2\libc.a(lib_a-malloc.o)
 .debug_pubnames
                0x00000f22       0xce d:/atmel7/7.0/toolchain/avr32/avr32-gnu-toolchain/bin/../lib/gcc/avr32/4.4.7/../../../../avr32/lib/ucr2\libc.a(lib_a-mallocr.o)
 .debug_pubnames
                0x00000ff0       0x38 d:/atmel7/7.0/toolchain/avr32/avr32-gnu-toolchain/bin/../lib/gcc/avr32/4.4.7/../../../../avr32/lib/ucr2\libc.a(lib_a-mlock.o)
 .debug_pubnames
                0x00001028       0x52 d:/atmel7/7.0/toolchain/avr32/avr32-gnu-toolchain/bin/../lib/gcc/avr32/4.4.7/../../../../avr32/lib/ucr2\libc.a(lib_a-reent.o)
 .debug_pubnames
                0x0000107a       0x1e d:/atmel7/7.0/toolchain/avr32/avr32-gnu-toolchain/bin/../lib/gcc/avr32/4.4.7/../../../../avr32/lib/ucr2\libc.a(lib_a-sbrkr.o)
 .debug_pubnames
                0x00001098      0x171 d:/atmel7/7.0/toolchain/avr32/avr32-gnu-toolchain/bin/../lib/gcc/avr32/4.4.7/../../../../avr32/lib/ucr2\libc.a(lib_a-syscalls.o)
 .debug_pubnames
                0x00001209       0x1e d:/atmel7/7.0/toolchain/avr32/avr32-gnu-toolchain/bin/../lib/gcc/avr32/4.4.7/../../../../avr32/lib/ucr2\libc.a(lib_a-errno.o)
 .debug_pubnames
                0x00001227      0x119 d:/atmel7/7.0/toolchain/avr32/avr32-gnu-toolchain/bin/../lib/gcc/avr32/4.4.7/../../../../avr32/lib/ucr2\libc.a(lib_a-findfp.o)
 .debug_pubnames
                0x00001340       0x31 d:/atmel7/7.0/toolchain/avr32/avr32-gnu-toolchain/bin/../lib/gcc/avr32/4.4.7/../../../../avr32/lib/ucr2\libc.a(lib_a-freer.o)

.debug_info     0x00000000     0xfa9f
 *(.debug_info .gnu.linkonce.wi.*)
 .debug_info    0x00000000       0x5e src/image.o
 .debug_info    0x0000005e     0x212c src/ASF/avr32/components/display/et024006dhu/et024006dhu.o
 .debug_info    0x0000218a      0x616 src/ASF/avr32/drivers/ebi/smc/smc.o
 .debug_info    0x000027a0      0xb1b src/ASF/avr32/drivers/gpio/gpio.o
 .debug_info    0x000032bb       0xa3 src/ASF/avr32/drivers/intc/exception.o
 .debug_info    0x0000335e      0x5ae src/ASF/avr32/drivers/intc/intc.o
 .debug_info    0x0000390c     0x1a57 src/ASF/avr32/drivers/pm/pm.o
 .debug_info    0x00005363      0xf89 src/ASF/avr32/drivers/pm/power_clocks_lib.o
 .debug_info    0x000062ec      0xa08 src/ASF/avr32/drivers/pwm/pwm.o
 .debug_info    0x00006cf4       0xa2 src/ASF/avr32/utils/startup/startup_uc3.o
 .debug_info    0x00006d96       0xa9 src/ASF/avr32/utils/startup/trampoline_uc3.o
 .debug_info    0x00006e3f       0x5e src/avr32_logo.o
 .debug_info    0x00006e9d      0x840 src/et024006dhu_example.o
 .debug_info    0x000076dd      0x57b d:/atmel7/7.0/toolchain/avr32/avr32-gnu-toolchain/bin/../lib/gcc/avr32/4.4.7/ucr2\libgcc.a(_udivdi3.o)
 .debug_info    0x00007c58      0x91a d:/atmel7/7.0/toolchain/avr32/avr32-gnu-toolchain/bin/../lib/gcc/avr32/4.4.7/../../../../avr32/lib/ucr2\libc.a(lib_a-rand.o)
 .debug_info    0x00008572      0x907 d:/atmel7/7.0/toolchain/avr32/avr32-gnu-toolchain/bin/../lib/gcc/avr32/4.4.7/../../../../avr32/lib/ucr2\libc.a(lib_a-time.o)
 .debug_info    0x00008e79      0x927 d:/atmel7/7.0/toolchain/avr32/avr32-gnu-toolchain/bin/../lib/gcc/avr32/4.4.7/../../../../avr32/lib/ucr2\libc.a(lib_a-gettimeofdayr.o)
 .debug_info    0x000097a0      0x960 d:/atmel7/7.0/toolchain/avr32/avr32-gnu-toolchain/bin/../lib/gcc/avr32/4.4.7/../../../../avr32/lib/ucr2\libc.a(lib_a-impure.o)
 .debug_info    0x0000a100      0x8ea d:/atmel7/7.0/toolchain/avr32/avr32-gnu-toolchain/bin/../lib/gcc/avr32/4.4.7/../../../../avr32/lib/ucr2\libc.a(lib_a-malloc.o)
 .debug_info    0x0000a9ea      0xc4e d:/atmel7/7.0/toolchain/avr32/avr32-gnu-toolchain/bin/../lib/gcc/avr32/4.4.7/../../../../avr32/lib/ucr2\libc.a(lib_a-mallocr.o)
 .debug_info    0x0000b638      0x8cf d:/atmel7/7.0/toolchain/avr32/avr32-gnu-toolchain/bin/../lib/gcc/avr32/4.4.7/../../../../avr32/lib/ucr2\libc.a(lib_a-mlock.o)
 .debug_info    0x0000bf07      0x973 d:/atmel7/7.0/toolchain/avr32/avr32-gnu-toolchain/bin/../lib/gcc/avr32/4.4.7/../../../../avr32/lib/ucr2\libc.a(lib_a-reent.o)
 .debug_info    0x0000c87a      0x8de d:/atmel7/7.0/toolchain/avr32/avr32-gnu-toolchain/bin/../lib/gcc/avr32/4.4.7/../../../../avr32/lib/ucr2\libc.a(lib_a-sbrkr.o)
 .debug_info    0x0000d158      0x93a d:/atmel7/7.0/toolchain/avr32/avr32-gnu-toolchain/bin/../lib/gcc/avr32/4.4.7/../../../../avr32/lib/ucr2\libc.a(lib_a-syscalls.o)
 .debug_info    0x0000da92      0x8a6 d:/atmel7/7.0/toolchain/avr32/avr32-gnu-toolchain/bin/../lib/gcc/avr32/4.4.7/../../../../avr32/lib/ucr2\libc.a(lib_a-errno.o)
 .debug_info    0x0000e338      0xc2a d:/atmel7/7.0/toolchain/avr32/avr32-gnu-toolchain/bin/../lib/gcc/avr32/4.4.7/../../../../avr32/lib/ucr2\libc.a(lib_a-findfp.o)
 .debug_info    0x0000ef62      0xb3d d:/atmel7/7.0/toolchain/avr32/avr32-gnu-toolchain/bin/../lib/gcc/avr32/4.4.7/../../../../avr32/lib/ucr2\libc.a(lib_a-freer.o)

.debug_abbrev   0x00000000     0x2a15
 *(.debug_abbrev)
 .debug_abbrev  0x00000000       0x54 src/image.o
 .debug_abbrev  0x00000054      0x325 src/ASF/avr32/components/display/et024006dhu/et024006dhu.o
 .debug_abbrev  0x00000379      0x1e1 src/ASF/avr32/drivers/ebi/smc/smc.o
 .debug_abbrev  0x0000055a      0x28b src/ASF/avr32/drivers/gpio/gpio.o
 .debug_abbrev  0x000007e5       0x14 src/ASF/avr32/drivers/intc/exception.o
 .debug_abbrev  0x000007f9      0x1d4 src/ASF/avr32/drivers/intc/intc.o
 .debug_abbrev  0x000009cd      0x2d1 src/ASF/avr32/drivers/pm/pm.o
 .debug_abbrev  0x00000c9e      0x1cd src/ASF/avr32/drivers/pm/power_clocks_lib.o
 .debug_abbrev  0x00000e6b      0x19d src/ASF/avr32/drivers/pwm/pwm.o
 .debug_abbrev  0x00001008       0x12 src/ASF/avr32/utils/startup/startup_uc3.o
 .debug_abbrev  0x0000101a       0x14 src/ASF/avr32/utils/startup/trampoline_uc3.o
 .debug_abbrev  0x0000102e       0x54 src/avr32_logo.o
 .debug_abbrev  0x00001082      0x2ab src/et024006dhu_example.o
 .debug_abbrev  0x0000132d      0x15a d:/atmel7/7.0/toolchain/avr32/avr32-gnu-toolchain/bin/../lib/gcc/avr32/4.4.7/ucr2\libgcc.a(_udivdi3.o)
 .debug_abbrev  0x00001487      0x1b3 d:/atmel7/7.0/toolchain/avr32/avr32-gnu-toolchain/bin/../lib/gcc/avr32/4.4.7/../../../../avr32/lib/ucr2\libc.a(lib_a-rand.o)
 .debug_abbrev  0x0000163a      0x170 d:/atmel7/7.0/toolchain/avr32/avr32-gnu-toolchain/bin/../lib/gcc/avr32/4.4.7/../../../../avr32/lib/ucr2\libc.a(lib_a-time.o)
 .debug_abbrev  0x000017aa      0x17f d:/atmel7/7.0/toolchain/avr32/avr32-gnu-toolchain/bin/../lib/gcc/avr32/4.4.7/../../../../avr32/lib/ucr2\libc.a(lib_a-gettimeofdayr.o)
 .debug_abbrev  0x00001929      0x160 d:/atmel7/7.0/toolchain/avr32/avr32-gnu-toolchain/bin/../lib/gcc/avr32/4.4.7/../../../../avr32/lib/ucr2\libc.a(lib_a-impure.o)
 .debug_abbrev  0x00001a89      0x178 d:/atmel7/7.0/toolchain/avr32/avr32-gnu-toolchain/bin/../lib/gcc/avr32/4.4.7/../../../../avr32/lib/ucr2\libc.a(lib_a-malloc.o)
 .debug_abbrev  0x00001c01      0x205 d:/atmel7/7.0/toolchain/avr32/avr32-gnu-toolchain/bin/../lib/gcc/avr32/4.4.7/../../../../avr32/lib/ucr2\libc.a(lib_a-mallocr.o)
 .debug_abbrev  0x00001e06      0x15b d:/atmel7/7.0/toolchain/avr32/avr32-gnu-toolchain/bin/../lib/gcc/avr32/4.4.7/../../../../avr32/lib/ucr2\libc.a(lib_a-mlock.o)
 .debug_abbrev  0x00001f61      0x1e6 d:/atmel7/7.0/toolchain/avr32/avr32-gnu-toolchain/bin/../lib/gcc/avr32/4.4.7/../../../../avr32/lib/ucr2\libc.a(lib_a-reent.o)
 .debug_abbrev  0x00002147      0x17f d:/atmel7/7.0/toolchain/avr32/avr32-gnu-toolchain/bin/../lib/gcc/avr32/4.4.7/../../../../avr32/lib/ucr2\libc.a(lib_a-sbrkr.o)
 .debug_abbrev  0x000022c6      0x19a d:/atmel7/7.0/toolchain/avr32/avr32-gnu-toolchain/bin/../lib/gcc/avr32/4.4.7/../../../../avr32/lib/ucr2\libc.a(lib_a-syscalls.o)
 .debug_abbrev  0x00002460      0x150 d:/atmel7/7.0/toolchain/avr32/avr32-gnu-toolchain/bin/../lib/gcc/avr32/4.4.7/../../../../avr32/lib/ucr2\libc.a(lib_a-errno.o)
 .debug_abbrev  0x000025b0      0x28c d:/atmel7/7.0/toolchain/avr32/avr32-gnu-toolchain/bin/../lib/gcc/avr32/4.4.7/../../../../avr32/lib/ucr2\libc.a(lib_a-findfp.o)
 .debug_abbrev  0x0000283c      0x1d9 d:/atmel7/7.0/toolchain/avr32/avr32-gnu-toolchain/bin/../lib/gcc/avr32/4.4.7/../../../../avr32/lib/ucr2\libc.a(lib_a-freer.o)

.debug_line     0x00000000     0x7287
 *(.debug_line)
 .debug_line    0x00000000       0x2f src/image.o
 .debug_line    0x0000002f      0xcda src/ASF/avr32/components/display/et024006dhu/et024006dhu.o
 .debug_line    0x00000d09      0x6db src/ASF/avr32/drivers/ebi/smc/smc.o
 .debug_line    0x000013e4      0x845 src/ASF/avr32/drivers/gpio/gpio.o
 .debug_line    0x00001c29      0x109 src/ASF/avr32/drivers/intc/exception.o
 .debug_line    0x00001d32      0x613 src/ASF/avr32/drivers/intc/intc.o
 .debug_line    0x00002345      0x948 src/ASF/avr32/drivers/pm/pm.o
 .debug_line    0x00002c8d      0x643 src/ASF/avr32/drivers/pm/power_clocks_lib.o
 .debug_line    0x000032d0      0x644 src/ASF/avr32/drivers/pwm/pwm.o
 .debug_line    0x00003914       0xf1 src/ASF/avr32/utils/startup/startup_uc3.o
 .debug_line    0x00003a05       0x66 src/ASF/avr32/utils/startup/trampoline_uc3.o
 .debug_line    0x00003a6b       0x34 src/avr32_logo.o
 .debug_line    0x00003a9f      0xdf2 src/et024006dhu_example.o
 .debug_line    0x00004891      0x1d5 d:/atmel7/7.0/toolchain/avr32/avr32-gnu-toolchain/bin/../lib/gcc/avr32/4.4.7/ucr2\libgcc.a(_udivdi3.o)
 .debug_line    0x00004a66      0x271 d:/atmel7/7.0/toolchain/avr32/avr32-gnu-toolchain/bin/../lib/gcc/avr32/4.4.7/../../../../avr32/lib/ucr2\libc.a(lib_a-rand.o)
 .debug_line    0x00004cd7      0x25f d:/atmel7/7.0/toolchain/avr32/avr32-gnu-toolchain/bin/../lib/gcc/avr32/4.4.7/../../../../avr32/lib/ucr2\libc.a(lib_a-time.o)
 .debug_line    0x00004f36      0x276 d:/atmel7/7.0/toolchain/avr32/avr32-gnu-toolchain/bin/../lib/gcc/avr32/4.4.7/../../../../avr32/lib/ucr2\libc.a(lib_a-gettimeofdayr.o)
 .debug_line    0x000051ac      0x1a8 d:/atmel7/7.0/toolchain/avr32/avr32-gnu-toolchain/bin/../lib/gcc/avr32/4.4.7/../../../../avr32/lib/ucr2\libc.a(lib_a-impure.o)
 .debug_line    0x00005354      0x255 d:/atmel7/7.0/toolchain/avr32/avr32-gnu-toolchain/bin/../lib/gcc/avr32/4.4.7/../../../../avr32/lib/ucr2\libc.a(lib_a-malloc.o)
 .debug_line    0x000055a9      0x571 d:/atmel7/7.0/toolchain/avr32/avr32-gnu-toolchain/bin/../lib/gcc/avr32/4.4.7/../../../../avr32/lib/ucr2\libc.a(lib_a-mallocr.o)
 .debug_line    0x00005b1a      0x1d4 d:/atmel7/7.0/toolchain/avr32/avr32-gnu-toolchain/bin/../lib/gcc/avr32/4.4.7/../../../../avr32/lib/ucr2\libc.a(lib_a-mlock.o)
 .debug_line    0x00005cee      0x2ec d:/atmel7/7.0/toolchain/avr32/avr32-gnu-toolchain/bin/../lib/gcc/avr32/4.4.7/../../../../avr32/lib/ucr2\libc.a(lib_a-reent.o)
 .debug_line    0x00005fda      0x258 d:/atmel7/7.0/toolchain/avr32/avr32-gnu-toolchain/bin/../lib/gcc/avr32/4.4.7/../../../../avr32/lib/ucr2\libc.a(lib_a-sbrkr.o)
 .debug_line    0x00006232      0x58e d:/atmel7/7.0/toolchain/avr32/avr32-gnu-toolchain/bin/../lib/gcc/avr32/4.4.7/../../../../avr32/lib/ucr2\libc.a(lib_a-syscalls.o)
 .debug_line    0x000067c0      0x1ce d:/atmel7/7.0/toolchain/avr32/avr32-gnu-toolchain/bin/../lib/gcc/avr32/4.4.7/../../../../avr32/lib/ucr2\libc.a(lib_a-errno.o)
 .debug_line    0x0000698e      0x5ad d:/atmel7/7.0/toolchain/avr32/avr32-gnu-toolchain/bin/../lib/gcc/avr32/4.4.7/../../../../avr32/lib/ucr2\libc.a(lib_a-findfp.o)
 .debug_line    0x00006f3b      0x34c d:/atmel7/7.0/toolchain/avr32/avr32-gnu-toolchain/bin/../lib/gcc/avr32/4.4.7/../../../../avr32/lib/ucr2\libc.a(lib_a-freer.o)

.debug_frame    0x00000000     0x1458
 *(.debug_frame)
 .debug_frame   0x00000000      0x3a0 src/ASF/avr32/components/display/et024006dhu/et024006dhu.o
 .debug_frame   0x000003a0       0x48 src/ASF/avr32/drivers/ebi/smc/smc.o
 .debug_frame   0x000003e8      0x204 src/ASF/avr32/drivers/gpio/gpio.o
 .debug_frame   0x000005ec       0x64 src/ASF/avr32/drivers/intc/intc.o
 .debug_frame   0x00000650      0x390 src/ASF/avr32/drivers/pm/pm.o
 .debug_frame   0x000009e0       0x88 src/ASF/avr32/drivers/pm/power_clocks_lib.o
 .debug_frame   0x00000a68       0x70 src/ASF/avr32/drivers/pwm/pwm.o
 .debug_frame   0x00000ad8      0x340 src/et024006dhu_example.o
 .debug_frame   0x00000e18       0x44 d:/atmel7/7.0/toolchain/avr32/avr32-gnu-toolchain/bin/../lib/gcc/avr32/4.4.7/ucr2\libgcc.a(_udivdi3.o)
 .debug_frame   0x00000e5c       0x58 d:/atmel7/7.0/toolchain/avr32/avr32-gnu-toolchain/bin/../lib/gcc/avr32/4.4.7/../../../../avr32/lib/ucr2\libc.a(lib_a-rand.o)
 .debug_frame   0x00000eb4       0x38 d:/atmel7/7.0/toolchain/avr32/avr32-gnu-toolchain/bin/../lib/gcc/avr32/4.4.7/../../../../avr32/lib/ucr2\libc.a(lib_a-time.o)
 .debug_frame   0x00000eec       0x34 d:/atmel7/7.0/toolchain/avr32/avr32-gnu-toolchain/bin/../lib/gcc/avr32/4.4.7/../../../../avr32/lib/ucr2\libc.a(lib_a-gettimeofdayr.o)
 .debug_frame   0x00000f20       0x40 d:/atmel7/7.0/toolchain/avr32/avr32-gnu-toolchain/bin/../lib/gcc/avr32/4.4.7/../../../../avr32/lib/ucr2\libc.a(lib_a-malloc.o)
 .debug_frame   0x00000f60       0x40 d:/atmel7/7.0/toolchain/avr32/avr32-gnu-toolchain/bin/../lib/gcc/avr32/4.4.7/../../../../avr32/lib/ucr2\libc.a(lib_a-mallocr.o)
 .debug_frame   0x00000fa0       0x30 d:/atmel7/7.0/toolchain/avr32/avr32-gnu-toolchain/bin/../lib/gcc/avr32/4.4.7/../../../../avr32/lib/ucr2\libc.a(lib_a-mlock.o)
 .debug_frame   0x00000fd0       0x80 d:/atmel7/7.0/toolchain/avr32/avr32-gnu-toolchain/bin/../lib/gcc/avr32/4.4.7/../../../../avr32/lib/ucr2\libc.a(lib_a-reent.o)
 .debug_frame   0x00001050       0x34 d:/atmel7/7.0/toolchain/avr32/avr32-gnu-toolchain/bin/../lib/gcc/avr32/4.4.7/../../../../avr32/lib/ucr2\libc.a(lib_a-sbrkr.o)
 .debug_frame   0x00001084      0x220 d:/atmel7/7.0/toolchain/avr32/avr32-gnu-toolchain/bin/../lib/gcc/avr32/4.4.7/../../../../avr32/lib/ucr2\libc.a(lib_a-syscalls.o)
 .debug_frame   0x000012a4       0x20 d:/atmel7/7.0/toolchain/avr32/avr32-gnu-toolchain/bin/../lib/gcc/avr32/4.4.7/../../../../avr32/lib/ucr2\libc.a(lib_a-errno.o)
 .debug_frame   0x000012c4      0x13c d:/atmel7/7.0/toolchain/avr32/avr32-gnu-toolchain/bin/../lib/gcc/avr32/4.4.7/../../../../avr32/lib/ucr2\libc.a(lib_a-findfp.o)
 .debug_frame   0x00001400       0x58 d:/atmel7/7.0/toolchain/avr32/avr32-gnu-toolchain/bin/../lib/gcc/avr32/4.4.7/../../../../avr32/lib/ucr2\libc.a(lib_a-freer.o)

.debug_str      0x00000000     0x2d65
 *(.debug_str)
 .debug_str     0x00000000       0x85 src/image.o
 .debug_str     0x00000085      0x694 src/ASF/avr32/components/display/et024006dhu/et024006dhu.o
                                0x799 (size before relaxing)
 .debug_str     0x00000719      0x1d8 src/ASF/avr32/drivers/ebi/smc/smc.o
                                0x300 (size before relaxing)
 .debug_str     0x000008f1      0x413 src/ASF/avr32/drivers/gpio/gpio.o
                                0x53f (size before relaxing)
 .debug_str     0x00000d04      0x37d src/ASF/avr32/drivers/intc/intc.o
                                0x493 (size before relaxing)
 .debug_str     0x00001081      0x7b9 src/ASF/avr32/drivers/pm/pm.o
                                0x9ab (size before relaxing)
 .debug_str     0x0000183a       0xe6 src/ASF/avr32/drivers/pm/power_clocks_lib.o
                                0x547 (size before relaxing)
 .debug_str     0x00001920      0x1e8 src/ASF/avr32/drivers/pwm/pwm.o
                                0x34d (size before relaxing)
 .debug_str     0x00001b08       0x1f src/avr32_logo.o
                                 0x8f (size before relaxing)
 .debug_str     0x00001b27      0x1d4 src/et024006dhu_example.o
                                0x41b (size before relaxing)
 .debug_str     0x00001cfb      0x152 d:/atmel7/7.0/toolchain/avr32/avr32-gnu-toolchain/bin/../lib/gcc/avr32/4.4.7/ucr2\libgcc.a(_udivdi3.o)
                                0x207 (size before relaxing)
 .debug_str     0x00001e4d      0x3af d:/atmel7/7.0/toolchain/avr32/avr32-gnu-toolchain/bin/../lib/gcc/avr32/4.4.7/../../../../avr32/lib/ucr2\libc.a(lib_a-rand.o)
                                0x4b3 (size before relaxing)
 .debug_str     0x000021fc       0x8c d:/atmel7/7.0/toolchain/avr32/avr32-gnu-toolchain/bin/../lib/gcc/avr32/4.4.7/../../../../avr32/lib/ucr2\libc.a(lib_a-time.o)
                                0x4d0 (size before relaxing)
 .debug_str     0x00002288       0x97 d:/atmel7/7.0/toolchain/avr32/avr32-gnu-toolchain/bin/../lib/gcc/avr32/4.4.7/../../../../avr32/lib/ucr2\libc.a(lib_a-gettimeofdayr.o)
                                0x4f2 (size before relaxing)
 .debug_str     0x0000231f       0xcb d:/atmel7/7.0/toolchain/avr32/avr32-gnu-toolchain/bin/../lib/gcc/avr32/4.4.7/../../../../avr32/lib/ucr2\libc.a(lib_a-impure.o)
                                0x502 (size before relaxing)
 .debug_str     0x000023ea       0x8d d:/atmel7/7.0/toolchain/avr32/avr32-gnu-toolchain/bin/../lib/gcc/avr32/4.4.7/../../../../avr32/lib/ucr2\libc.a(lib_a-malloc.o)
                                0x4c4 (size before relaxing)
 .debug_str     0x00002477      0x23b d:/atmel7/7.0/toolchain/avr32/avr32-gnu-toolchain/bin/../lib/gcc/avr32/4.4.7/../../../../avr32/lib/ucr2\libc.a(lib_a-mallocr.o)
                                0x699 (size before relaxing)
 .debug_str     0x000026b2       0xa0 d:/atmel7/7.0/toolchain/avr32/avr32-gnu-toolchain/bin/../lib/gcc/avr32/4.4.7/../../../../avr32/lib/ucr2\libc.a(lib_a-mlock.o)
                                0x4cb (size before relaxing)
 .debug_str     0x00002752       0xa6 d:/atmel7/7.0/toolchain/avr32/avr32-gnu-toolchain/bin/../lib/gcc/avr32/4.4.7/../../../../avr32/lib/ucr2\libc.a(lib_a-reent.o)
                                0x4e8 (size before relaxing)
 .debug_str     0x000027f8       0x83 d:/atmel7/7.0/toolchain/avr32/avr32-gnu-toolchain/bin/../lib/gcc/avr32/4.4.7/../../../../avr32/lib/ucr2\libc.a(lib_a-sbrkr.o)
                                0x4b4 (size before relaxing)
 .debug_str     0x0000287b      0x305 d:/atmel7/7.0/toolchain/avr32/avr32-gnu-toolchain/bin/../lib/gcc/avr32/4.4.7/../../../../avr32/lib/ucr2\libc.a(lib_a-syscalls.o)
                                0x43d (size before relaxing)
 .debug_str     0x00002b80       0x74 d:/atmel7/7.0/toolchain/avr32/avr32-gnu-toolchain/bin/../lib/gcc/avr32/4.4.7/../../../../avr32/lib/ucr2\libc.a(lib_a-errno.o)
                                0x4ab (size before relaxing)
 .debug_str     0x00002bf4      0x135 d:/atmel7/7.0/toolchain/avr32/avr32-gnu-toolchain/bin/../lib/gcc/avr32/4.4.7/../../../../avr32/lib/ucr2\libc.a(lib_a-findfp.o)
                                0x5dc (size before relaxing)
 .debug_str     0x00002d29       0x3c d:/atmel7/7.0/toolchain/avr32/avr32-gnu-toolchain/bin/../lib/gcc/avr32/4.4.7/../../../../avr32/lib/ucr2\libc.a(lib_a-freer.o)
                                0x5eb (size before relaxing)

.debug_loc      0x00000000     0x4051
 *(.debug_loc)
 .debug_loc     0x00000000     0x15dd src/ASF/avr32/components/display/et024006dhu/et024006dhu.o
 .debug_loc     0x000015dd       0xd5 src/ASF/avr32/drivers/ebi/smc/smc.o
 .debug_loc     0x000016b2      0x368 src/ASF/avr32/drivers/gpio/gpio.o
 .debug_loc     0x00001a1a       0xd3 src/ASF/avr32/drivers/intc/intc.o
 .debug_loc     0x00001aed      0x559 src/ASF/avr32/drivers/pm/pm.o
 .debug_loc     0x00002046      0x12b src/ASF/avr32/drivers/pm/power_clocks_lib.o
 .debug_loc     0x00002171       0xb4 src/ASF/avr32/drivers/pwm/pwm.o
 .debug_loc     0x00002225      0x6a0 src/et024006dhu_example.o
 .debug_loc     0x000028c5      0x75d d:/atmel7/7.0/toolchain/avr32/avr32-gnu-toolchain/bin/../lib/gcc/avr32/4.4.7/ucr2\libgcc.a(_udivdi3.o)
 .debug_loc     0x00003022       0x6f d:/atmel7/7.0/toolchain/avr32/avr32-gnu-toolchain/bin/../lib/gcc/avr32/4.4.7/../../../../avr32/lib/ucr2\libc.a(lib_a-rand.o)
 .debug_loc     0x00003091       0x49 d:/atmel7/7.0/toolchain/avr32/avr32-gnu-toolchain/bin/../lib/gcc/avr32/4.4.7/../../../../avr32/lib/ucr2\libc.a(lib_a-time.o)
 .debug_loc     0x000030da       0x76 d:/atmel7/7.0/toolchain/avr32/avr32-gnu-toolchain/bin/../lib/gcc/avr32/4.4.7/../../../../avr32/lib/ucr2\libc.a(lib_a-gettimeofdayr.o)
 .debug_loc     0x00003150       0x64 d:/atmel7/7.0/toolchain/avr32/avr32-gnu-toolchain/bin/../lib/gcc/avr32/4.4.7/../../../../avr32/lib/ucr2\libc.a(lib_a-malloc.o)
 .debug_loc     0x000031b4      0x59a d:/atmel7/7.0/toolchain/avr32/avr32-gnu-toolchain/bin/../lib/gcc/avr32/4.4.7/../../../../avr32/lib/ucr2\libc.a(lib_a-mallocr.o)
 .debug_loc     0x0000374e      0x10a d:/atmel7/7.0/toolchain/avr32/avr32-gnu-toolchain/bin/../lib/gcc/avr32/4.4.7/../../../../avr32/lib/ucr2\libc.a(lib_a-reent.o)
 .debug_loc     0x00003858       0x63 d:/atmel7/7.0/toolchain/avr32/avr32-gnu-toolchain/bin/../lib/gcc/avr32/4.4.7/../../../../avr32/lib/ucr2\libc.a(lib_a-sbrkr.o)
 .debug_loc     0x000038bb      0x268 d:/atmel7/7.0/toolchain/avr32/avr32-gnu-toolchain/bin/../lib/gcc/avr32/4.4.7/../../../../avr32/lib/ucr2\libc.a(lib_a-syscalls.o)
 .debug_loc     0x00003b23      0x202 d:/atmel7/7.0/toolchain/avr32/avr32-gnu-toolchain/bin/../lib/gcc/avr32/4.4.7/../../../../avr32/lib/ucr2\libc.a(lib_a-findfp.o)
 .debug_loc     0x00003d25      0x32c d:/atmel7/7.0/toolchain/avr32/avr32-gnu-toolchain/bin/../lib/gcc/avr32/4.4.7/../../../../avr32/lib/ucr2\libc.a(lib_a-freer.o)

.debug_macinfo  0x00000000   0x777acd
 *(.debug_macinfo)
 .debug_macinfo
                0x00000000      0xc89 src/image.o
 .debug_macinfo
                0x00000c89    0xf137e src/ASF/avr32/components/display/et024006dhu/et024006dhu.o
 .debug_macinfo
                0x000f2007    0xf1440 src/ASF/avr32/drivers/ebi/smc/smc.o
 .debug_macinfo
                0x001e3447    0xed29e src/ASF/avr32/drivers/gpio/gpio.o
 .debug_macinfo
                0x002d06e5    0xed34b src/ASF/avr32/drivers/intc/intc.o
 .debug_macinfo
                0x003bda30    0xed108 src/ASF/avr32/drivers/pm/pm.o
 .debug_macinfo
                0x004aab38    0xed1e9 src/ASF/avr32/drivers/pm/power_clocks_lib.o
 .debug_macinfo
                0x00597d21    0xed173 src/ASF/avr32/drivers/pwm/pwm.o
 .debug_macinfo
                0x00684e94      0xc89 src/avr32_logo.o
 .debug_macinfo
                0x00685b1d    0xf1fb0 src/et024006dhu_example.o

.debug_weaknames
 *(.debug_weaknames)

.debug_funcnames
 *(.debug_funcnames)

.debug_typenames
 *(.debug_typenames)

.debug_varnames
 *(.debug_varnames)

.stack          0x0000f000     0x1000
                0x0000f000                _stack = .
 *(.stack)
                0x00001000                . = __stack_size__
 *fill*         0x0000f000     0x1000 
                0x00010000                _estack = .

.userpage
 *(.userpage .userpage.*)

/DISCARD/
 *(.note.GNU-stack)
OUTPUT(lab7.elf elf32-avr32)

.debug_ranges   0x00000000      0xae0
 .debug_ranges  0x00000000      0x318 src/ASF/avr32/components/display/et024006dhu/et024006dhu.o
 .debug_ranges  0x00000318       0x20 src/ASF/avr32/drivers/ebi/smc/smc.o
 .debug_ranges  0x00000338       0xf8 src/ASF/avr32/drivers/gpio/gpio.o
 .debug_ranges  0x00000430       0x48 src/ASF/avr32/drivers/intc/intc.o
 .debug_ranges  0x00000478      0x188 src/ASF/avr32/drivers/pm/pm.o
 .debug_ranges  0x00000600       0x38 src/ASF/avr32/drivers/pm/power_clocks_lib.o
 .debug_ranges  0x00000638       0x40 src/ASF/avr32/drivers/pwm/pwm.o
 .debug_ranges  0x00000678       0x20 src/ASF/avr32/utils/startup/startup_uc3.o
 .debug_ranges  0x00000698       0xc8 src/et024006dhu_example.o
 .debug_ranges  0x00000760       0x78 d:/atmel7/7.0/toolchain/avr32/avr32-gnu-toolchain/bin/../lib/gcc/avr32/4.4.7/ucr2\libgcc.a(_udivdi3.o)
 .debug_ranges  0x000007d8       0x68 d:/atmel7/7.0/toolchain/avr32/avr32-gnu-toolchain/bin/../lib/gcc/avr32/4.4.7/../../../../avr32/lib/ucr2\libc.a(lib_a-rand.o)
 .debug_ranges  0x00000840       0x18 d:/atmel7/7.0/toolchain/avr32/avr32-gnu-toolchain/bin/../lib/gcc/avr32/4.4.7/../../../../avr32/lib/ucr2\libc.a(lib_a-time.o)
 .debug_ranges  0x00000858       0x18 d:/atmel7/7.0/toolchain/avr32/avr32-gnu-toolchain/bin/../lib/gcc/avr32/4.4.7/../../../../avr32/lib/ucr2\libc.a(lib_a-gettimeofdayr.o)
 .debug_ranges  0x00000870       0x20 d:/atmel7/7.0/toolchain/avr32/avr32-gnu-toolchain/bin/../lib/gcc/avr32/4.4.7/../../../../avr32/lib/ucr2\libc.a(lib_a-malloc.o)
 .debug_ranges  0x00000890       0x18 d:/atmel7/7.0/toolchain/avr32/avr32-gnu-toolchain/bin/../lib/gcc/avr32/4.4.7/../../../../avr32/lib/ucr2\libc.a(lib_a-mallocr.o)
 .debug_ranges  0x000008a8       0x20 d:/atmel7/7.0/toolchain/avr32/avr32-gnu-toolchain/bin/../lib/gcc/avr32/4.4.7/../../../../avr32/lib/ucr2\libc.a(lib_a-mlock.o)
 .debug_ranges  0x000008c8       0x28 d:/atmel7/7.0/toolchain/avr32/avr32-gnu-toolchain/bin/../lib/gcc/avr32/4.4.7/../../../../avr32/lib/ucr2\libc.a(lib_a-reent.o)
 .debug_ranges  0x000008f0       0x18 d:/atmel7/7.0/toolchain/avr32/avr32-gnu-toolchain/bin/../lib/gcc/avr32/4.4.7/../../../../avr32/lib/ucr2\libc.a(lib_a-sbrkr.o)
 .debug_ranges  0x00000908       0xf0 d:/atmel7/7.0/toolchain/avr32/avr32-gnu-toolchain/bin/../lib/gcc/avr32/4.4.7/../../../../avr32/lib/ucr2\libc.a(lib_a-syscalls.o)
 .debug_ranges  0x000009f8       0x18 d:/atmel7/7.0/toolchain/avr32/avr32-gnu-toolchain/bin/../lib/gcc/avr32/4.4.7/../../../../avr32/lib/ucr2\libc.a(lib_a-errno.o)
 .debug_ranges  0x00000a10       0xb0 d:/atmel7/7.0/toolchain/avr32/avr32-gnu-toolchain/bin/../lib/gcc/avr32/4.4.7/../../../../avr32/lib/ucr2\libc.a(lib_a-findfp.o)
 .debug_ranges  0x00000ac0       0x20 d:/atmel7/7.0/toolchain/avr32/avr32-gnu-toolchain/bin/../lib/gcc/avr32/4.4.7/../../../../avr32/lib/ucr2\libc.a(lib_a-freer.o)
