Archive member included because of file (symbol)

d:/atmel7/7.0/toolchain/avr32/avr32-gnu-toolchain/bin/../lib/gcc/avr32/4.4.7/ucr2\libgcc.a(_udivdi3.o)
                              src/ASF/avr32/components/display/et024006dhu/et024006dhu.o (__avr32_udiv64)
d:/atmel7/7.0/toolchain/avr32/avr32-gnu-toolchain/bin/../lib/gcc/avr32/4.4.7/../../../../avr32/lib/ucr2\libc.a(lib_a-memcpy.o)
                              src/ASF/avr32/drivers/flashc/flashc.o (memcpy)
d:/atmel7/7.0/toolchain/avr32/avr32-gnu-toolchain/bin/../lib/gcc/avr32/4.4.7/../../../../avr32/lib/ucr2\libc.a(lib_a-sprintf.o)
                              src/et024006dhu_example.o (sprintf)
d:/atmel7/7.0/toolchain/avr32/avr32-gnu-toolchain/bin/../lib/gcc/avr32/4.4.7/../../../../avr32/lib/ucr2\libc.a(lib_a-vfprintf.o)
                              d:/atmel7/7.0/toolchain/avr32/avr32-gnu-toolchain/bin/../lib/gcc/avr32/4.4.7/../../../../avr32/lib/ucr2\libc.a(lib_a-sprintf.o) (_vfprintf_r)
d:/atmel7/7.0/toolchain/avr32/avr32-gnu-toolchain/bin/../lib/gcc/avr32/4.4.7/../../../../avr32/lib/ucr2\libc.a(lib_a-wsetup.o)
                              d:/atmel7/7.0/toolchain/avr32/avr32-gnu-toolchain/bin/../lib/gcc/avr32/4.4.7/../../../../avr32/lib/ucr2\libc.a(lib_a-vfprintf.o) (__swsetup_r)
d:/atmel7/7.0/toolchain/avr32/avr32-gnu-toolchain/bin/../lib/gcc/avr32/4.4.7/../../../../avr32/lib/ucr2\libc.a(lib_a-dtoa.o)
                              d:/atmel7/7.0/toolchain/avr32/avr32-gnu-toolchain/bin/../lib/gcc/avr32/4.4.7/../../../../avr32/lib/ucr2\libc.a(lib_a-vfprintf.o) (_dtoa_r)
d:/atmel7/7.0/toolchain/avr32/avr32-gnu-toolchain/bin/../lib/gcc/avr32/4.4.7/../../../../avr32/lib/ucr2\libc.a(lib_a-fflush.o)
                              d:/atmel7/7.0/toolchain/avr32/avr32-gnu-toolchain/bin/../lib/gcc/avr32/4.4.7/../../../../avr32/lib/ucr2\libc.a(lib_a-vfprintf.o) (_fflush_r)
d:/atmel7/7.0/toolchain/avr32/avr32-gnu-toolchain/bin/../lib/gcc/avr32/4.4.7/../../../../avr32/lib/ucr2\libc.a(lib_a-findfp.o)
                              d:/atmel7/7.0/toolchain/avr32/avr32-gnu-toolchain/bin/../lib/gcc/avr32/4.4.7/../../../../avr32/lib/ucr2\libc.a(lib_a-vfprintf.o) (__sinit)
d:/atmel7/7.0/toolchain/avr32/avr32-gnu-toolchain/bin/../lib/gcc/avr32/4.4.7/../../../../avr32/lib/ucr2\libc.a(lib_a-freer.o)
                              d:/atmel7/7.0/toolchain/avr32/avr32-gnu-toolchain/bin/../lib/gcc/avr32/4.4.7/../../../../avr32/lib/ucr2\libc.a(lib_a-wsetup.o) (_free_r)
d:/atmel7/7.0/toolchain/avr32/avr32-gnu-toolchain/bin/../lib/gcc/avr32/4.4.7/../../../../avr32/lib/ucr2\libc.a(lib_a-fvwrite.o)
                              d:/atmel7/7.0/toolchain/avr32/avr32-gnu-toolchain/bin/../lib/gcc/avr32/4.4.7/../../../../avr32/lib/ucr2\libc.a(lib_a-vfprintf.o) (__sfvwrite_r)
d:/atmel7/7.0/toolchain/avr32/avr32-gnu-toolchain/bin/../lib/gcc/avr32/4.4.7/../../../../avr32/lib/ucr2\libc.a(lib_a-fwalk.o)
                              d:/atmel7/7.0/toolchain/avr32/avr32-gnu-toolchain/bin/../lib/gcc/avr32/4.4.7/../../../../avr32/lib/ucr2\libc.a(lib_a-fflush.o) (_fwalk_reent)
d:/atmel7/7.0/toolchain/avr32/avr32-gnu-toolchain/bin/../lib/gcc/avr32/4.4.7/../../../../avr32/lib/ucr2\libc.a(lib_a-impure.o)
                              d:/atmel7/7.0/toolchain/avr32/avr32-gnu-toolchain/bin/../lib/gcc/avr32/4.4.7/../../../../avr32/lib/ucr2\libc.a(lib_a-sprintf.o) (_impure_ptr)
d:/atmel7/7.0/toolchain/avr32/avr32-gnu-toolchain/bin/../lib/gcc/avr32/4.4.7/../../../../avr32/lib/ucr2\libc.a(lib_a-locale.o)
                              d:/atmel7/7.0/toolchain/avr32/avr32-gnu-toolchain/bin/../lib/gcc/avr32/4.4.7/../../../../avr32/lib/ucr2\libc.a(lib_a-vfprintf.o) (_localeconv_r)
d:/atmel7/7.0/toolchain/avr32/avr32-gnu-toolchain/bin/../lib/gcc/avr32/4.4.7/../../../../avr32/lib/ucr2\libc.a(lib_a-makebuf.o)
                              d:/atmel7/7.0/toolchain/avr32/avr32-gnu-toolchain/bin/../lib/gcc/avr32/4.4.7/../../../../avr32/lib/ucr2\libc.a(lib_a-wsetup.o) (__smakebuf_r)
d:/atmel7/7.0/toolchain/avr32/avr32-gnu-toolchain/bin/../lib/gcc/avr32/4.4.7/../../../../avr32/lib/ucr2\libc.a(lib_a-malloc.o)
                              d:/atmel7/7.0/toolchain/avr32/avr32-gnu-toolchain/bin/../lib/gcc/avr32/4.4.7/../../../../avr32/lib/ucr2\libc.a(lib_a-dtoa.o) (malloc)
d:/atmel7/7.0/toolchain/avr32/avr32-gnu-toolchain/bin/../lib/gcc/avr32/4.4.7/../../../../avr32/lib/ucr2\libc.a(lib_a-mallocr.o)
                              d:/atmel7/7.0/toolchain/avr32/avr32-gnu-toolchain/bin/../lib/gcc/avr32/4.4.7/../../../../avr32/lib/ucr2\libc.a(lib_a-findfp.o) (_malloc_r)
d:/atmel7/7.0/toolchain/avr32/avr32-gnu-toolchain/bin/../lib/gcc/avr32/4.4.7/../../../../avr32/lib/ucr2\libc.a(lib_a-memchr.o)
                              d:/atmel7/7.0/toolchain/avr32/avr32-gnu-toolchain/bin/../lib/gcc/avr32/4.4.7/../../../../avr32/lib/ucr2\libc.a(lib_a-vfprintf.o) (memchr)
d:/atmel7/7.0/toolchain/avr32/avr32-gnu-toolchain/bin/../lib/gcc/avr32/4.4.7/../../../../avr32/lib/ucr2\libc.a(lib_a-memmove.o)
[...]
Memory Configuration

Name             Origin             Length             Attributes
FLASH            0x80000000         0x00080000         axrl !w
INTRAM           0x00000004         0x0000fffc         axw !rl
USERPAGE         0x80800000         0x00000200
*default*        0x00000000         0xffffffff

Linker script and memory map

                0x00001000                _stack_size = 0x1000
LOAD src/ASF/avr32/drivers/eic/eic.o
LOAD src/ASF/avr32/drivers/usart/usart.o
LOAD src/ASF/common/services/serial/usart_serial.o
LOAD src/brujula.o
LOAD src/telefono1.o
LOAD src/telefono2.o
LOAD src/whatsapp_image.o
LOAD src/ASF/avr32/drivers/tc/tc.o
LOAD src/ASF/avr32/boards/evk1105/led.o
LOAD src/ASF/avr32/components/display/et024006dhu/et024006dhu.o
LOAD src/ASF/avr32/drivers/ebi/smc/smc.o
LOAD src/ASF/avr32/drivers/flashc/flashc.o
LOAD src/ASF/avr32/drivers/gpio/gpio.o
LOAD src/ASF/avr32/drivers/intc/exception.o
LOAD src/ASF/avr32/drivers/intc/intc.o
LOAD src/ASF/avr32/drivers/pm/pm.o
LOAD src/ASF/avr32/drivers/pm/pm_conf_clocks.o
LOAD src/ASF/avr32/drivers/pm/power_clocks_lib.o
LOAD src/ASF/avr32/drivers/pwm/pwm.o
LOAD src/ASF/avr32/utils/startup/startup_uc3.o
LOAD src/ASF/avr32/utils/startup/trampoline_uc3.o
LOAD src/ASF/common/services/clock/uc3a0_a1/sysclk.o
LOAD src/et024006dhu_example.o
START GROUP
LOAD d:/atmel7/7.0/toolchain/avr32/avr32-gnu-toolchain/bin/../lib/gcc/avr32/4.4.7/../../../../avr32/lib/ucr2\libm.a
END GROUP
LOAD d:/atmel7/7.0/toolchain/avr32/avr32-gnu-toolchain/bin/../lib/gcc/avr32/4.4.7/ucr2\libgcc.a
LOAD d:/atmel7/7.0/toolchain/avr32/avr32-gnu-toolchain/bin/../lib/gcc/avr32/4.4.7/../../../../avr32/lib/ucr2\libc.a
LOAD d:/atmel7/7.0/toolchain/avr32/avr32-gnu-toolchain/bin/../lib/gcc/avr32/4.4.7/ucr2\libgcc.a
                0xffffffff                __max_heap_size__ = 0xffffffff
                [0xffffffff]                __heap_size__ = DEFINED (__heap_size__)?__heap_size__:__max_heap_size__
                [0x00001000]                __stack_size__ = DEFINED (__stack_size__)?__stack_size__:0x1000
                0x80000000                PROVIDE (__executable_start, 0x80000000)
                0x80000000                . = 0x80000000

.interp
 *(.interp)

.reset          0x80000000     0x2008
 *(.reset)
 .reset         0x80000000        0x4 src/ASF/avr32/utils/startup/startup_uc3.o
                                  0x8 (size before relaxing)
                0x80000000                _start
 .reset         0x80000004     0x2004 src/ASF/avr32/utils/startup/trampoline_uc3.o
                               0x2008 (size before relaxing)
                0x80000004                _trampoline

.hash
 *(.hash)

.dynsym
 *(.dynsym)

.dynstr
 *(.dynstr)

.gnu.version
 *(.gnu.version)

.gnu.version_d
 *(.gnu.version_d)

.gnu.version_r
 *(.gnu.version_r)

.rel.init
 *(.rel.init)

.rela.init
 *(.rela.init)

.rel.text
 *(.rel.text .rel.text.* .rel.gnu.linkonce.t.*)

.rela.text
 *(.rela.text .rela.text.* .rela.gnu.linkonce.t.*)

.rel.fini
 *(.rel.fini)

.rela.fini
 *(.rela.fini)

.rel.rodata
 *(.rel.rodata .rel.rodata.* .rel.gnu.linkonce.r.*)

.rela.rodata
 *(.rela.rodata .rela.rodata.* .rela.gnu.linkonce.r.*)

.rel.data.rel.ro
 *(.rel.data.rel.ro*)

.rela.data.rel.ro
 *(.rel.data.rel.ro*)

.rel.data
 *(.rel.data .rel.data.* .rel.gnu.linkonce.d.*)

.rela.data
 *(.rela.data .rela.data.* .rela.gnu.linkonce.d.*)

.rel.tdata
 *(.rel.tdata .rel.tdata.* .rel.gnu.linkonce.td.*)

.rela.tdata
 *(.rela.tdata .rela.tdata.* .rela.gnu.linkonce.td.*)

.rel.tbss
 *(.rel.tbss .rel.tbss.* .rel.gnu.linkonce.tb.*)

.rela.tbss
 *(.rela.tbss .rela.tbss.* .rela.gnu.linkonce.tb.*)

.rel.ctors
 *(.rel.ctors)

.rela.ctors
 *(.rela.ctors)

.rel.dtors
 *(.rel.dtors)

.rela.dtors
 *(.rela.dtors)

.rel.got
 *(.rel.got)

.rela.got       0x80002008        0x0
 *(.rela.got)
 .rela.got      0x80002008        0x0 src/ASF/avr32/drivers/flashc/flashc.o

.rel.bss
 *(.rel.bss .rel.bss.* .rel.gnu.linkonce.b.*)

.rela.bss
 *(.rela.bss .rela.bss.* .rela.gnu.linkonce.b.*)

.rel.plt
 *(.rel.plt)

.rela.plt
 *(.rela.plt)

.init
 *(.init)

.plt
 *(.plt)

.text           0x80002008     0x7f30
 *(.text .stub .text.* .gnu.linkonce.t.*)
 .text.eic_init
                0x80002008       0xd0 src/ASF/avr32/drivers/eic/eic.o
                0x80002008                eic_init
 .text.eic_enable_line
                0x800020d8        0xa src/ASF/avr32/drivers/eic/eic.o
                0x800020d8                eic_enable_line
 .text.eic_enable_interrupt_line
                0x800020e2        0xa src/ASF/avr32/drivers/eic/eic.o
                0x800020e2                eic_enable_interrupt_line
 .text.eic_clear_interrupt_line
                0x800020ec       0x22 src/ASF/avr32/drivers/eic/eic.o
                0x800020ec                eic_clear_interrupt_line
 .text.usart_set_async_baudrate
                0x8000210e       0x5a src/ASF/avr32/drivers/usart/usart.o
 .text.usart_write_char
                0x80002168       0x14 src/ASF/avr32/drivers/usart/usart.o
                0x80002168                usart_write_char
 .text.usart_putchar
                0x8000217c       0x2c src/ASF/avr32/drivers/usart/usart.o
                0x8000217c                usart_putchar
 .text.usart_read_char
                0x800021a8       0x22 src/ASF/avr32/drivers/usart/usart.o
                0x800021a8                usart_read_char
 *fill*         0x800021ca        0x2 d703d703
 .text.usart_getchar
                0x800021cc       0x2c src/ASF/avr32/drivers/usart/usart.o
                0x800021cc                usart_getchar
 .text.usart_write_line
                0x800021f8       0x24 src/ASF/avr32/drivers/usart/usart.o
                0x800021f8                usart_write_line
 .text.usart_reset
                0x8000221c       0x2c src/ASF/avr32/drivers/usart/usart.o
                0x8000221c                usart_reset
 .text.usart_init_rs232
                0x80002248       0xcc src/ASF/avr32/drivers/usart/usart.o
                0x80002248                usart_init_rs232
 .text.tc_init_waveform
                0x80002314       0x9c src/ASF/avr32/drivers/tc/tc.o
                0x80002314                tc_init_waveform
 .text.tc_start
                0x800023b0       0x12 src/ASF/avr32/drivers/tc/tc.o
                0x800023b0                tc_start
 .text.tc_read_sr
                0x800023c2       0x12 src/ASF/avr32/drivers/tc/tc.o
                0x800023c2                tc_read_sr
 .text.tc_write_rc
                0x800023d4       0x34 src/ASF/avr32/drivers/tc/tc.o
                0x800023d4                tc_write_rc
 .text.tc_configure_interrupts
                0x80002408      0x108 src/ASF/avr32/drivers/tc/tc.o
                0x80002408                tc_configure_interrupts
 .text.et024006_SetLimits
                0x80002510       0x50 src/ASF/avr32/components/display/et024006dhu/et024006dhu.o
                0x80002510                et024006_SetLimits
 .text.et024006_DrawPixel
                0x80002560       0x28 src/ASF/avr32/components/display/et024006dhu/et024006dhu.o
                0x80002560                et024006_DrawPixel
 .text.et024006_SetQuickLimits
                0x80002588       0x2a src/ASF/avr32/components/display/et024006dhu/et024006dhu.o
                0x80002588                et024006_SetQuickLimits
 *fill*         0x800025b2        0x2 d703d703
 .text.et024006_DrawQuickPixel
                0x800025b4       0x24 src/ASF/avr32/components/display/et024006dhu/et024006dhu.o
                0x800025b4                et024006_DrawQuickPixel
 .text.et024006_PrintString
                0x800025d8      0x23c src/ASF/avr32/components/display/et024006dhu/et024006dhu.o
                0x800025d8                et024006_PrintString
 .text.et024006_DuplicatePixel
                0x80002814       0x40 src/ASF/avr32/components/display/et024006dhu/et024006dhu.o
                0x80002814                et024006_DuplicatePixel
 .text.et024006_DrawFilledRect
                0x80002854       0x40 src/ASF/avr32/components/display/et024006dhu/et024006dhu.o
                0x80002854                et024006_DrawFilledRect
 .text.et024006_DrawVertLine
                0x80002894       0x1c src/ASF/avr32/components/display/et024006dhu/et024006dhu.o
                0x80002894                et024006_DrawVertLine
 .text.et024006_DrawFilledCircle
                0x800028b0      0x158 src/ASF/avr32/components/display/et024006dhu/et024006dhu.o
                0x800028b0                et024006_DrawFilledCircle
 .text.et024006_CopyPixelsToScreen
                0x80002a08       0x68 src/ASF/avr32/components/display/et024006dhu/et024006dhu.o
                0x80002a08                et024006_CopyPixelsToScreen
 .text.et024006_PutPixmap
                0x80002a70       0xa8 src/ASF/avr32/components/display/et024006dhu/et024006dhu.o
                0x80002a70                et024006_PutPixmap
 .text.et024006_AdjustGamma
                0x80002b18       0x6e src/ASF/avr32/components/display/et024006dhu/et024006dhu.o
 *fill*         0x80002b86        0x2 d703d703
 .text.et024006_Init
                0x80002b88      0x4a4 src/ASF/avr32/components/display/et024006dhu/et024006dhu.o
                0x80002b88                et024006_Init
 .text.smc_init
                0x8000302c      0x11c src/ASF/avr32/drivers/ebi/smc/smc.o
                0x8000302c                smc_init
 .text.gpio_enable_module_pin
                0x80003148       0x52 src/ASF/avr32/drivers/gpio/gpio.o
                0x80003148                gpio_enable_module_pin
 *fill*         0x8000319a        0x2 d703d703
 .text.gpio_enable_module
                0x8000319c       0x30 src/ASF/avr32/drivers/gpio/gpio.o
                0x8000319c                gpio_enable_module
 .text.gpio_enable_gpio_pin
                0x800031cc       0x18 src/ASF/avr32/drivers/gpio/gpio.o
                0x800031cc                gpio_enable_gpio_pin
 .text.gpio_get_pin_value
                0x800031e4       0x16 src/ASF/avr32/drivers/gpio/gpio.o
                0x800031e4                gpio_get_pin_value
 .text.gpio_set_gpio_pin
                0x800031fa       0x1c src/ASF/avr32/drivers/gpio/gpio.o
                0x800031fa                gpio_set_gpio_pin
 .text.gpio_clr_gpio_pin
                0x80003216       0x1c src/ASF/avr32/drivers/gpio/gpio.o
                0x80003216                gpio_clr_gpio_pin
 .text.gpio_tgl_gpio_pin
                0x80003232       0x1c src/ASF/avr32/drivers/gpio/gpio.o
                0x80003232                gpio_tgl_gpio_pin
 .text.gpio_enable_pin_interrupt
                0x8000324e       0x46 src/ASF/avr32/drivers/gpio/gpio.o
                0x8000324e                gpio_enable_pin_interrupt
 .text._unhandled_interrupt
                0x80003294        0x2 src/ASF/avr32/drivers/intc/intc.o
 *fill*         0x80003296        0x2 d703d703
 .text.INTC_register_interrupt
                0x80003298       0x80 src/ASF/avr32/drivers/intc/intc.o
                0x80003298                INTC_register_interrupt
 .text.INTC_init_interrupts
                0x80003318       0x54 src/ASF/avr32/drivers/intc/intc.o
                0x80003318                INTC_init_interrupts
 .text._get_interrupt_handler
                0x8000336c       0x38 src/ASF/avr32/drivers/intc/intc.o
                0x8000336c                _get_interrupt_handler
 .text.pm_set_osc0_mode
                0x800033a4        0xa src/ASF/avr32/drivers/pm/pm.o
 *fill*         0x800033ae        0x2 d703d703
 .text.pm_enable_osc0_crystal
                0x800033b0       0x3c src/ASF/avr32/drivers/pm/pm.o
                0x800033b0                pm_enable_osc0_crystal
 .text.pm_enable_clk0_no_wait
                0x800033ec       0x10 src/ASF/avr32/drivers/pm/pm.o
                0x800033ec                pm_enable_clk0_no_wait
 .text.pm_wait_for_clk0_ready
                0x800033fc        0xa src/ASF/avr32/drivers/pm/pm.o
                0x800033fc                pm_wait_for_clk0_ready
 *fill*         0x80003406        0x2 d703d703
 .text.pm_enable_clk0
                0x80003408       0x1c src/ASF/avr32/drivers/pm/pm.o
                0x80003408                pm_enable_clk0
 .text.pm_cksel
                0x80003424       0x46 src/ASF/avr32/drivers/pm/pm.o
                0x80003424                pm_cksel
 .text.pm_switch_to_clock
                0x8000346a        0xa src/ASF/avr32/drivers/pm/pm.o
                0x8000346a                pm_switch_to_clock
 .text.pm_switch_to_osc0
                0x80003474       0x2c src/ASF/avr32/drivers/pm/pm.o
                0x80003474                pm_switch_to_osc0
 .text.pwm_channel_init
                0x800034a0       0x36 src/ASF/avr32/drivers/pwm/pwm.o
                0x800034a0                pwm_channel_init
 .text.pwm_start_channels
                0x800034d6       0x12 src/ASF/avr32/drivers/pwm/pwm.o
                0x800034d6                pwm_start_channels
 .text.pwm_async_update_channel
                0x800034e8       0x28 src/ASF/avr32/drivers/pwm/pwm.o
                0x800034e8                pwm_async_update_channel
 .text.pwm_init
                0x80003510       0x46 src/ASF/avr32/drivers/pwm/pwm.o
                0x80003510                pwm_init
 *fill*         0x80003556        0x2 d703d703
 .text._stext   0x80003558       0x40 src/ASF/avr32/utils/startup/startup_uc3.o
                                 0x50 (size before relaxing)
                0x80003558                _stext
 .text.showClock
                0x80003598      0x498 src/et024006dhu_example.o
                0x80003598                showClock
 .text.teclas_isr
                0x80003a30      0x820 src/et024006dhu_example.o
                0x80003a30                teclas_isr
 .text.main     0x80004250      0x25c src/et024006dhu_example.o
                0x80004250                main
 .text.tc_irq   0x800044ac      0x17c src/et024006dhu_example.o
 .text          0x80004628      0x264 d:/atmel7/7.0/toolchain/avr32/avr32-gnu-toolchain/bin/../lib/gcc/avr32/4.4.7/ucr2\libgcc.a(_udivdi3.o)
                0x80004628                __avr32_udiv64
                0x80004628                __udivdi3
 .text          0x8000488c      0x148 d:/atmel7/7.0/toolchain/avr32/avr32-gnu-toolchain/bin/../lib/gcc/avr32/4.4.7/../../../../avr32/lib/ucr2\libc.a(lib_a-memcpy.o)
                0x8000488c                memcpy
 .text.sprintf  0x800049d4       0x38 d:/atmel7/7.0/toolchain/avr32/avr32-gnu-toolchain/bin/../lib/gcc/avr32/4.4.7/../../../../avr32/lib/ucr2\libc.a(lib_a-sprintf.o)
                                 0x40 (size before relaxing)
                0x800049d4                sprintf
 .text.get_arg  0x80004a0c      0x320 d:/atmel7/7.0/toolchain/avr32/avr32-gnu-toolchain/bin/../lib/gcc/avr32/4.4.7/../../../../avr32/lib/ucr2\libc.a(lib_a-vfprintf.o)
                                0x324 (size before relaxing)
 .text.__sprint_r
                0x80004d2c       0x1c d:/atmel7/7.0/toolchain/avr32/avr32-gnu-toolchain/bin/../lib/gcc/avr32/4.4.7/../../../../avr32/lib/ucr2\libc.a(lib_a-vfprintf.o)
                                 0x20 (size before relaxing)
 .text._vfprintf_r
                0x80004d48     0x1f2c d:/atmel7/7.0/toolchain/avr32/avr32-gnu-toolchain/bin/../lib/gcc/avr32/4.4.7/../../../../avr32/lib/ucr2\libc.a(lib_a-vfprintf.o)
                               0x1f9c (size before relaxing)
                0x80004d48                _vfprintf_r
 .text.__swsetup_r
                0x80006c74       0xe0 d:/atmel7/7.0/toolchain/avr32/avr32-gnu-toolchain/bin/../lib/gcc/avr32/4.4.7/../../../../avr32/lib/ucr2\libc.a(lib_a-wsetup.o)
                                 0xe8 (size before relaxing)
                0x80006c74                __swsetup_r
 .text.quorem   0x80006d54      0x120 d:/atmel7/7.0/toolchain/avr32/avr32-gnu-toolchain/bin/../lib/gcc/avr32/4.4.7/../../../../avr32/lib/ucr2\libc.a(lib_a-dtoa.o)
                                0x124 (size before relaxing)
 .text._dtoa_r  0x80006e74      0xbe0 d:/atmel7/7.0/toolchain/avr32/avr32-gnu-toolchain/bin/../lib/gcc/avr32/4.4.7/../../../../avr32/lib/ucr2\libc.a(lib_a-dtoa.o)
                                0xc90 (size before relaxing)
                0x80006e74                _dtoa_r
 .text._fflush_r
                0x80007a54      0x110 d:/atmel7/7.0/toolchain/avr32/avr32-gnu-toolchain/bin/../lib/gcc/avr32/4.4.7/../../../../avr32/lib/ucr2\libc.a(lib_a-fflush.o)
                                0x118 (size before relaxing)
                0x80007a54                _fflush_r
 .text.__sfp_lock_acquire
                0x80007b64        0x2 d:/atmel7/7.0/toolchain/avr32/avr32-gnu-toolchain/bin/../lib/gcc/avr32/4.4.7/../../../../avr32/lib/ucr2\libc.a(lib_a-findfp.o)
                0x80007b64                __sfp_lock_acquire
 .text.__sfp_lock_release
                0x80007b66        0x2 d:/atmel7/7.0/toolchain/avr32/avr32-gnu-toolchain/bin/../lib/gcc/avr32/4.4.7/../../../../avr32/lib/ucr2\libc.a(lib_a-findfp.o)
                0x80007b66                __sfp_lock_release
 .text._cleanup_r
                0x80007b68        0xc d:/atmel7/7.0/toolchain/avr32/avr32-gnu-toolchain/bin/../lib/gcc/avr32/4.4.7/../../../../avr32/lib/ucr2\libc.a(lib_a-findfp.o)
                                 0x14 (size before relaxing)
                0x80007b68                _cleanup_r
 .text.__sfmoreglue
                0x80007b74       0x28 d:/atmel7/7.0/toolchain/avr32/avr32-gnu-toolchain/bin/../lib/gcc/avr32/4.4.7/../../../../avr32/lib/ucr2\libc.a(lib_a-findfp.o)
                                 0x30 (size before relaxing)
                0x80007b74                __sfmoreglue
 .text.__sfp    0x80007b9c       0x70 d:/atmel7/7.0/toolchain/avr32/avr32-gnu-toolchain/bin/../lib/gcc/avr32/4.4.7/../../../../avr32/lib/ucr2\libc.a(lib_a-findfp.o)
                                 0x7c (size before relaxing)
                0x80007b9c                __sfp
 .text.__sinit  0x80007c0c       0x9c d:/atmel7/7.0/toolchain/avr32/avr32-gnu-toolchain/bin/../lib/gcc/avr32/4.4.7/../../../../avr32/lib/ucr2\libc.a(lib_a-findfp.o)
                                 0xb0 (size before relaxing)
                0x80007c0c                __sinit
 .text._malloc_trim_r
                0x80007ca8       0x98 d:/atmel7/7.0/toolchain/avr32/avr32-gnu-toolchain/bin/../lib/gcc/avr32/4.4.7/../../../../avr32/lib/ucr2\libc.a(lib_a-freer.o)
                                 0xa8 (size before relaxing)
                0x80007ca8                _malloc_trim_r
 .text._free_r  0x80007d40      0x18c d:/atmel7/7.0/toolchain/avr32/avr32-gnu-toolchain/bin/../lib/gcc/avr32/4.4.7/../../../../avr32/lib/ucr2\libc.a(lib_a-freer.o)
                                0x1a0 (size before relaxing)
                0x80007d40                _free_r
 .text.__sfvwrite_r
                0x80007ecc      0x2a0 d:/atmel7/7.0/toolchain/avr32/avr32-gnu-toolchain/bin/../lib/gcc/avr32/4.4.7/../../../../avr32/lib/ucr2\libc.a(lib_a-fvwrite.o)
                                0x2c4 (size before relaxing)
                0x80007ecc                __sfvwrite_r
 .text._fwalk   0x8000816c       0x4c d:/atmel7/7.0/toolchain/avr32/avr32-gnu-toolchain/bin/../lib/gcc/avr32/4.4.7/../../../../avr32/lib/ucr2\libc.a(lib_a-fwalk.o)
                                 0x54 (size before relaxing)
                0x8000816c                _fwalk
 .text._localeconv_r
                0x800081b8        0x8 d:/atmel7/7.0/toolchain/avr32/avr32-gnu-toolchain/bin/../lib/gcc/avr32/4.4.7/../../../../avr32/lib/ucr2\libc.a(lib_a-locale.o)
                0x800081b8                _localeconv_r
 .text.__smakebuf_r
                0x800081c0       0xbc d:/atmel7/7.0/toolchain/avr32/avr32-gnu-toolchain/bin/../lib/gcc/avr32/4.4.7/../../../../avr32/lib/ucr2\libc.a(lib_a-makebuf.o)
                                 0xcc (size before relaxing)
                0x800081c0                __smakebuf_r
 .text.malloc   0x8000827c       0x10 d:/atmel7/7.0/toolchain/avr32/avr32-gnu-toolchain/bin/../lib/gcc/avr32/4.4.7/../../../../avr32/lib/ucr2\libc.a(lib_a-malloc.o)
                                 0x18 (size before relaxing)
                0x8000827c                malloc
 .text._malloc_r
                0x8000828c      0x430 d:/atmel7/7.0/toolchain/avr32/avr32-gnu-toolchain/bin/../lib/gcc/avr32/4.4.7/../../../../avr32/lib/ucr2\libc.a(lib_a-mallocr.o)
                                0x450 (size before relaxing)
                0x8000828c                _malloc_r
 .text.memchr   0x800086bc       0x16 d:/atmel7/7.0/toolchain/avr32/avr32-gnu-toolchain/bin/../lib/gcc/avr32/4.4.7/../../../../avr32/lib/ucr2\libc.a(lib_a-memchr.o)
                0x800086bc                memchr
 .text.memmove  0x800086d2       0x3e d:/atmel7/7.0/toolchain/avr32/avr32-gnu-toolchain/bin/../lib/gcc/avr32/4.4.7/../../../../avr32/lib/ucr2\libc.a(lib_a-memmove.o)
                0x800086d2                memmove
 .text.memset   0x80008710        0xe d:/atmel7/7.0/toolchain/avr32/avr32-gnu-toolchain/bin/../lib/gcc/avr32/4.4.7/../../../../avr32/lib/ucr2\libc.a(lib_a-memset.o)
                0x80008710                memset
 .text.__malloc_lock
                0x8000871e        0x2 d:/atmel7/7.0/toolchain/avr32/avr32-gnu-toolchain/bin/../lib/gcc/avr32/4.4.7/../../../../avr32/lib/ucr2\libc.a(lib_a-mlock.o)
                0x8000871e                __malloc_lock
 .text.__malloc_unlock
                0x80008720        0x2 d:/atmel7/7.0/toolchain/avr32/avr32-gnu-toolchain/bin/../lib/gcc/avr32/4.4.7/../../../../avr32/lib/ucr2\libc.a(lib_a-mlock.o)
                0x80008720                __malloc_unlock
 .text.__hi0bits
                0x80008722       0x60 d:/atmel7/7.0/toolchain/avr32/avr32-gnu-toolchain/bin/../lib/gcc/avr32/4.4.7/../../../../avr32/lib/ucr2\libc.a(lib_a-mprec.o)
                0x80008722                __hi0bits
 .text.__lo0bits
                0x80008782       0x8e d:/atmel7/7.0/toolchain/avr32/avr32-gnu-toolchain/bin/../lib/gcc/avr32/4.4.7/../../../../avr32/lib/ucr2\libc.a(lib_a-mprec.o)
                0x80008782                __lo0bits
 .text.__mcmp   0x80008810       0x32 d:/atmel7/7.0/toolchain/avr32/avr32-gnu-toolchain/bin/../lib/gcc/avr32/4.4.7/../../../../avr32/lib/ucr2\libc.a(lib_a-mprec.o)
                0x80008810                __mcmp
 *fill*         0x80008842        0x2 d703d703
 .text._Bfree   0x80008844       0x34 d:/atmel7/7.0/toolchain/avr32/avr32-gnu-toolchain/bin/../lib/gcc/avr32/4.4.7/../../../../avr32/lib/ucr2\libc.a(lib_a-mprec.o)
                                 0x38 (size before relaxing)
                0x80008844                _Bfree
 .text._Balloc  0x80008878       0x70 d:/atmel7/7.0/toolchain/avr32/avr32-gnu-toolchain/bin/../lib/gcc/avr32/4.4.7/../../../../avr32/lib/ucr2\libc.a(lib_a-mprec.o)
                                 0x78 (size before relaxing)
                0x80008878                _Balloc
 .text.__d2b    0x800088e8       0xa0 d:/atmel7/7.0/toolchain/avr32/avr32-gnu-toolchain/bin/../lib/gcc/avr32/4.4.7/../../../../avr32/lib/ucr2\libc.a(lib_a-mprec.o)
                                 0xb4 (size before relaxing)
                0x800088e8                __d2b
 .text.__mdiff  0x80008988       0xd0 d:/atmel7/7.0/toolchain/avr32/avr32-gnu-toolchain/bin/../lib/gcc/avr32/4.4.7/../../../../avr32/lib/ucr2\libc.a(lib_a-mprec.o)
                                 0xd8 (size before relaxing)
                0x80008988                __mdiff
 .text.__lshift
                0x80008a58       0x88 d:/atmel7/7.0/toolchain/avr32/avr32-gnu-toolchain/bin/../lib/gcc/avr32/4.4.7/../../../../avr32/lib/ucr2\libc.a(lib_a-mprec.o)
                                 0x94 (size before relaxing)
                0x80008a58                __lshift
 .text.__multiply
                0x80008ae0      0x100 d:/atmel7/7.0/toolchain/avr32/avr32-gnu-toolchain/bin/../lib/gcc/avr32/4.4.7/../../../../avr32/lib/ucr2\libc.a(lib_a-mprec.o)
                                0x108 (size before relaxing)
                0x80008ae0                __multiply
 .text.__i2b    0x80008be0       0x10 d:/atmel7/7.0/toolchain/avr32/avr32-gnu-toolchain/bin/../lib/gcc/avr32/4.4.7/../../../../avr32/lib/ucr2\libc.a(lib_a-mprec.o)
                                 0x18 (size before relaxing)
                0x80008be0                __i2b
 .text.__multadd
                0x80008bf0       0x7c d:/atmel7/7.0/toolchain/avr32/avr32-gnu-toolchain/bin/../lib/gcc/avr32/4.4.7/../../../../avr32/lib/ucr2\libc.a(lib_a-mprec.o)
                                 0x88 (size before relaxing)
                0x80008bf0                __multadd
 .text.__pow5mult
                0x80008c6c       0x90 d:/atmel7/7.0/toolchain/avr32/avr32-gnu-toolchain/bin/../lib/gcc/avr32/4.4.7/../../../../avr32/lib/ucr2\libc.a(lib_a-mprec.o)
                                 0xac (size before relaxing)
                0x80008c6c                __pow5mult
 .text._realloc_r
                0x80008cfc      0x2c0 d:/atmel7/7.0/toolchain/avr32/avr32-gnu-toolchain/bin/../lib/gcc/avr32/4.4.7/../../../../avr32/lib/ucr2\libc.a(lib_a-reallocr.o)
                                0x2e0 (size before relaxing)
                0x80008cfc                _realloc_r
 .text.__isinfd
                0x80008fbc       0x2a d:/atmel7/7.0/toolchain/avr32/avr32-gnu-toolchain/bin/../lib/gcc/avr32/4.4.7/../../../../avr32/lib/ucr2\libc.a(lib_a-s_isinfd.o)
                0x80008fbc                __isinfd
 .text.__isnand
                0x80008fe6       0x1c d:/atmel7/7.0/toolchain/avr32/avr32-gnu-toolchain/bin/../lib/gcc/avr32/4.4.7/../../../../avr32/lib/ucr2\libc.a(lib_a-s_isnand.o)
                0x80008fe6                __isnand
 *fill*         0x80009002        0x2 d703d703
 .text._sbrk_r  0x80009004       0x20 d:/atmel7/7.0/toolchain/avr32/avr32-gnu-toolchain/bin/../lib/gcc/avr32/4.4.7/../../../../avr32/lib/ucr2\libc.a(lib_a-sbrkr.o)
                                 0x28 (size before relaxing)
                0x80009004                _sbrk_r
 .text.__sclose
                0x80009024        0x8 d:/atmel7/7.0/toolchain/avr32/avr32-gnu-toolchain/bin/../lib/gcc/avr32/4.4.7/../../../../avr32/lib/ucr2\libc.a(lib_a-stdio.o)
                                 0x10 (size before relaxing)
                0x80009024                __sclose
 .text.__sseek  0x8000902c       0x20 d:/atmel7/7.0/toolchain/avr32/avr32-gnu-toolchain/bin/../lib/gcc/avr32/4.4.7/../../../../avr32/lib/ucr2\libc.a(lib_a-stdio.o)
                                 0x28 (size before relaxing)
                0x8000902c                __sseek
 .text.__swrite
                0x8000904c       0x2c d:/atmel7/7.0/toolchain/avr32/avr32-gnu-toolchain/bin/../lib/gcc/avr32/4.4.7/../../../../avr32/lib/ucr2\libc.a(lib_a-stdio.o)
                                 0x38 (size before relaxing)
                0x8000904c                __swrite
 .text.__sread  0x80009078       0x1c d:/atmel7/7.0/toolchain/avr32/avr32-gnu-toolchain/bin/../lib/gcc/avr32/4.4.7/../../../../avr32/lib/ucr2\libc.a(lib_a-stdio.o)
                                 0x24 (size before relaxing)
                0x80009078                __sread
 .text.strlen   0x80009094       0x16 d:/atmel7/7.0/toolchain/avr32/avr32-gnu-toolchain/bin/../lib/gcc/avr32/4.4.7/../../../../avr32/lib/ucr2\libc.a(lib_a-strlen.o)
                0x80009094                strlen
 *fill*         0x800090aa        0x2 d703d703
 .text._close   0x800090ac       0x14 d:/atmel7/7.0/toolchain/avr32/avr32-gnu-toolchain/bin/../lib/gcc/avr32/4.4.7/../../../../avr32/lib/ucr2\libc.a(lib_a-syscalls.o)
                                 0x18 (size before relaxing)
                0x800090ac                _close
 .text._lseek   0x800090c0       0x14 d:/atmel7/7.0/toolchain/avr32/avr32-gnu-toolchain/bin/../lib/gcc/avr32/4.4.7/../../../../avr32/lib/ucr2\libc.a(lib_a-syscalls.o)
                                 0x18 (size before relaxing)
                0x800090c0                _lseek
 .text._read    0x800090d4       0x14 d:/atmel7/7.0/toolchain/avr32/avr32-gnu-toolchain/bin/../lib/gcc/avr32/4.4.7/../../../../avr32/lib/ucr2\libc.a(lib_a-syscalls.o)
                                 0x18 (size before relaxing)
                0x800090d4                _read
 .text._write   0x800090e8       0x14 d:/atmel7/7.0/toolchain/avr32/avr32-gnu-toolchain/bin/../lib/gcc/avr32/4.4.7/../../../../avr32/lib/ucr2\libc.a(lib_a-syscalls.o)
                                 0x18 (size before relaxing)
                0x800090e8                _write
 .text.isatty   0x800090fc       0x14 d:/atmel7/7.0/toolchain/avr32/avr32-gnu-toolchain/bin/../lib/gcc/avr32/4.4.7/../../../../avr32/lib/ucr2\libc.a(lib_a-syscalls.o)
                                 0x18 (size before relaxing)
                0x800090fc                isatty
 .text._fstat_host
                0x80009110       0x14 d:/atmel7/7.0/toolchain/avr32/avr32-gnu-toolchain/bin/../lib/gcc/avr32/4.4.7/../../../../avr32/lib/ucr2\libc.a(lib_a-syscalls.o)
                                 0x18 (size before relaxing)
                0x80009110                _fstat_host
 .text._fstat   0x80009124       0x4c d:/atmel7/7.0/toolchain/avr32/avr32-gnu-toolchain/bin/../lib/gcc/avr32/4.4.7/../../../../avr32/lib/ucr2\libc.a(lib_a-syscalls.o)
                                 0x50 (size before relaxing)
                0x80009124                _fstat
 .text._sbrk    0x80009170       0x38 d:/atmel7/7.0/toolchain/avr32/avr32-gnu-toolchain/bin/../lib/gcc/avr32/4.4.7/../../../../avr32/lib/ucr2\libc.a(lib_a-syscalls.o)
                                 0x40 (size before relaxing)
                0x80009170                _sbrk
 .text._write_r
                0x800091a8       0x24 d:/atmel7/7.0/toolchain/avr32/avr32-gnu-toolchain/bin/../lib/gcc/avr32/4.4.7/../../../../avr32/lib/ucr2\libc.a(lib_a-writer.o)
                                 0x2c (size before relaxing)
                0x800091a8                _write_r
 .text._calloc_r
                0x800091cc       0x58 d:/atmel7/7.0/toolchain/avr32/avr32-gnu-toolchain/bin/../lib/gcc/avr32/4.4.7/../../../../avr32/lib/ucr2\libc.a(lib_a-callocr.o)
                                 0x60 (size before relaxing)
                0x800091cc                _calloc_r
 .text._close_r
                0x80009224       0x20 d:/atmel7/7.0/toolchain/avr32/avr32-gnu-toolchain/bin/../lib/gcc/avr32/4.4.7/../../../../avr32/lib/ucr2\libc.a(lib_a-closer.o)
                                 0x28 (size before relaxing)
                0x80009224                _close_r
 .text.__errno  0x80009244        0xc d:/atmel7/7.0/toolchain/avr32/avr32-gnu-toolchain/bin/../lib/gcc/avr32/4.4.7/../../../../avr32/lib/ucr2\libc.a(lib_a-errno.o)
                0x80009244                __errno
 .text._fclose_r
                0x80009250       0xbc d:/atmel7/7.0/toolchain/avr32/avr32-gnu-toolchain/bin/../lib/gcc/avr32/4.4.7/../../../../avr32/lib/ucr2\libc.a(lib_a-fclose.o)
                                 0xd0 (size before relaxing)
                0x80009250                _fclose_r
 .text.fclose   0x8000930c       0x10 d:/atmel7/7.0/toolchain/avr32/avr32-gnu-toolchain/bin/../lib/gcc/avr32/4.4.7/../../../../avr32/lib/ucr2\libc.a(lib_a-fclose.o)
                                 0x18 (size before relaxing)
                0x8000930c                fclose
 .text._fstat_r
                0x8000931c       0x24 d:/atmel7/7.0/toolchain/avr32/avr32-gnu-toolchain/bin/../lib/gcc/avr32/4.4.7/../../../../avr32/lib/ucr2\libc.a(lib_a-fstatr.o)
                                 0x2c (size before relaxing)
                0x8000931c                _fstat_r
 .text._lseek_r
                0x80009340       0x24 d:/atmel7/7.0/toolchain/avr32/avr32-gnu-toolchain/bin/../lib/gcc/avr32/4.4.7/../../../../avr32/lib/ucr2\libc.a(lib_a-lseekr.o)
                                 0x2c (size before relaxing)
                0x80009340                _lseek_r
 .text._read_r  0x80009364       0x24 d:/atmel7/7.0/toolchain/avr32/avr32-gnu-toolchain/bin/../lib/gcc/avr32/4.4.7/../../../../avr32/lib/ucr2\libc.a(lib_a-readr.o)
                                 0x2c (size before relaxing)
                0x80009364                _read_r
 .text          0x80009388      0x1d4 d:/atmel7/7.0/toolchain/avr32/avr32-gnu-toolchain/bin/../lib/gcc/avr32/4.4.7/ucr2\libgcc.a(_avr32_f64_mul.o)
                0x80009388                __avr32_f64_mul
 .text          0x8000955c      0x2b0 d:/atmel7/7.0/toolchain/avr32/avr32-gnu-toolchain/bin/../lib/gcc/avr32/4.4.7/ucr2\libgcc.a(_avr32_f64_addsub.o)
                0x80009560                __avr32_f64_sub
                0x800096fc                __avr32_f64_add
 .text          0x8000980c       0x2a d:/atmel7/7.0/toolchain/avr32/avr32-gnu-toolchain/bin/../lib/gcc/avr32/4.4.7/ucr2\libgcc.a(_avr32_f64_to_s32.o)
                0x8000980c                __avr32_f64_to_u32
                0x80009810                __avr32_f64_to_s32
 .text          0x80009836       0xe8 d:/atmel7/7.0/toolchain/avr32/avr32-gnu-toolchain/bin/../lib/gcc/avr32/4.4.7/ucr2\libgcc.a(_avr32_s32_to_f64.o)
                0x80009836                __avr32_u32_to_f64
                0x8000983e                __avr32_s32_to_f64
 .text          0x8000991e       0x26 d:/atmel7/7.0/toolchain/avr32/avr32-gnu-toolchain/bin/../lib/gcc/avr32/4.4.7/ucr2\libgcc.a(_avr32_f64_cmp_eq.o)
                0x8000991e                __avr32_f64_cmp_eq
 .text          0x80009944       0x68 d:/atmel7/7.0/toolchain/avr32/avr32-gnu-toolchain/bin/../lib/gcc/avr32/4.4.7/ucr2\libgcc.a(_avr32_f64_cmp_ge.o)
                0x80009944                __avr32_f64_cmp_ge
 .text          0x800099ac       0x68 d:/atmel7/7.0/toolchain/avr32/avr32-gnu-toolchain/bin/../lib/gcc/avr32/4.4.7/ucr2\libgcc.a(_avr32_f64_cmp_lt.o)
                0x800099ac                __avr32_f64_cmp_lt
 .text          0x80009a14      0x318 d:/atmel7/7.0/toolchain/avr32/avr32-gnu-toolchain/bin/../lib/gcc/avr32/4.4.7/ucr2\libgcc.a(_avr32_f64_div.o)
                0x80009a14                __avr32_f64_div
 .text          0x80009d2c      0x20c d:/atmel7/7.0/toolchain/avr32/avr32-gnu-toolchain/bin/../lib/gcc/avr32/4.4.7/ucr2\libgcc.a(_umoddi3.o)
                0x80009d2c                __avr32_umod64
                0x80009d2c                __umoddi3
 *(.text.*personality*)
 *(.gnu.warning)

.exception      0x8000a000      0x200
 .exception     0x8000a000      0x200 src/ASF/avr32/drivers/intc/exception.o
                0x8000a000                _evba
                0x8000a104                _int0
                0x8000a112                _int1
                0x8000a120                _int2
                0x8000a12e                _int3

.fini
 *(.fini)
                0x8000a200                PROVIDE (__etext, .)
                0x8000a200                PROVIDE (_etext, .)
                0x8000a200                PROVIDE (etext, .)

.rodata         0x8000a200    0x71780
 *(.rodata .rodata.* .gnu.linkonce.r.*)
 .rodata.brujula
                0x8000a200    0x25800 src/brujula.o
                0x8000a200                brujula
 .rodata.telefono1
                0x8002fa00    0x25800 src/telefono1.o
                0x8002fa00                telefono1
 .rodata.whatsapp_image
                0x80055200    0x25800 src/whatsapp_image.o
                0x80055200                whatsapp_image
 .rodata.FONT8x16
                0x8007aa00      0x610 src/ASF/avr32/components/display/et024006dhu/et024006dhu.o
                0x8007aa00                FONT8x16
 .rodata.SMC_EBI_GPIO_MAP.10637
                0x8007b010       0xa0 src/ASF/avr32/drivers/ebi/smc/smc.o
 .rodata._int_handler_table
                0x8007b0b0       0xa0 src/ASF/avr32/drivers/intc/intc.o
 .rodata.HorasX_unidades
                0x8007b150       0x24 src/et024006dhu_example.o
                0x8007b150                HorasX_unidades
 .rodata.MinutosY_decenas
                0x8007b174       0x14 src/et024006dhu_example.o
                0x8007b174                MinutosY_decenas
 .rodata.HorasY_unidades
                0x8007b188       0x24 src/et024006dhu_example.o
                0x8007b188                HorasY_unidades
 .rodata.USART_GPIO_MAP.12622
                0x8007b1ac       0x10 src/et024006dhu_example.o
 .rodata.str1.4
                0x8007b1bc      0x1c8 src/et024006dhu_example.o
 .rodata.TC_INTERRUPT.12625
                0x8007b384        0x4 src/et024006dhu_example.o
 .rodata.WAVEFORM_OPT.12624
                0x8007b388        0x8 src/et024006dhu_example.o
 .rodata.USART_OPTIONS.12623
                0x8007b390        0xc src/et024006dhu_example.o
 .rodata.MinutosX_unidades
                0x8007b39c       0x24 src/et024006dhu_example.o
                0x8007b39c                MinutosX_unidades
 .rodata.MinutosY_unidades
                0x8007b3c0       0x24 src/et024006dhu_example.o
                0x8007b3c0                MinutosY_unidades
 .rodata.MinutosX_decenas
                0x8007b3e4       0x14 src/et024006dhu_example.o
                0x8007b3e4                MinutosX_decenas
 .rodata.get_arg
                0x8007b3f8       0x3c d:/atmel7/7.0/toolchain/avr32/avr32-gnu-toolchain/bin/../lib/gcc/avr32/4.4.7/../../../../avr32/lib/ucr2\libc.a(lib_a-vfprintf.o)
 .rodata._vfprintf_r
                0x8007b434      0x164 d:/atmel7/7.0/toolchain/avr32/avr32-gnu-toolchain/bin/../lib/gcc/avr32/4.4.7/../../../../avr32/lib/ucr2\libc.a(lib_a-vfprintf.o)
 .rodata.state_table
                0x8007b598       0x6c d:/atmel7/7.0/toolchain/avr32/avr32-gnu-toolchain/bin/../lib/gcc/avr32/4.4.7/../../../../avr32/lib/ucr2\libc.a(lib_a-vfprintf.o)
 .rodata.action_table
                0x8007b604       0x6c d:/atmel7/7.0/toolchain/avr32/avr32-gnu-toolchain/bin/../lib/gcc/avr32/4.4.7/../../../../avr32/lib/ucr2\libc.a(lib_a-vfprintf.o)
 .rodata.str1.4
                0x8007b670       0x3a d:/atmel7/7.0/toolchain/avr32/avr32-gnu-toolchain/bin/../lib/gcc/avr32/4.4.7/../../../../avr32/lib/ucr2\libc.a(lib_a-vfprintf.o)
                                 0x3c (size before relaxing)
 *fill*         0x8007b6aa        0x2 
 .rodata.blanks.3430
                0x8007b6ac       0x10 d:/atmel7/7.0/toolchain/avr32/avr32-gnu-toolchain/bin/../lib/gcc/avr32/4.4.7/../../../../avr32/lib/ucr2\libc.a(lib_a-vfprintf.o)
 .rodata.zeroes.3431
                0x8007b6bc       0x10 d:/atmel7/7.0/toolchain/avr32/avr32-gnu-toolchain/bin/../lib/gcc/avr32/4.4.7/../../../../avr32/lib/ucr2\libc.a(lib_a-vfprintf.o)
 .rodata.chclass
                0x8007b6cc      0x100 d:/atmel7/7.0/toolchain/avr32/avr32-gnu-toolchain/bin/../lib/gcc/avr32/4.4.7/../../../../avr32/lib/ucr2\libc.a(lib_a-vfprintf.o)
 .rodata.str1.4
                0x8007b7cc       0x10 d:/atmel7/7.0/toolchain/avr32/avr32-gnu-toolchain/bin/../lib/gcc/avr32/4.4.7/../../../../avr32/lib/ucr2\libc.a(lib_a-dtoa.o)
                                 0x14 (size before relaxing)
 .rodata.__sf_fake_stdin
                0x8007b7dc       0x20 d:/atmel7/7.0/toolchain/avr32/avr32-gnu-toolchain/bin/../lib/gcc/avr32/4.4.7/../../../../avr32/lib/ucr2\libc.a(lib_a-findfp.o)
                0x8007b7dc                __sf_fake_stdin
 .rodata.__sf_fake_stdout
                0x8007b7fc       0x20 d:/atmel7/7.0/toolchain/avr32/avr32-gnu-toolchain/bin/../lib/gcc/avr32/4.4.7/../../../../avr32/lib/ucr2\libc.a(lib_a-findfp.o)
                0x8007b7fc                __sf_fake_stdout
 .rodata.__sf_fake_stderr
                0x8007b81c       0x20 d:/atmel7/7.0/toolchain/avr32/avr32-gnu-toolchain/bin/../lib/gcc/avr32/4.4.7/../../../../avr32/lib/ucr2\libc.a(lib_a-findfp.o)
                0x8007b81c                __sf_fake_stderr
 .rodata.str1.4
                0x8007b83c        0x2 d:/atmel7/7.0/toolchain/avr32/avr32-gnu-toolchain/bin/../lib/gcc/avr32/4.4.7/../../../../avr32/lib/ucr2\libc.a(lib_a-impure.o)
                                  0x4 (size before relaxing)
 *fill*         0x8007b83e        0x2 
 .rodata._global_impure_ptr
                0x8007b840        0x4 d:/atmel7/7.0/toolchain/avr32/avr32-gnu-toolchain/bin/../lib/gcc/avr32/4.4.7/../../../../avr32/lib/ucr2\libc.a(lib_a-impure.o)
                0x8007b840                _global_impure_ptr
 .rodata.lconv  0x8007b844       0x30 d:/atmel7/7.0/toolchain/avr32/avr32-gnu-toolchain/bin/../lib/gcc/avr32/4.4.7/../../../../avr32/lib/ucr2\libc.a(lib_a-locale.o)
 .rodata.str1.4
                0x8007b874       0x10 d:/atmel7/7.0/toolchain/avr32/avr32-gnu-toolchain/bin/../lib/gcc/avr32/4.4.7/../../../../avr32/lib/ucr2\libc.a(lib_a-locale.o)
                                 0x18 (size before relaxing)
 .rodata.p05.2471
                0x8007b884        0xc d:/atmel7/7.0/toolchain/avr32/avr32-gnu-toolchain/bin/../lib/gcc/avr32/4.4.7/../../../../avr32/lib/ucr2\libc.a(lib_a-mprec.o)
 .rodata.__mprec_tens
                0x8007b890       0xc8 d:/atmel7/7.0/toolchain/avr32/avr32-gnu-toolchain/bin/../lib/gcc/avr32/4.4.7/../../../../avr32/lib/ucr2\libc.a(lib_a-mprec.o)
                0x8007b890                __mprec_tens
 .rodata.__mprec_bigtens
                0x8007b958       0x28 d:/atmel7/7.0/toolchain/avr32/avr32-gnu-toolchain/bin/../lib/gcc/avr32/4.4.7/../../../../avr32/lib/ucr2\libc.a(lib_a-mprec.o)
                0x8007b958                __mprec_bigtens

.rodata1
 *(.rodata1)

.eh_frame_hdr
 *(.eh_frame_hdr)

.eh_frame
 *(.eh_frame)

.gcc_except_table
 *(.gcc_except_table)
 *(.gcc_except_table.*)

.lalign         0x8007b980        0x0
                0x8007b980                . = ALIGN (0x8)
                0x8007b980                PROVIDE (_data_lma, .)
                0x00000004                . = ORIGIN (INTRAM)

.dalign         0x00000004        0x4
                0x00000008                . = ALIGN (0x8)
 *fill*         0x00000004        0x4 
                0x00000008                PROVIDE (_data, .)

.eh_frame
 *(.eh_frame)

.gcc_except_table
 *(.gcc_except_table)
 *(.gcc_except_table.*)

.tdata
 *(.tdata .tdata.* .gnu.linkonce.td.*)

.tbss
 *(.tbss .tbss.* .gnu.linkonce.tb.*)
 *(.tcommon)
                0x00000008                PROVIDE (__preinit_array_start, ALIGN (0x4))

.preinit_array
 *(.preinit_array)
                0x00000008                PROVIDE (__preinit_array_end, .)
                0x00000008                PROVIDE (__init_array_start, .)

.init_array
 *(.init_array)
                0x00000008                PROVIDE (__init_array_end, .)
                0x00000008                PROVIDE (__fini_array_start, .)

.fini_array
 *(.fini_array)
                0x00000008                PROVIDE (__fini_array_end, .)

.ctors
 *crtbegin*.o(.ctors)
 *(EXCLUDE_FILE(*crtend*.o) .ctors)
 *(SORT(.ctors.*))
 *(.ctors)

.dtors
 *crtbegin*.o(.dtors)
 *(EXCLUDE_FILE(*crtend*.o) .dtors)
 *(SORT(.dtors.*))
 *(.dtors)

.jcr
 *(.jcr)

.data.rel.ro
 *(.data.rel.ro.local)
 *(.data.rel.ro*)

.dynamic
 *(.dynamic)

.got
 *(.got.plt)
 *(.got)

.ramtext
 *(.ramtext .ramtext.*)

.ddalign        0x00000008        0x0 load address 0x8007b980
                0x00000008                . = ALIGN (0x8)

.data           0x00000008      0x528 load address 0x8007b980
 *(.data .data.* .gnu.linkonce.d.*)
 .data.pwm_channel6
                0x00000008       0x20 src/et024006dhu_example.o
                0x00000008                pwm_channel6
 .data.estado_reloj_cronometro
                0x00000028        0x4 src/et024006dhu_example.o
                0x00000028                estado_reloj_cronometro
 .data.impure_data
                0x0000002c       0xf0 d:/atmel7/7.0/toolchain/avr32/avr32-gnu-toolchain/bin/../lib/gcc/avr32/4.4.7/../../../../avr32/lib/ucr2\libc.a(lib_a-impure.o)
 .data._impure_ptr
                0x0000011c        0x4 d:/atmel7/7.0/toolchain/avr32/avr32-gnu-toolchain/bin/../lib/gcc/avr32/4.4.7/../../../../avr32/lib/ucr2\libc.a(lib_a-impure.o)
                0x0000011c                _impure_ptr
 .data.__malloc_av_
                0x00000120      0x408 d:/atmel7/7.0/toolchain/avr32/avr32-gnu-toolchain/bin/../lib/gcc/avr32/4.4.7/../../../../avr32/lib/ucr2\libc.a(lib_a-mallocr.o)
                0x00000120                __malloc_av_
 .data.__malloc_trim_threshold
                0x00000528        0x4 d:/atmel7/7.0/toolchain/avr32/avr32-gnu-toolchain/bin/../lib/gcc/avr32/4.4.7/../../../../avr32/lib/ucr2\libc.a(lib_a-mallocr.o)
                0x00000528                __malloc_trim_threshold
 .data.__malloc_sbrk_base
                0x0000052c        0x4 d:/atmel7/7.0/toolchain/avr32/avr32-gnu-toolchain/bin/../lib/gcc/avr32/4.4.7/../../../../avr32/lib/ucr2\libc.a(lib_a-mallocr.o)
                0x0000052c                __malloc_sbrk_base
 *(.gnu.linkonce.d.*personality*)

.data1
 *(.data1)

.balign         0x00000530        0x0 load address 0x8007bea8
                0x00000530                . = ALIGN (0x8)
                0x00000530                PROVIDE (_edata, .)
                0x00000530                PROVIDE (edata, .)
                0x00000530                __bss_start = .

.bss            0x00000530      0x180
 *(.dynbss)
 *(.bss .bss.* .gnu.linkonce.b.*)
 .bss.tft_data  0x00000530        0x8 src/ASF/avr32/components/display/et024006dhu/et024006dhu.o
 .bss.smc_tab_cs_size
                0x00000538        0x8 src/ASF/avr32/drivers/ebi/smc/smc.o
 .bss._int_line_handler_table_6
                0x00000540        0x4 src/ASF/avr32/drivers/intc/intc.o
 .bss._int_line_handler_table_7
                0x00000544        0x4 src/ASF/avr32/drivers/intc/intc.o
 .bss._int_line_handler_table_8
                0x00000548        0x4 src/ASF/avr32/drivers/intc/intc.o
 .bss._int_line_handler_table_9
                0x0000054c        0x4 src/ASF/avr32/drivers/intc/intc.o
 .bss._int_line_handler_table_10
                0x00000550        0x4 src/ASF/avr32/drivers/intc/intc.o
 .bss._int_line_handler_table_11
                0x00000554        0x4 src/ASF/avr32/drivers/intc/intc.o
 .bss._int_line_handler_table_12
                0x00000558        0x4 src/ASF/avr32/drivers/intc/intc.o
 .bss._int_line_handler_table_13
                0x0000055c        0x4 src/ASF/avr32/drivers/intc/intc.o
 .bss._int_line_handler_table_14
                0x00000560        0xc src/ASF/avr32/drivers/intc/intc.o
 .bss._int_line_handler_table_15
                0x0000056c        0x4 src/ASF/avr32/drivers/intc/intc.o
 .bss._int_line_handler_table_16
                0x00000570        0x4 src/ASF/avr32/drivers/intc/intc.o
 .bss._int_line_handler_table_17
                0x00000574        0x4 src/ASF/avr32/drivers/intc/intc.o
 .bss._int_line_handler_table_18
                0x00000578        0x4 src/ASF/avr32/drivers/intc/intc.o
 .bss._int_line_handler_table_19
                0x0000057c        0x4 src/ASF/avr32/drivers/intc/intc.o
 .bss._int_line_handler_table_0
                0x00000580        0x4 src/ASF/avr32/drivers/intc/intc.o
 .bss._int_line_handler_table_1
                0x00000584       0x2c src/ASF/avr32/drivers/intc/intc.o
 .bss._int_line_handler_table_2
                0x000005b0       0x38 src/ASF/avr32/drivers/intc/intc.o
 .bss._int_line_handler_table_3
                0x000005e8       0x3c src/ASF/avr32/drivers/intc/intc.o
 .bss._int_line_handler_table_4
                0x00000624        0x4 src/ASF/avr32/drivers/intc/intc.o
 .bss._int_line_handler_table_5
                0x00000628        0x4 src/ASF/avr32/drivers/intc/intc.o
 .bss.funcion   0x0000062c        0x4 src/et024006dhu_example.o
                0x0000062c                funcion
 .bss.reloj_alarma
                0x00000630        0x4 src/et024006dhu_example.o
                0x00000630                reloj_alarma
 .bss.reloj_segundos_ajuste
                0x00000634        0x4 src/et024006dhu_example.o
                0x00000634                reloj_segundos_ajuste
 .bss.reloj_minutos_ajuste
                0x00000638        0x4 src/et024006dhu_example.o
                0x00000638                reloj_minutos_ajuste
 .bss.reloj_segundos
                0x0000063c        0x4 src/et024006dhu_example.o
                0x0000063c                reloj_segundos
 .bss.time_1s   0x00000640        0x4 src/et024006dhu_example.o
                0x00000640                time_1s
 .bss.reloj_minutos
                0x00000644        0x4 src/et024006dhu_example.o
                0x00000644                reloj_minutos
 .bss.reloj_horas
                0x00000648        0x4 src/et024006dhu_example.o
                0x00000648                reloj_horas
 .bss.reloj_minutos_cronometro
                0x0000064c        0x4 src/et024006dhu_example.o
                0x0000064c                reloj_minutos_cronometro
 .bss.reloj_minutos_alarma
                0x00000650        0x4 src/et024006dhu_example.o
                0x00000650                reloj_minutos_alarma
 .bss.reloj_segundos_alarma
                0x00000654        0x4 src/et024006dhu_example.o
                0x00000654                reloj_segundos_alarma
 .bss.reloj_horas_ajuste
                0x00000658        0x4 src/et024006dhu_example.o
                0x00000658                reloj_horas_ajuste
 .bss.reloj_ajuste
                0x0000065c        0x4 src/et024006dhu_example.o
                0x0000065c                reloj_ajuste
 .bss.alarma_activa_controlOFF
                0x00000660        0x4 src/et024006dhu_example.o
                0x00000660                alarma_activa_controlOFF
 .bss.reloj_horas_cronometro
                0x00000664        0x4 src/et024006dhu_example.o
                0x00000664                reloj_horas_cronometro
 .bss.reloj_horas_alarma
                0x00000668        0x4 src/et024006dhu_example.o
                0x00000668                reloj_horas_alarma
 .bss.reloj_segundos_cronometro
                0x0000066c        0x4 src/et024006dhu_example.o
                0x0000066c                reloj_segundos_cronometro
 .bss.__malloc_max_total_mem
                0x00000670        0x4 d:/atmel7/7.0/toolchain/avr32/avr32-gnu-toolchain/bin/../lib/gcc/avr32/4.4.7/../../../../avr32/lib/ucr2\libc.a(lib_a-mallocr.o)
                0x00000670                __malloc_max_total_mem
 .bss.__malloc_max_sbrked_mem
                0x00000674        0x4 d:/atmel7/7.0/toolchain/avr32/avr32-gnu-toolchain/bin/../lib/gcc/avr32/4.4.7/../../../../avr32/lib/ucr2\libc.a(lib_a-mallocr.o)
                0x00000674                __malloc_max_sbrked_mem
 .bss.__malloc_top_pad
                0x00000678        0x4 d:/atmel7/7.0/toolchain/avr32/avr32-gnu-toolchain/bin/../lib/gcc/avr32/4.4.7/../../../../avr32/lib/ucr2\libc.a(lib_a-mallocr.o)
                0x00000678                __malloc_top_pad
 .bss.__malloc_current_mallinfo
                0x0000067c       0x28 d:/atmel7/7.0/toolchain/avr32/avr32-gnu-toolchain/bin/../lib/gcc/avr32/4.4.7/../../../../avr32/lib/ucr2\libc.a(lib_a-mallocr.o)
                0x0000067c                __malloc_current_mallinfo
 .bss.cur_heap_pos.1869
                0x000006a4        0x4 d:/atmel7/7.0/toolchain/avr32/avr32-gnu-toolchain/bin/../lib/gcc/avr32/4.4.7/../../../../avr32/lib/ucr2\libc.a(lib_a-syscalls.o)
 *(COMMON)
 COMMON         0x000006a8        0x4 d:/atmel7/7.0/toolchain/avr32/avr32-gnu-toolchain/bin/../lib/gcc/avr32/4.4.7/../../../../avr32/lib/ucr2\libc.a(lib_a-reent.o)
                0x000006a8                errno
                0x000006b0                . = ALIGN (0x8)
 *fill*         0x000006ac        0x4 
                0x000006b0                . = ALIGN (0x8)
                0x000006b0                _end = .
                0x000006b0                PROVIDE (end, .)
                0x000006b0                __heap_start__ = ALIGN (0x8)

.heap           0x000006b0     0xe950
 *(.heap)
                0x0000e950                . = (__heap_size__ == __max_heap_size__)?(((ORIGIN (INTRAM) + 0xfffc) - __stack_size__) - ABSOLUTE (.)):__heap_size__
 *fill*         0x000006b0     0xe950 
                0x0000f000                __heap_end__ = .

.stab
 *(.stab)

.stabstr
 *(.stabstr)

.stab.excl
 *(.stab.excl)

.stab.exclstr
 *(.stab.exclstr)

.stab.index
 *(.stab.index)

.stab.indexstr
 *(.stab.indexstr)

.comment        0x00000000       0x30
 *(.comment)
 .comment       0x00000000       0x30 src/ASF/avr32/drivers/eic/eic.o
                                 0x31 (size before relaxing)
 .comment       0x00000000       0x31 src/ASF/avr32/drivers/usart/usart.o
 .comment       0x00000000       0x31 src/brujula.o
 .comment       0x00000000       0x31 src/telefono1.o
 .comment       0x00000000       0x31 src/whatsapp_image.o
 .comment       0x00000000       0x31 src/ASF/avr32/drivers/tc/tc.o
 .comment       0x00000000       0x31 src/ASF/avr32/components/display/et024006dhu/et024006dhu.o
 .comment       0x00000000       0x31 src/ASF/avr32/drivers/ebi/smc/smc.o
 .comment       0x00000000       0x31 src/ASF/avr32/drivers/gpio/gpio.o
 .comment       0x00000000       0x31 src/ASF/avr32/drivers/intc/intc.o
 .comment       0x00000000       0x31 src/ASF/avr32/drivers/pm/pm.o
 .comment       0x00000000       0x31 src/ASF/avr32/drivers/pwm/pwm.o
 .comment       0x00000000       0x31 src/et024006dhu_example.o
 .comment       0x00000000       0x31 d:/atmel7/7.0/toolchain/avr32/avr32-gnu-toolchain/bin/../lib/gcc/avr32/4.4.7/ucr2\libgcc.a(_udivdi3.o)
 .comment       0x00000000       0x31 d:/atmel7/7.0/toolchain/avr32/avr32-gnu-toolchain/bin/../lib/gcc/avr32/4.4.7/../../../../avr32/lib/ucr2\libc.a(lib_a-sprintf.o)
 .comment       0x00000000       0x31 d:/atmel7/7.0/toolchain/avr32/avr32-gnu-toolchain/bin/../lib/gcc/avr32/4.4.7/../../../../avr32/lib/ucr2\libc.a(lib_a-vfprintf.o)
 .comment       0x00000000       0x31 d:/atmel7/7.0/toolchain/avr32/avr32-gnu-toolchain/bin/../lib/gcc/avr32/4.4.7/../../../../avr32/lib/ucr2\libc.a(lib_a-wsetup.o)
 .comment       0x00000000       0x31 d:/atmel7/7.0/toolchain/avr32/avr32-gnu-toolchain/bin/../lib/gcc/avr32/4.4.7/../../../../avr32/lib/ucr2\libc.a(lib_a-dtoa.o)
 .comment       0x00000000       0x31 d:/atmel7/7.0/toolchain/avr32/avr32-gnu-toolchain/bin/../lib/gcc/avr32/4.4.7/../../../../avr32/lib/ucr2\libc.a(lib_a-fflush.o)
 .comment       0x00000000       0x31 d:/atmel7/7.0/toolchain/avr32/avr32-gnu-toolchain/bin/../lib/gcc/avr32/4.4.7/../../../../avr32/lib/ucr2\libc.a(lib_a-findfp.o)
 .comment       0x00000000       0x31 d:/atmel7/7.0/toolchain/avr32/avr32-gnu-toolchain/bin/../lib/gcc/avr32/4.4.7/../../../../avr32/lib/ucr2\libc.a(lib_a-freer.o)
 .comment       0x00000000       0x31 d:/atmel7/7.0/toolchain/avr32/avr32-gnu-toolchain/bin/../lib/gcc/avr32/4.4.7/../../../../avr32/lib/ucr2\libc.a(lib_a-fvwrite.o)
 .comment       0x00000000       0x31 d:/atmel7/7.0/toolchain/avr32/avr32-gnu-toolchain/bin/../lib/gcc/avr32/4.4.7/../../../../avr32/lib/ucr2\libc.a(lib_a-fwalk.o)
 .comment       0x00000000       0x31 d:/atmel7/7.0/toolchain/avr32/avr32-gnu-toolchain/bin/../lib/gcc/avr32/4.4.7/../../../../avr32/lib/ucr2\libc.a(lib_a-impure.o)
 .comment       0x00000000       0x31 d:/atmel7/7.0/toolchain/avr32/avr32-gnu-toolchain/bin/../lib/gcc/avr32/4.4.7/../../../../avr32/lib/ucr2\libc.a(lib_a-locale.o)
 .comment       0x00000000       0x31 d:/atmel7/7.0/toolchain/avr32/avr32-gnu-toolchain/bin/../lib/gcc/avr32/4.4.7/../../../../avr32/lib/ucr2\libc.a(lib_a-makebuf.o)
 .comment       0x00000000       0x31 d:/atmel7/7.0/toolchain/avr32/avr32-gnu-toolchain/bin/../lib/gcc/avr32/4.4.7/../../../../avr32/lib/ucr2\libc.a(lib_a-malloc.o)
 .comment       0x00000000       0x31 d:/atmel7/7.0/toolchain/avr32/avr32-gnu-toolchain/bin/../lib/gcc/avr32/4.4.7/../../../../avr32/lib/ucr2\libc.a(lib_a-mallocr.o)
 .comment       0x00000000       0x31 d:/atmel7/7.0/toolchain/avr32/avr32-gnu-toolchain/bin/../lib/gcc/avr32/4.4.7/../../../../avr32/lib/ucr2\libc.a(lib_a-memchr.o)
 .comment       0x00000000       0x31 d:/atmel7/7.0/toolchain/avr32/avr32-gnu-toolchain/bin/../lib/gcc/avr32/4.4.7/../../../../avr32/lib/ucr2\libc.a(lib_a-memmove.o)
 .comment       0x00000000       0x31 d:/atmel7/7.0/toolchain/avr32/avr32-gnu-toolchain/bin/../lib/gcc/avr32/4.4.7/../../../../avr32/lib/ucr2\libc.a(lib_a-memset.o)
 .comment       0x00000000       0x31 d:/atmel7/7.0/toolchain/avr32/avr32-gnu-toolchain/bin/../lib/gcc/avr32/4.4.7/../../../../avr32/lib/ucr2\libc.a(lib_a-mlock.o)
 .comment       0x00000000       0x31 d:/atmel7/7.0/toolchain/avr32/avr32-gnu-toolchain/bin/../lib/gcc/avr32/4.4.7/../../../../avr32/lib/ucr2\libc.a(lib_a-mprec.o)
 .comment       0x00000000       0x31 d:/atmel7/7.0/toolchain/avr32/avr32-gnu-toolchain/bin/../lib/gcc/avr32/4.4.7/../../../../avr32/lib/ucr2\libc.a(lib_a-reallocr.o)
 .comment       0x00000000       0x31 d:/atmel7/7.0/toolchain/avr32/avr32-gnu-toolchain/bin/../lib/gcc/avr32/4.4.7/../../../../avr32/lib/ucr2\libc.a(lib_a-s_isinfd.o)
 .comment       0x00000000       0x31 d:/atmel7/7.0/toolchain/avr32/avr32-gnu-toolchain/bin/../lib/gcc/avr32/4.4.7/../../../../avr32/lib/ucr2\libc.a(lib_a-s_isnand.o)
 .comment       0x00000000       0x31 d:/atmel7/7.0/toolchain/avr32/avr32-gnu-toolchain/bin/../lib/gcc/avr32/4.4.7/../../../../avr32/lib/ucr2\libc.a(lib_a-sbrkr.o)
 .comment       0x00000000       0x31 d:/atmel7/7.0/toolchain/avr32/avr32-gnu-toolchain/bin/../lib/gcc/avr32/4.4.7/../../../../avr32/lib/ucr2\libc.a(lib_a-stdio.o)
 .comment       0x00000000       0x31 d:/atmel7/7.0/toolchain/avr32/avr32-gnu-toolchain/bin/../lib/gcc/avr32/4.4.7/../../../../avr32/lib/ucr2\libc.a(lib_a-strlen.o)
 .comment       0x00000000       0x31 d:/atmel7/7.0/toolchain/avr32/avr32-gnu-toolchain/bin/../lib/gcc/avr32/4.4.7/../../../../avr32/lib/ucr2\libc.a(lib_a-syscalls.o)
 .comment       0x00000000       0x31 d:/atmel7/7.0/toolchain/avr32/avr32-gnu-toolchain/bin/../lib/gcc/avr32/4.4.7/../../../../avr32/lib/ucr2\libc.a(lib_a-writer.o)
 .comment       0x00000000       0x31 d:/atmel7/7.0/toolchain/avr32/avr32-gnu-toolchain/bin/../lib/gcc/avr32/4.4.7/../../../../avr32/lib/ucr2\libc.a(lib_a-callocr.o)
 .comment       0x00000000       0x31 d:/atmel7/7.0/toolchain/avr32/avr32-gnu-toolchain/bin/../lib/gcc/avr32/4.4.7/../../../../avr32/lib/ucr2\libc.a(lib_a-closer.o)
 .comment       0x00000000       0x31 d:/atmel7/7.0/toolchain/avr32/avr32-gnu-toolchain/bin/../lib/gcc/avr32/4.4.7/../../../../avr32/lib/ucr2\libc.a(lib_a-errno.o)
 .comment       0x00000000       0x31 d:/atmel7/7.0/toolchain/avr32/avr32-gnu-toolchain/bin/../lib/gcc/avr32/4.4.7/../../../../avr32/lib/ucr2\libc.a(lib_a-fclose.o)
 .comment       0x00000000       0x31 d:/atmel7/7.0/toolchain/avr32/avr32-gnu-toolchain/bin/../lib/gcc/avr32/4.4.7/../../../../avr32/lib/ucr2\libc.a(lib_a-fstatr.o)
 .comment       0x00000000       0x31 d:/atmel7/7.0/toolchain/avr32/avr32-gnu-toolchain/bin/../lib/gcc/avr32/4.4.7/../../../../avr32/lib/ucr2\libc.a(lib_a-lseekr.o)
 .comment       0x00000000       0x31 d:/atmel7/7.0/toolchain/avr32/avr32-gnu-toolchain/bin/../lib/gcc/avr32/4.4.7/../../../../avr32/lib/ucr2\libc.a(lib_a-readr.o)
 .comment       0x00000000       0x31 d:/atmel7/7.0/toolchain/avr32/avr32-gnu-toolchain/bin/../lib/gcc/avr32/4.4.7/../../../../avr32/lib/ucr2\libc.a(lib_a-reent.o)
 .comment       0x00000000       0x31 d:/atmel7/7.0/toolchain/avr32/avr32-gnu-toolchain/bin/../lib/gcc/avr32/4.4.7/ucr2\libgcc.a(_umoddi3.o)

.debug
 *(.debug)

.line
 *(.line)

.debug_srcinfo
 *(.debug_srcinfo)

.debug_sfnames
 *(.debug_sfnames)

.debug_aranges  0x00000000      0xdf8
 *(.debug_aranges)
 .debug_aranges
                0x00000000       0xa0 src/ASF/avr32/drivers/eic/eic.o
 .debug_aranges
                0x000000a0       0xe0 src/ASF/avr32/drivers/usart/usart.o
 .debug_aranges
                0x00000180       0xa8 src/ASF/avr32/drivers/tc/tc.o
 .debug_aranges
                0x00000228      0x110 src/ASF/avr32/components/display/et024006dhu/et024006dhu.o
 .debug_aranges
                0x00000338       0x28 src/ASF/avr32/drivers/ebi/smc/smc.o
 .debug_aranges
                0x00000360      0x100 src/ASF/avr32/drivers/gpio/gpio.o
 .debug_aranges
                0x00000460       0x20 src/ASF/avr32/drivers/intc/exception.o
 .debug_aranges
                0x00000480       0x38 src/ASF/avr32/drivers/intc/intc.o
 .debug_aranges
                0x000004b8      0x190 src/ASF/avr32/drivers/pm/pm.o
 .debug_aranges
                0x00000648       0x48 src/ASF/avr32/drivers/pwm/pwm.o
 .debug_aranges
                0x00000690       0x28 src/ASF/avr32/utils/startup/startup_uc3.o
 .debug_aranges
                0x000006b8       0x20 src/ASF/avr32/utils/startup/trampoline_uc3.o
 .debug_aranges
                0x000006d8       0x38 src/et024006dhu_example.o
 .debug_aranges
                0x00000710       0x20 d:/atmel7/7.0/toolchain/avr32/avr32-gnu-toolchain/bin/../lib/gcc/avr32/4.4.7/ucr2\libgcc.a(_udivdi3.o)
 .debug_aranges
                0x00000730       0x28 d:/atmel7/7.0/toolchain/avr32/avr32-gnu-toolchain/bin/../lib/gcc/avr32/4.4.7/../../../../avr32/lib/ucr2\libc.a(lib_a-sprintf.o)
 .debug_aranges
                0x00000758       0x38 d:/atmel7/7.0/toolchain/avr32/avr32-gnu-toolchain/bin/../lib/gcc/avr32/4.4.7/../../../../avr32/lib/ucr2\libc.a(lib_a-vfprintf.o)
 .debug_aranges
                0x00000790       0x20 d:/atmel7/7.0/toolchain/avr32/avr32-gnu-toolchain/bin/../lib/gcc/avr32/4.4.7/../../../../avr32/lib/ucr2\libc.a(lib_a-wsetup.o)
 .debug_aranges
                0x000007b0       0x28 d:/atmel7/7.0/toolchain/avr32/avr32-gnu-toolchain/bin/../lib/gcc/avr32/4.4.7/../../../../avr32/lib/ucr2\libc.a(lib_a-dtoa.o)
 .debug_aranges
                0x000007d8       0x28 d:/atmel7/7.0/toolchain/avr32/avr32-gnu-toolchain/bin/../lib/gcc/avr32/4.4.7/../../../../avr32/lib/ucr2\libc.a(lib_a-fflush.o)
 .debug_aranges
                0x00000800       0x80 d:/atmel7/7.0/toolchain/avr32/avr32-gnu-toolchain/bin/../lib/gcc/avr32/4.4.7/../../../../avr32/lib/ucr2\libc.a(lib_a-findfp.o)
 .debug_aranges
                0x00000880       0x28 d:/atmel7/7.0/toolchain/avr32/avr32-gnu-toolchain/bin/../lib/gcc/avr32/4.4.7/../../../../avr32/lib/ucr2\libc.a(lib_a-freer.o)
 .debug_aranges
                0x000008a8       0x20 d:/atmel7/7.0/toolchain/avr32/avr32-gnu-toolchain/bin/../lib/gcc/avr32/4.4.7/../../../../avr32/lib/ucr2\libc.a(lib_a-fvwrite.o)
 .debug_aranges
                0x000008c8       0x28 d:/atmel7/7.0/toolchain/avr32/avr32-gnu-toolchain/bin/../lib/gcc/avr32/4.4.7/../../../../avr32/lib/ucr2\libc.a(lib_a-fwalk.o)
 .debug_aranges
                0x000008f0       0x40 d:/atmel7/7.0/toolchain/avr32/avr32-gnu-toolchain/bin/../lib/gcc/avr32/4.4.7/../../../../avr32/lib/ucr2\libc.a(lib_a-locale.o)
 .debug_aranges
                0x00000930       0x20 d:/atmel7/7.0/toolchain/avr32/avr32-gnu-toolchain/bin/../lib/gcc/avr32/4.4.7/../../../../avr32/lib/ucr2\libc.a(lib_a-makebuf.o)
 .debug_aranges
                0x00000950       0x28 d:/atmel7/7.0/toolchain/avr32/avr32-gnu-toolchain/bin/../lib/gcc/avr32/4.4.7/../../../../avr32/lib/ucr2\libc.a(lib_a-malloc.o)
 .debug_aranges
                0x00000978       0x20 d:/atmel7/7.0/toolchain/avr32/avr32-gnu-toolchain/bin/../lib/gcc/avr32/4.4.7/../../../../avr32/lib/ucr2\libc.a(lib_a-mallocr.o)
 .debug_aranges
                0x00000998       0x20 d:/atmel7/7.0/toolchain/avr32/avr32-gnu-toolchain/bin/../lib/gcc/avr32/4.4.7/../../../../avr32/lib/ucr2\libc.a(lib_a-memchr.o)
 .debug_aranges
                0x000009b8       0x20 d:/atmel7/7.0/toolchain/avr32/avr32-gnu-toolchain/bin/../lib/gcc/avr32/4.4.7/../../../../avr32/lib/ucr2\libc.a(lib_a-memmove.o)
 .debug_aranges
                0x000009d8       0x20 d:/atmel7/7.0/toolchain/avr32/avr32-gnu-toolchain/bin/../lib/gcc/avr32/4.4.7/../../../../avr32/lib/ucr2\libc.a(lib_a-memset.o)
 .debug_aranges
                0x000009f8       0x28 d:/atmel7/7.0/toolchain/avr32/avr32-gnu-toolchain/bin/../lib/gcc/avr32/4.4.7/../../../../avr32/lib/ucr2\libc.a(lib_a-mlock.o)
 .debug_aranges
                0x00000a20       0xb0 d:/atmel7/7.0/toolchain/avr32/avr32-gnu-toolchain/bin/../lib/gcc/avr32/4.4.7/../../../../avr32/lib/ucr2\libc.a(lib_a-mprec.o)
 .debug_aranges
                0x00000ad0       0x20 d:/atmel7/7.0/toolchain/avr32/avr32-gnu-toolchain/bin/../lib/gcc/avr32/4.4.7/../../../../avr32/lib/ucr2\libc.a(lib_a-reallocr.o)
 .debug_aranges
                0x00000af0       0x20 d:/atmel7/7.0/toolchain/avr32/avr32-gnu-toolchain/bin/../lib/gcc/avr32/4.4.7/../../../../avr32/lib/ucr2\libc.a(lib_a-s_isinfd.o)
 .debug_aranges
                0x00000b10       0x20 d:/atmel7/7.0/toolchain/avr32/avr32-gnu-toolchain/bin/../lib/gcc/avr32/4.4.7/../../../../avr32/lib/ucr2\libc.a(lib_a-s_isnand.o)
 .debug_aranges
                0x00000b30       0x20 d:/atmel7/7.0/toolchain/avr32/avr32-gnu-toolchain/bin/../lib/gcc/avr32/4.4.7/../../../../avr32/lib/ucr2\libc.a(lib_a-sbrkr.o)
 .debug_aranges
                0x00000b50       0x38 d:/atmel7/7.0/toolchain/avr32/avr32-gnu-toolchain/bin/../lib/gcc/avr32/4.4.7/../../../../avr32/lib/ucr2\libc.a(lib_a-stdio.o)
 .debug_aranges
                0x00000b88       0x20 d:/atmel7/7.0/toolchain/avr32/avr32-gnu-toolchain/bin/../lib/gcc/avr32/4.4.7/../../../../avr32/lib/ucr2\libc.a(lib_a-strlen.o)
 .debug_aranges
                0x00000ba8       0xf8 d:/atmel7/7.0/toolchain/avr32/avr32-gnu-toolchain/bin/../lib/gcc/avr32/4.4.7/../../../../avr32/lib/ucr2\libc.a(lib_a-syscalls.o)
 .debug_aranges
                0x00000ca0       0x20 d:/atmel7/7.0/toolchain/avr32/avr32-gnu-toolchain/bin/../lib/gcc/avr32/4.4.7/../../../../avr32/lib/ucr2\libc.a(lib_a-writer.o)
 .debug_aranges
                0x00000cc0       0x20 d:/atmel7/7.0/toolchain/avr32/avr32-gnu-toolchain/bin/../lib/gcc/avr32/4.4.7/../../../../avr32/lib/ucr2\libc.a(lib_a-callocr.o)
 .debug_aranges
                0x00000ce0       0x20 d:/atmel7/7.0/toolchain/avr32/avr32-gnu-toolchain/bin/../lib/gcc/avr32/4.4.7/../../../../avr32/lib/ucr2\libc.a(lib_a-closer.o)
 .debug_aranges
                0x00000d00       0x20 d:/atmel7/7.0/toolchain/avr32/avr32-gnu-toolchain/bin/../lib/gcc/avr32/4.4.7/../../../../avr32/lib/ucr2\libc.a(lib_a-errno.o)
 .debug_aranges
                0x00000d20       0x28 d:/atmel7/7.0/toolchain/avr32/avr32-gnu-toolchain/bin/../lib/gcc/avr32/4.4.7/../../../../avr32/lib/ucr2\libc.a(lib_a-fclose.o)
 .debug_aranges
                0x00000d48       0x20 d:/atmel7/7.0/toolchain/avr32/avr32-gnu-toolchain/bin/../lib/gcc/avr32/4.4.7/../../../../avr32/lib/ucr2\libc.a(lib_a-fstatr.o)
 .debug_aranges
                0x00000d68       0x20 d:/atmel7/7.0/toolchain/avr32/avr32-gnu-toolchain/bin/../lib/gcc/avr32/4.4.7/../../../../avr32/lib/ucr2\libc.a(lib_a-lseekr.o)
 .debug_aranges
                0x00000d88       0x20 d:/atmel7/7.0/toolchain/avr32/avr32-gnu-toolchain/bin/../lib/gcc/avr32/4.4.7/../../../../avr32/lib/ucr2\libc.a(lib_a-readr.o)
 .debug_aranges
                0x00000da8       0x30 d:/atmel7/7.0/toolchain/avr32/avr32-gnu-toolchain/bin/../lib/gcc/avr32/4.4.7/../../../../avr32/lib/ucr2\libc.a(lib_a-reent.o)
 .debug_aranges
                0x00000dd8       0x20 d:/atmel7/7.0/toolchain/avr32/avr32-gnu-toolchain/bin/../lib/gcc/avr32/4.4.7/ucr2\libgcc.a(_umoddi3.o)

.debug_pubnames
                0x00000000     0x1dd6
 *(.debug_pubnames)
 .debug_pubnames
                0x00000000      0x1e2 src/ASF/avr32/drivers/eic/eic.o
 .debug_pubnames
                0x000001e2      0x227 src/ASF/avr32/drivers/usart/usart.o
 .debug_pubnames
                0x00000409       0x1e src/brujula.o
 .debug_pubnames
                0x00000427       0x20 src/telefono1.o
 .debug_pubnames
                0x00000447       0x25 src/whatsapp_image.o
 .debug_pubnames
                0x0000046c      0x164 src/ASF/avr32/drivers/tc/tc.o
 .debug_pubnames
                0x000005d0      0x317 src/ASF/avr32/components/display/et024006dhu/et024006dhu.o
 .debug_pubnames
                0x000008e7       0x33 src/ASF/avr32/drivers/ebi/smc/smc.o
 .debug_pubnames
                0x0000091a      0x330 src/ASF/avr32/drivers/gpio/gpio.o
 .debug_pubnames
                0x00000c4a       0x62 src/ASF/avr32/drivers/intc/intc.o
 .debug_pubnames
                0x00000cac      0x3ee src/ASF/avr32/drivers/pm/pm.o
 .debug_pubnames
                0x0000109a       0x9a src/ASF/avr32/drivers/pwm/pwm.o
 .debug_pubnames
                0x00001134      0x27f src/et024006dhu_example.o
 .debug_pubnames
                0x000013b3       0x20 d:/atmel7/7.0/toolchain/avr32/avr32-gnu-toolchain/bin/../lib/gcc/avr32/4.4.7/ucr2\libgcc.a(_udivdi3.o)
 .debug_pubnames
                0x000013d3       0x2d d:/atmel7/7.0/toolchain/avr32/avr32-gnu-toolchain/bin/../lib/gcc/avr32/4.4.7/../../../../avr32/lib/ucr2\libc.a(lib_a-sprintf.o)
 .debug_pubnames
                0x00001400       0x2f d:/atmel7/7.0/toolchain/avr32/avr32-gnu-toolchain/bin/../lib/gcc/avr32/4.4.7/../../../../avr32/lib/ucr2\libc.a(lib_a-vfprintf.o)
 .debug_pubnames
                0x0000142f       0x22 d:/atmel7/7.0/toolchain/avr32/avr32-gnu-toolchain/bin/../lib/gcc/avr32/4.4.7/../../../../avr32/lib/ucr2\libc.a(lib_a-wsetup.o)
 .debug_pubnames
                0x00001451       0x1e d:/atmel7/7.0/toolchain/avr32/avr32-gnu-toolchain/bin/../lib/gcc/avr32/4.4.7/../../../../avr32/lib/ucr2\libc.a(lib_a-dtoa.o)
 .debug_pubnames
                0x0000146f       0x2b d:/atmel7/7.0/toolchain/avr32/avr32-gnu-toolchain/bin/../lib/gcc/avr32/4.4.7/../../../../avr32/lib/ucr2\libc.a(lib_a-fflush.o)
 .debug_pubnames
                0x0000149a      0x119 d:/atmel7/7.0/toolchain/avr32/avr32-gnu-toolchain/bin/../lib/gcc/avr32/4.4.7/../../../../avr32/lib/ucr2\libc.a(lib_a-findfp.o)
 .debug_pubnames
                0x000015b3       0x31 d:/atmel7/7.0/toolchain/avr32/avr32-gnu-toolchain/bin/../lib/gcc/avr32/4.4.7/../../../../avr32/lib/ucr2\libc.a(lib_a-freer.o)
 .debug_pubnames
                0x000015e4       0x23 d:/atmel7/7.0/toolchain/avr32/avr32-gnu-toolchain/bin/../lib/gcc/avr32/4.4.7/../../../../avr32/lib/ucr2\libc.a(lib_a-fvwrite.o)
 .debug_pubnames
                0x00001607       0x2e d:/atmel7/7.0/toolchain/avr32/avr32-gnu-toolchain/bin/../lib/gcc/avr32/4.4.7/../../../../avr32/lib/ucr2\libc.a(lib_a-fwalk.o)
 .debug_pubnames
                0x00001635       0x39 d:/atmel7/7.0/toolchain/avr32/avr32-gnu-toolchain/bin/../lib/gcc/avr32/4.4.7/../../../../avr32/lib/ucr2\libc.a(lib_a-impure.o)
 .debug_pubnames
                0x0000166e       0xc3 d:/atmel7/7.0/toolchain/avr32/avr32-gnu-toolchain/bin/../lib/gcc/avr32/4.4.7/../../../../avr32/lib/ucr2\libc.a(lib_a-locale.o)
 .debug_pubnames
                0x00001731       0x23 d:/atmel7/7.0/toolchain/avr32/avr32-gnu-toolchain/bin/../lib/gcc/avr32/4.4.7/../../../../avr32/lib/ucr2\libc.a(lib_a-makebuf.o)
 .debug_pubnames
                0x00001754       0x26 d:/atmel7/7.0/toolchain/avr32/avr32-gnu-toolchain/bin/../lib/gcc/avr32/4.4.7/../../../../avr32/lib/ucr2\libc.a(lib_a-malloc.o)
 .debug_pubnames
                0x0000177a       0xce d:/atmel7/7.0/toolchain/avr32/avr32-gnu-toolchain/bin/../lib/gcc/avr32/4.4.7/../../../../avr32/lib/ucr2\libc.a(lib_a-mallocr.o)
 .debug_pubnames
                0x00001848       0x1d d:/atmel7/7.0/toolchain/avr32/avr32-gnu-toolchain/bin/../lib/gcc/avr32/4.4.7/../../../../avr32/lib/ucr2\libc.a(lib_a-memchr.o)
 .debug_pubnames
                0x00001865       0x1e d:/atmel7/7.0/toolchain/avr32/avr32-gnu-toolchain/bin/../lib/gcc/avr32/4.4.7/../../../../avr32/lib/ucr2\libc.a(lib_a-memmove.o)
 .debug_pubnames
                0x00001883       0x1d d:/atmel7/7.0/toolchain/avr32/avr32-gnu-toolchain/bin/../lib/gcc/avr32/4.4.7/../../../../avr32/lib/ucr2\libc.a(lib_a-memset.o)
 .debug_pubnames
                0x000018a0       0x38 d:/atmel7/7.0/toolchain/avr32/avr32-gnu-toolchain/bin/../lib/gcc/avr32/4.4.7/../../../../avr32/lib/ucr2\libc.a(lib_a-mlock.o)
 .debug_pubnames
                0x000018d8      0x13a d:/atmel7/7.0/toolchain/avr32/avr32-gnu-toolchain/bin/../lib/gcc/avr32/4.4.7/../../../../avr32/lib/ucr2\libc.a(lib_a-mprec.o)
 .debug_pubnames
                0x00001a12       0x21 d:/atmel7/7.0/toolchain/avr32/avr32-gnu-toolchain/bin/../lib/gcc/avr32/4.4.7/../../../../avr32/lib/ucr2\libc.a(lib_a-reallocr.o)
 .debug_pubnames
                0x00001a33       0x1f d:/atmel7/7.0/toolchain/avr32/avr32-gnu-toolchain/bin/../lib/gcc/avr32/4.4.7/../../../../avr32/lib/ucr2\libc.a(lib_a-s_isinfd.o)
 .debug_pubnames
                0x00001a52       0x1f d:/atmel7/7.0/toolchain/avr32/avr32-gnu-toolchain/bin/../lib/gcc/avr32/4.4.7/../../../../avr32/lib/ucr2\libc.a(lib_a-s_isnand.o)
 .debug_pubnames
                0x00001a71       0x1e d:/atmel7/7.0/toolchain/avr32/avr32-gnu-toolchain/bin/../lib/gcc/avr32/4.4.7/../../../../avr32/lib/ucr2\libc.a(lib_a-sbrkr.o)
 .debug_pubnames
                0x00001a8f       0x44 d:/atmel7/7.0/toolchain/avr32/avr32-gnu-toolchain/bin/../lib/gcc/avr32/4.4.7/../../../../avr32/lib/ucr2\libc.a(lib_a-stdio.o)
 .debug_pubnames
                0x00001ad3       0x1d d:/atmel7/7.0/toolchain/avr32/avr32-gnu-toolchain/bin/../lib/gcc/avr32/4.4.7/../../../../avr32/lib/ucr2\libc.a(lib_a-strlen.o)
 .debug_pubnames
                0x00001af0      0x171 d:/atmel7/7.0/toolchain/avr32/avr32-gnu-toolchain/bin/../lib/gcc/avr32/4.4.7/../../../../avr32/lib/ucr2\libc.a(lib_a-syscalls.o)
 .debug_pubnames
                0x00001c61       0x1f d:/atmel7/7.0/toolchain/avr32/avr32-gnu-toolchain/bin/../lib/gcc/avr32/4.4.7/../../../../avr32/lib/ucr2\libc.a(lib_a-writer.o)
 .debug_pubnames
                0x00001c80       0x20 d:/atmel7/7.0/toolchain/avr32/avr32-gnu-toolchain/bin/../lib/gcc/avr32/4.4.7/../../../../avr32/lib/ucr2\libc.a(lib_a-callocr.o)
 .debug_pubnames
                0x00001ca0       0x1f d:/atmel7/7.0/toolchain/avr32/avr32-gnu-toolchain/bin/../lib/gcc/avr32/4.4.7/../../../../avr32/lib/ucr2\libc.a(lib_a-closer.o)
 .debug_pubnames
                0x00001cbf       0x1e d:/atmel7/7.0/toolchain/avr32/avr32-gnu-toolchain/bin/../lib/gcc/avr32/4.4.7/../../../../avr32/lib/ucr2\libc.a(lib_a-errno.o)
 .debug_pubnames
                0x00001cdd       0x2b d:/atmel7/7.0/toolchain/avr32/avr32-gnu-toolchain/bin/../lib/gcc/avr32/4.4.7/../../../../avr32/lib/ucr2\libc.a(lib_a-fclose.o)
 .debug_pubnames
                0x00001d08       0x1f d:/atmel7/7.0/toolchain/avr32/avr32-gnu-toolchain/bin/../lib/gcc/avr32/4.4.7/../../../../avr32/lib/ucr2\libc.a(lib_a-fstatr.o)
 .debug_pubnames
                0x00001d27       0x1f d:/atmel7/7.0/toolchain/avr32/avr32-gnu-toolchain/bin/../lib/gcc/avr32/4.4.7/../../../../avr32/lib/ucr2\libc.a(lib_a-lseekr.o)
 .debug_pubnames
                0x00001d46       0x1e d:/atmel7/7.0/toolchain/avr32/avr32-gnu-toolchain/bin/../lib/gcc/avr32/4.4.7/../../../../avr32/lib/ucr2\libc.a(lib_a-readr.o)
 .debug_pubnames
                0x00001d64       0x52 d:/atmel7/7.0/toolchain/avr32/avr32-gnu-toolchain/bin/../lib/gcc/avr32/4.4.7/../../../../avr32/lib/ucr2\libc.a(lib_a-reent.o)
 .debug_pubnames
                0x00001db6       0x20 d:/atmel7/7.0/toolchain/avr32/avr32-gnu-toolchain/bin/../lib/gcc/avr32/4.4.7/ucr2\libgcc.a(_umoddi3.o)

.debug_info     0x00000000    0x22d2f
 *(.debug_info .gnu.linkonce.wi.*)
 .debug_info    0x00000000     0x1363 src/ASF/avr32/drivers/eic/eic.o
 .debug_info    0x00001363     0x1dcc src/ASF/avr32/drivers/usart/usart.o
 .debug_info    0x0000312f       0x5e src/brujula.o
 .debug_info    0x0000318d       0x5e src/telefono1.o
 .debug_info    0x000031eb       0x5e src/whatsapp_image.o
 .debug_info    0x00003249     0x117e src/ASF/avr32/drivers/tc/tc.o
 .debug_info    0x000043c7     0x212c src/ASF/avr32/components/display/et024006dhu/et024006dhu.o
 .debug_info    0x000064f3      0x616 src/ASF/avr32/drivers/ebi/smc/smc.o
 .debug_info    0x00006b09      0xb1b src/ASF/avr32/drivers/gpio/gpio.o
 .debug_info    0x00007624       0xce src/ASF/avr32/drivers/intc/exception.o
 .debug_info    0x000076f2      0x5ae src/ASF/avr32/drivers/intc/intc.o
 .debug_info    0x00007ca0     0x1a57 src/ASF/avr32/drivers/pm/pm.o
 .debug_info    0x000096f7      0xa08 src/ASF/avr32/drivers/pwm/pwm.o
 .debug_info    0x0000a0ff       0xcd src/ASF/avr32/utils/startup/startup_uc3.o
 .debug_info    0x0000a1cc       0xd4 src/ASF/avr32/utils/startup/trampoline_uc3.o
 .debug_info    0x0000a2a0     0x4138 src/et024006dhu_example.o
 .debug_info    0x0000e3d8      0x57b d:/atmel7/7.0/toolchain/avr32/avr32-gnu-toolchain/bin/../lib/gcc/avr32/4.4.7/ucr2\libgcc.a(_udivdi3.o)
 .debug_info    0x0000e953      0x989 d:/atmel7/7.0/toolchain/avr32/avr32-gnu-toolchain/bin/../lib/gcc/avr32/4.4.7/../../../../avr32/lib/ucr2\libc.a(lib_a-sprintf.o)
 .debug_info    0x0000f2dc     0x15e8 d:/atmel7/7.0/toolchain/avr32/avr32-gnu-toolchain/bin/../lib/gcc/avr32/4.4.7/../../../../avr32/lib/ucr2\libc.a(lib_a-vfprintf.o)
 .debug_info    0x000108c4      0x982 d:/atmel7/7.0/toolchain/avr32/avr32-gnu-toolchain/bin/../lib/gcc/avr32/4.4.7/../../../../avr32/lib/ucr2\libc.a(lib_a-wsetup.o)
 .debug_info    0x00011246      0xcf7 d:/atmel7/7.0/toolchain/avr32/avr32-gnu-toolchain/bin/../lib/gcc/avr32/4.4.7/../../../../avr32/lib/ucr2\libc.a(lib_a-dtoa.o)
 .debug_info    0x00011f3d      0xa22 d:/atmel7/7.0/toolchain/avr32/avr32-gnu-toolchain/bin/../lib/gcc/avr32/4.4.7/../../../../avr32/lib/ucr2\libc.a(lib_a-fflush.o)
 .debug_info    0x0001295f      0xc2a d:/atmel7/7.0/toolchain/avr32/avr32-gnu-toolchain/bin/../lib/gcc/avr32/4.4.7/../../../../avr32/lib/ucr2\libc.a(lib_a-findfp.o)
 .debug_info    0x00013589      0xb3d d:/atmel7/7.0/toolchain/avr32/avr32-gnu-toolchain/bin/../lib/gcc/avr32/4.4.7/../../../../avr32/lib/ucr2\libc.a(lib_a-freer.o)
 .debug_info    0x000140c6      0x9fc d:/atmel7/7.0/toolchain/avr32/avr32-gnu-toolchain/bin/../lib/gcc/avr32/4.4.7/../../../../avr32/lib/ucr2\libc.a(lib_a-fvwrite.o)
 .debug_info    0x00014ac2      0xa61 d:/atmel7/7.0/toolchain/avr32/avr32-gnu-toolchain/bin/../lib/gcc/avr32/4.4.7/../../../../avr32/lib/ucr2\libc.a(lib_a-fwalk.o)
 .debug_info    0x00015523      0x960 d:/atmel7/7.0/toolchain/avr32/avr32-gnu-toolchain/bin/../lib/gcc/avr32/4.4.7/../../../../avr32/lib/ucr2\libc.a(lib_a-impure.o)
 .debug_info    0x00015e83      0xb24 d:/atmel7/7.0/toolchain/avr32/avr32-gnu-toolchain/bin/../lib/gcc/avr32/4.4.7/../../../../avr32/lib/ucr2\libc.a(lib_a-locale.o)
 .debug_info    0x000169a7      0xa96 d:/atmel7/7.0/toolchain/avr32/avr32-gnu-toolchain/bin/../lib/gcc/avr32/4.4.7/../../../../avr32/lib/ucr2\libc.a(lib_a-makebuf.o)
 .debug_info    0x0001743d      0x8ea d:/atmel7/7.0/toolchain/avr32/avr32-gnu-toolchain/bin/../lib/gcc/avr32/4.4.7/../../../../avr32/lib/ucr2\libc.a(lib_a-malloc.o)
 .debug_info    0x00017d27      0xc4e d:/atmel7/7.0/toolchain/avr32/avr32-gnu-toolchain/bin/../lib/gcc/avr32/4.4.7/../../../../avr32/lib/ucr2\libc.a(lib_a-mallocr.o)
 .debug_info    0x00018975       0xe7 d:/atmel7/7.0/toolchain/avr32/avr32-gnu-toolchain/bin/../lib/gcc/avr32/4.4.7/../../../../avr32/lib/ucr2\libc.a(lib_a-memchr.o)
 .debug_info    0x00018a5c      0x102 d:/atmel7/7.0/toolchain/avr32/avr32-gnu-toolchain/bin/../lib/gcc/avr32/4.4.7/../../../../avr32/lib/ucr2\libc.a(lib_a-memmove.o)
 .debug_info    0x00018b5e       0xcd d:/atmel7/7.0/toolchain/avr32/avr32-gnu-toolchain/bin/../lib/gcc/avr32/4.4.7/../../../../avr32/lib/ucr2\libc.a(lib_a-memset.o)
 .debug_info    0x00018c2b      0x8cf d:/atmel7/7.0/toolchain/avr32/avr32-gnu-toolchain/bin/../lib/gcc/avr32/4.4.7/../../../../avr32/lib/ucr2\libc.a(lib_a-mlock.o)
 .debug_info    0x000194fa     0x149a d:/atmel7/7.0/toolchain/avr32/avr32-gnu-toolchain/bin/../lib/gcc/avr32/4.4.7/../../../../avr32/lib/ucr2\libc.a(lib_a-mprec.o)
 .debug_info    0x0001a994      0xb17 d:/atmel7/7.0/toolchain/avr32/avr32-gnu-toolchain/bin/../lib/gcc/avr32/4.4.7/../../../../avr32/lib/ucr2\libc.a(lib_a-reallocr.o)
 .debug_info    0x0001b4ab      0x14d d:/atmel7/7.0/toolchain/avr32/avr32-gnu-toolchain/bin/../lib/gcc/avr32/4.4.7/../../../../avr32/lib/ucr2\libc.a(lib_a-s_isinfd.o)
 .debug_info    0x0001b5f8      0x14c d:/atmel7/7.0/toolchain/avr32/avr32-gnu-toolchain/bin/../lib/gcc/avr32/4.4.7/../../../../avr32/lib/ucr2\libc.a(lib_a-s_isnand.o)
 .debug_info    0x0001b744      0x8de d:/atmel7/7.0/toolchain/avr32/avr32-gnu-toolchain/bin/../lib/gcc/avr32/4.4.7/../../../../avr32/lib/ucr2\libc.a(lib_a-sbrkr.o)
 .debug_info    0x0001c022      0xa28 d:/atmel7/7.0/toolchain/avr32/avr32-gnu-toolchain/bin/../lib/gcc/avr32/4.4.7/../../../../avr32/lib/ucr2\libc.a(lib_a-stdio.o)
 .debug_info    0x0001ca4a       0xbe d:/atmel7/7.0/toolchain/avr32/avr32-gnu-toolchain/bin/../lib/gcc/avr32/4.4.7/../../../../avr32/lib/ucr2\libc.a(lib_a-strlen.o)
 .debug_info    0x0001cb08      0x93a d:/atmel7/7.0/toolchain/avr32/avr32-gnu-toolchain/bin/../lib/gcc/avr32/4.4.7/../../../../avr32/lib/ucr2\libc.a(lib_a-syscalls.o)
 .debug_info    0x0001d442      0x90d d:/atmel7/7.0/toolchain/avr32/avr32-gnu-toolchain/bin/../lib/gcc/avr32/4.4.7/../../../../avr32/lib/ucr2\libc.a(lib_a-writer.o)
 .debug_info    0x0001dd4f      0x997 d:/atmel7/7.0/toolchain/avr32/avr32-gnu-toolchain/bin/../lib/gcc/avr32/4.4.7/../../../../avr32/lib/ucr2\libc.a(lib_a-callocr.o)
 .debug_info    0x0001e6e6      0x8d2 d:/atmel7/7.0/toolchain/avr32/avr32-gnu-toolchain/bin/../lib/gcc/avr32/4.4.7/../../../../avr32/lib/ucr2\libc.a(lib_a-closer.o)
 .debug_info    0x0001efb8      0x8a6 d:/atmel7/7.0/toolchain/avr32/avr32-gnu-toolchain/bin/../lib/gcc/avr32/4.4.7/../../../../avr32/lib/ucr2\libc.a(lib_a-errno.o)
 .debug_info    0x0001f85e      0x9bc d:/atmel7/7.0/toolchain/avr32/avr32-gnu-toolchain/bin/../lib/gcc/avr32/4.4.7/../../../../avr32/lib/ucr2\libc.a(lib_a-fclose.o)
 .debug_info    0x0002021a      0xa76 d:/atmel7/7.0/toolchain/avr32/avr32-gnu-toolchain/bin/../lib/gcc/avr32/4.4.7/../../../../avr32/lib/ucr2\libc.a(lib_a-fstatr.o)
 .debug_info    0x00020c90      0x8fb d:/atmel7/7.0/toolchain/avr32/avr32-gnu-toolchain/bin/../lib/gcc/avr32/4.4.7/../../../../avr32/lib/ucr2\libc.a(lib_a-lseekr.o)
 .debug_info    0x0002158b      0x906 d:/atmel7/7.0/toolchain/avr32/avr32-gnu-toolchain/bin/../lib/gcc/avr32/4.4.7/../../../../avr32/lib/ucr2\libc.a(lib_a-readr.o)
 .debug_info    0x00021e91      0x973 d:/atmel7/7.0/toolchain/avr32/avr32-gnu-toolchain/bin/../lib/gcc/avr32/4.4.7/../../../../avr32/lib/ucr2\libc.a(lib_a-reent.o)
 .debug_info    0x00022804      0x52b d:/atmel7/7.0/toolchain/avr32/avr32-gnu-toolchain/bin/../lib/gcc/avr32/4.4.7/ucr2\libgcc.a(_umoddi3.o)

.debug_abbrev   0x00000000     0x5471
 *(.debug_abbrev)
 .debug_abbrev  0x00000000      0x21a src/ASF/avr32/drivers/eic/eic.o
 .debug_abbrev  0x0000021a      0x31e src/ASF/avr32/drivers/usart/usart.o
 .debug_abbrev  0x00000538       0x54 src/brujula.o
 .debug_abbrev  0x0000058c       0x54 src/telefono1.o
 .debug_abbrev  0x000005e0       0x54 src/whatsapp_image.o
 .debug_abbrev  0x00000634      0x25c src/ASF/avr32/drivers/tc/tc.o
 .debug_abbrev  0x00000890      0x325 src/ASF/avr32/components/display/et024006dhu/et024006dhu.o
 .debug_abbrev  0x00000bb5      0x1e1 src/ASF/avr32/drivers/ebi/smc/smc.o
 .debug_abbrev  0x00000d96      0x28b src/ASF/avr32/drivers/gpio/gpio.o
 .debug_abbrev  0x00001021       0x14 src/ASF/avr32/drivers/intc/exception.o
 .debug_abbrev  0x00001035      0x1d4 src/ASF/avr32/drivers/intc/intc.o
 .debug_abbrev  0x00001209      0x2d1 src/ASF/avr32/drivers/pm/pm.o
 .debug_abbrev  0x000014da      0x19d src/ASF/avr32/drivers/pwm/pwm.o
 .debug_abbrev  0x00001677       0x12 src/ASF/avr32/utils/startup/startup_uc3.o
 .debug_abbrev  0x00001689       0x14 src/ASF/avr32/utils/startup/trampoline_uc3.o
 .debug_abbrev  0x0000169d      0x317 src/et024006dhu_example.o
 .debug_abbrev  0x000019b4      0x15a d:/atmel7/7.0/toolchain/avr32/avr32-gnu-toolchain/bin/../lib/gcc/avr32/4.4.7/ucr2\libgcc.a(_udivdi3.o)
 .debug_abbrev  0x00001b0e      0x1a4 d:/atmel7/7.0/toolchain/avr32/avr32-gnu-toolchain/bin/../lib/gcc/avr32/4.4.7/../../../../avr32/lib/ucr2\libc.a(lib_a-sprintf.o)
 .debug_abbrev  0x00001cb2      0x3dd d:/atmel7/7.0/toolchain/avr32/avr32-gnu-toolchain/bin/../lib/gcc/avr32/4.4.7/../../../../avr32/lib/ucr2\libc.a(lib_a-vfprintf.o)
 .debug_abbrev  0x0000208f      0x16a d:/atmel7/7.0/toolchain/avr32/avr32-gnu-toolchain/bin/../lib/gcc/avr32/4.4.7/../../../../avr32/lib/ucr2\libc.a(lib_a-wsetup.o)
 .debug_abbrev  0x000021f9      0x251 d:/atmel7/7.0/toolchain/avr32/avr32-gnu-toolchain/bin/../lib/gcc/avr32/4.4.7/../../../../avr32/lib/ucr2\libc.a(lib_a-dtoa.o)
 .debug_abbrev  0x0000244a      0x1c6 d:/atmel7/7.0/toolchain/avr32/avr32-gnu-toolchain/bin/../lib/gcc/avr32/4.4.7/../../../../avr32/lib/ucr2\libc.a(lib_a-fflush.o)
 .debug_abbrev  0x00002610      0x28c d:/atmel7/7.0/toolchain/avr32/avr32-gnu-toolchain/bin/../lib/gcc/avr32/4.4.7/../../../../avr32/lib/ucr2\libc.a(lib_a-findfp.o)
 .debug_abbrev  0x0000289c      0x1d9 d:/atmel7/7.0/toolchain/avr32/avr32-gnu-toolchain/bin/../lib/gcc/avr32/4.4.7/../../../../avr32/lib/ucr2\libc.a(lib_a-freer.o)
 .debug_abbrev  0x00002a75      0x1b4 d:/atmel7/7.0/toolchain/avr32/avr32-gnu-toolchain/bin/../lib/gcc/avr32/4.4.7/../../../../avr32/lib/ucr2\libc.a(lib_a-fvwrite.o)
 .debug_abbrev  0x00002c29      0x1df d:/atmel7/7.0/toolchain/avr32/avr32-gnu-toolchain/bin/../lib/gcc/avr32/4.4.7/../../../../avr32/lib/ucr2\libc.a(lib_a-fwalk.o)
 .debug_abbrev  0x00002e08      0x160 d:/atmel7/7.0/toolchain/avr32/avr32-gnu-toolchain/bin/../lib/gcc/avr32/4.4.7/../../../../avr32/lib/ucr2\libc.a(lib_a-impure.o)
 .debug_abbrev  0x00002f68      0x210 d:/atmel7/7.0/toolchain/avr32/avr32-gnu-toolchain/bin/../lib/gcc/avr32/4.4.7/../../../../avr32/lib/ucr2\libc.a(lib_a-locale.o)
 .debug_abbrev  0x00003178      0x17b d:/atmel7/7.0/toolchain/avr32/avr32-gnu-toolchain/bin/../lib/gcc/avr32/4.4.7/../../../../avr32/lib/ucr2\libc.a(lib_a-makebuf.o)
 .debug_abbrev  0x000032f3      0x178 d:/atmel7/7.0/toolchain/avr32/avr32-gnu-toolchain/bin/../lib/gcc/avr32/4.4.7/../../../../avr32/lib/ucr2\libc.a(lib_a-malloc.o)
 .debug_abbrev  0x0000346b      0x205 d:/atmel7/7.0/toolchain/avr32/avr32-gnu-toolchain/bin/../lib/gcc/avr32/4.4.7/../../../../avr32/lib/ucr2\libc.a(lib_a-mallocr.o)
 .debug_abbrev  0x00003670       0xb1 d:/atmel7/7.0/toolchain/avr32/avr32-gnu-toolchain/bin/../lib/gcc/avr32/4.4.7/../../../../avr32/lib/ucr2\libc.a(lib_a-memchr.o)
 .debug_abbrev  0x00003721       0xa2 d:/atmel7/7.0/toolchain/avr32/avr32-gnu-toolchain/bin/../lib/gcc/avr32/4.4.7/../../../../avr32/lib/ucr2\libc.a(lib_a-memmove.o)
 .debug_abbrev  0x000037c3       0x85 d:/atmel7/7.0/toolchain/avr32/avr32-gnu-toolchain/bin/../lib/gcc/avr32/4.4.7/../../../../avr32/lib/ucr2\libc.a(lib_a-memset.o)
 .debug_abbrev  0x00003848      0x15b d:/atmel7/7.0/toolchain/avr32/avr32-gnu-toolchain/bin/../lib/gcc/avr32/4.4.7/../../../../avr32/lib/ucr2\libc.a(lib_a-mlock.o)
 .debug_abbrev  0x000039a3      0x30e d:/atmel7/7.0/toolchain/avr32/avr32-gnu-toolchain/bin/../lib/gcc/avr32/4.4.7/../../../../avr32/lib/ucr2\libc.a(lib_a-mprec.o)
 .debug_abbrev  0x00003cb1      0x1c1 d:/atmel7/7.0/toolchain/avr32/avr32-gnu-toolchain/bin/../lib/gcc/avr32/4.4.7/../../../../avr32/lib/ucr2\libc.a(lib_a-reallocr.o)
 .debug_abbrev  0x00003e72       0xdd d:/atmel7/7.0/toolchain/avr32/avr32-gnu-toolchain/bin/../lib/gcc/avr32/4.4.7/../../../../avr32/lib/ucr2\libc.a(lib_a-s_isinfd.o)
 .debug_abbrev  0x00003f4f       0xce d:/atmel7/7.0/toolchain/avr32/avr32-gnu-toolchain/bin/../lib/gcc/avr32/4.4.7/../../../../avr32/lib/ucr2\libc.a(lib_a-s_isnand.o)
 .debug_abbrev  0x0000401d      0x17f d:/atmel7/7.0/toolchain/avr32/avr32-gnu-toolchain/bin/../lib/gcc/avr32/4.4.7/../../../../avr32/lib/ucr2\libc.a(lib_a-sbrkr.o)
 .debug_abbrev  0x0000419c      0x192 d:/atmel7/7.0/toolchain/avr32/avr32-gnu-toolchain/bin/../lib/gcc/avr32/4.4.7/../../../../avr32/lib/ucr2\libc.a(lib_a-stdio.o)
 .debug_abbrev  0x0000432e       0x83 d:/atmel7/7.0/toolchain/avr32/avr32-gnu-toolchain/bin/../lib/gcc/avr32/4.4.7/../../../../avr32/lib/ucr2\libc.a(lib_a-strlen.o)
 .debug_abbrev  0x000043b1      0x19a d:/atmel7/7.0/toolchain/avr32/avr32-gnu-toolchain/bin/../lib/gcc/avr32/4.4.7/../../../../avr32/lib/ucr2\libc.a(lib_a-syscalls.o)
 .debug_abbrev  0x0000454b      0x175 d:/atmel7/7.0/toolchain/avr32/avr32-gnu-toolchain/bin/../lib/gcc/avr32/4.4.7/../../../../avr32/lib/ucr2\libc.a(lib_a-writer.o)
 .debug_abbrev  0x000046c0      0x193 d:/atmel7/7.0/toolchain/avr32/avr32-gnu-toolchain/bin/../lib/gcc/avr32/4.4.7/../../../../avr32/lib/ucr2\libc.a(lib_a-callocr.o)
 .debug_abbrev  0x00004853      0x170 d:/atmel7/7.0/toolchain/avr32/avr32-gnu-toolchain/bin/../lib/gcc/avr32/4.4.7/../../../../avr32/lib/ucr2\libc.a(lib_a-closer.o)
 .debug_abbrev  0x000049c3      0x150 d:/atmel7/7.0/toolchain/avr32/avr32-gnu-toolchain/bin/../lib/gcc/avr32/4.4.7/../../../../avr32/lib/ucr2\libc.a(lib_a-errno.o)
 .debug_abbrev  0x00004b13      0x1a1 d:/atmel7/7.0/toolchain/avr32/avr32-gnu-toolchain/bin/../lib/gcc/avr32/4.4.7/../../../../avr32/lib/ucr2\libc.a(lib_a-fclose.o)
 .debug_abbrev  0x00004cb4      0x17f d:/atmel7/7.0/toolchain/avr32/avr32-gnu-toolchain/bin/../lib/gcc/avr32/4.4.7/../../../../avr32/lib/ucr2\libc.a(lib_a-fstatr.o)
 .debug_abbrev  0x00004e33      0x17f d:/atmel7/7.0/toolchain/avr32/avr32-gnu-toolchain/bin/../lib/gcc/avr32/4.4.7/../../../../avr32/lib/ucr2\libc.a(lib_a-lseekr.o)
 .debug_abbrev  0x00004fb2      0x170 d:/atmel7/7.0/toolchain/avr32/avr32-gnu-toolchain/bin/../lib/gcc/avr32/4.4.7/../../../../avr32/lib/ucr2\libc.a(lib_a-readr.o)
 .debug_abbrev  0x00005122      0x1e6 d:/atmel7/7.0/toolchain/avr32/avr32-gnu-toolchain/bin/../lib/gcc/avr32/4.4.7/../../../../avr32/lib/ucr2\libc.a(lib_a-reent.o)
 .debug_abbrev  0x00005308      0x169 d:/atmel7/7.0/toolchain/avr32/avr32-gnu-toolchain/bin/../lib/gcc/avr32/4.4.7/ucr2\libgcc.a(_umoddi3.o)

.debug_line     0x00000000     0xd986
 *(.debug_line)
 .debug_line    0x00000000      0x77d src/ASF/avr32/drivers/eic/eic.o
 .debug_line    0x0000077d      0x897 src/ASF/avr32/drivers/usart/usart.o
 .debug_line    0x00001014       0x31 src/brujula.o
 .debug_line    0x00001045       0x33 src/telefono1.o
 .debug_line    0x00001078       0x38 src/whatsapp_image.o
 .debug_line    0x000010b0      0x737 src/ASF/avr32/drivers/tc/tc.o
 .debug_line    0x000017e7      0xcda src/ASF/avr32/components/display/et024006dhu/et024006dhu.o
 .debug_line    0x000024c1      0x6db src/ASF/avr32/drivers/ebi/smc/smc.o
 .debug_line    0x00002b9c      0x845 src/ASF/avr32/drivers/gpio/gpio.o
 .debug_line    0x000033e1      0x109 src/ASF/avr32/drivers/intc/exception.o
 .debug_line    0x000034ea      0x613 src/ASF/avr32/drivers/intc/intc.o
 .debug_line    0x00003afd      0x948 src/ASF/avr32/drivers/pm/pm.o
 .debug_line    0x00004445      0x644 src/ASF/avr32/drivers/pwm/pwm.o
 .debug_line    0x00004a89       0xf1 src/ASF/avr32/utils/startup/startup_uc3.o
 .debug_line    0x00004b7a       0x66 src/ASF/avr32/utils/startup/trampoline_uc3.o
 .debug_line    0x00004be0      0xb0c src/et024006dhu_example.o
 .debug_line    0x000056ec      0x1d5 d:/atmel7/7.0/toolchain/avr32/avr32-gnu-toolchain/bin/../lib/gcc/avr32/4.4.7/ucr2\libgcc.a(_udivdi3.o)
 .debug_line    0x000058c1      0x2ba d:/atmel7/7.0/toolchain/avr32/avr32-gnu-toolchain/bin/../lib/gcc/avr32/4.4.7/../../../../avr32/lib/ucr2\libc.a(lib_a-sprintf.o)
 .debug_line    0x00005b7b      0xce5 d:/atmel7/7.0/toolchain/avr32/avr32-gnu-toolchain/bin/../lib/gcc/avr32/4.4.7/../../../../avr32/lib/ucr2\libc.a(lib_a-vfprintf.o)
 .debug_line    0x00006860      0x2a1 d:/atmel7/7.0/toolchain/avr32/avr32-gnu-toolchain/bin/../lib/gcc/avr32/4.4.7/../../../../avr32/lib/ucr2\libc.a(lib_a-wsetup.o)
 .debug_line    0x00006b01      0xc1b d:/atmel7/7.0/toolchain/avr32/avr32-gnu-toolchain/bin/../lib/gcc/avr32/4.4.7/../../../../avr32/lib/ucr2\libc.a(lib_a-dtoa.o)
 .debug_line    0x0000771c      0x355 d:/atmel7/7.0/toolchain/avr32/avr32-gnu-toolchain/bin/../lib/gcc/avr32/4.4.7/../../../../avr32/lib/ucr2\libc.a(lib_a-fflush.o)
 .debug_line    0x00007a71      0x5ad d:/atmel7/7.0/toolchain/avr32/avr32-gnu-toolchain/bin/../lib/gcc/avr32/4.4.7/../../../../avr32/lib/ucr2\libc.a(lib_a-findfp.o)
 .debug_line    0x0000801e      0x34c d:/atmel7/7.0/toolchain/avr32/avr32-gnu-toolchain/bin/../lib/gcc/avr32/4.4.7/../../../../avr32/lib/ucr2\libc.a(lib_a-freer.o)
 .debug_line    0x0000836a      0x489 d:/atmel7/7.0/toolchain/avr32/avr32-gnu-toolchain/bin/../lib/gcc/avr32/4.4.7/../../../../avr32/lib/ucr2\libc.a(lib_a-fvwrite.o)
 .debug_line    0x000087f3      0x2fa d:/atmel7/7.0/toolchain/avr32/avr32-gnu-toolchain/bin/../lib/gcc/avr32/4.4.7/../../../../avr32/lib/ucr2\libc.a(lib_a-fwalk.o)
 .debug_line    0x00008aed      0x1a8 d:/atmel7/7.0/toolchain/avr32/avr32-gnu-toolchain/bin/../lib/gcc/avr32/4.4.7/../../../../avr32/lib/ucr2\libc.a(lib_a-impure.o)
 .debug_line    0x00008c95      0x2bf d:/atmel7/7.0/toolchain/avr32/avr32-gnu-toolchain/bin/../lib/gcc/avr32/4.4.7/../../../../avr32/lib/ucr2\libc.a(lib_a-locale.o)
 .debug_line    0x00008f54      0x30b d:/atmel7/7.0/toolchain/avr32/avr32-gnu-toolchain/bin/../lib/gcc/avr32/4.4.7/../../../../avr32/lib/ucr2\libc.a(lib_a-makebuf.o)
 .debug_line    0x0000925f      0x255 d:/atmel7/7.0/toolchain/avr32/avr32-gnu-toolchain/bin/../lib/gcc/avr32/4.4.7/../../../../avr32/lib/ucr2\libc.a(lib_a-malloc.o)
 .debug_line    0x000094b4      0x571 d:/atmel7/7.0/toolchain/avr32/avr32-gnu-toolchain/bin/../lib/gcc/avr32/4.4.7/../../../../avr32/lib/ucr2\libc.a(lib_a-mallocr.o)
 .debug_line    0x00009a25      0x1bf d:/atmel7/7.0/toolchain/avr32/avr32-gnu-toolchain/bin/../lib/gcc/avr32/4.4.7/../../../../avr32/lib/ucr2\libc.a(lib_a-memchr.o)
 .debug_line    0x00009be4      0x1d2 d:/atmel7/7.0/toolchain/avr32/avr32-gnu-toolchain/bin/../lib/gcc/avr32/4.4.7/../../../../avr32/lib/ucr2\libc.a(lib_a-memmove.o)
 .debug_line    0x00009db6      0x1be d:/atmel7/7.0/toolchain/avr32/avr32-gnu-toolchain/bin/../lib/gcc/avr32/4.4.7/../../../../avr32/lib/ucr2\libc.a(lib_a-memset.o)
 .debug_line    0x00009f74      0x1d4 d:/atmel7/7.0/toolchain/avr32/avr32-gnu-toolchain/bin/../lib/gcc/avr32/4.4.7/../../../../avr32/lib/ucr2\libc.a(lib_a-mlock.o)
 .debug_line    0x0000a148      0xd69 d:/atmel7/7.0/toolchain/avr32/avr32-gnu-toolchain/bin/../lib/gcc/avr32/4.4.7/../../../../avr32/lib/ucr2\libc.a(lib_a-mprec.o)
 .debug_line    0x0000aeb1      0x389 d:/atmel7/7.0/toolchain/avr32/avr32-gnu-toolchain/bin/../lib/gcc/avr32/4.4.7/../../../../avr32/lib/ucr2\libc.a(lib_a-reallocr.o)
 .debug_line    0x0000b23a      0x1bc d:/atmel7/7.0/toolchain/avr32/avr32-gnu-toolchain/bin/../lib/gcc/avr32/4.4.7/../../../../avr32/lib/ucr2\libc.a(lib_a-s_isinfd.o)
 .debug_line    0x0000b3f6      0x1b1 d:/atmel7/7.0/toolchain/avr32/avr32-gnu-toolchain/bin/../lib/gcc/avr32/4.4.7/../../../../avr32/lib/ucr2\libc.a(lib_a-s_isnand.o)
 .debug_line    0x0000b5a7      0x258 d:/atmel7/7.0/toolchain/avr32/avr32-gnu-toolchain/bin/../lib/gcc/avr32/4.4.7/../../../../avr32/lib/ucr2\libc.a(lib_a-sbrkr.o)
 .debug_line    0x0000b7ff      0x303 d:/atmel7/7.0/toolchain/avr32/avr32-gnu-toolchain/bin/../lib/gcc/avr32/4.4.7/../../../../avr32/lib/ucr2\libc.a(lib_a-stdio.o)
 .debug_line    0x0000bb02      0x1c4 d:/atmel7/7.0/toolchain/avr32/avr32-gnu-toolchain/bin/../lib/gcc/avr32/4.4.7/../../../../avr32/lib/ucr2\libc.a(lib_a-strlen.o)
 .debug_line    0x0000bcc6      0x58e d:/atmel7/7.0/toolchain/avr32/avr32-gnu-toolchain/bin/../lib/gcc/avr32/4.4.7/../../../../avr32/lib/ucr2\libc.a(lib_a-syscalls.o)